Archive member included because of file (symbol)

contiki-z1.a(contiki-z1-plat)
                              obj_z1/contiki-z1-main.o (init_platform)
contiki-z1.a(msp430.o)        obj_z1/contiki-z1-main.o (splhigh_)
contiki-z1.a(leds.o)          obj_z1/contiki-z1-main.o (leds_init)
contiki-z1.a(watchdog.o)      obj_z1/contiki-z1-main.o (watchdog_start)
contiki-z1.a(xmem.o)          obj_z1/contiki-z1-main.o (xmem_init)
contiki-z1.a(spi.o)           contiki-z1.a(xmem.o) (spi_init)
contiki-z1.a(cc2420.o)        obj_z1/contiki-z1-main.o (cc2420_set_pan_addr)
contiki-z1.a(cc2420-arch.o)   contiki-z1.a(cc2420.o) (cc2420_arch_init)
contiki-z1.a(node-id.o)       obj_z1/contiki-z1-main.o (node_id_restore)
contiki-z1.a(sensors.o)       contiki-z1.a(contiki-z1-plat) (sensors_process)
contiki-z1.a(button-sensor.o)
                              obj_z1/contiki-z1-main.o (button_sensor)
contiki-z1.a(uart0.o)         obj_z1/contiki-z1-main.o (uart0_active)
contiki-z1.a(uart0-putchar.o)
                              obj_z1/contiki-z1-main.o (putchar)
contiki-z1.a(adxl345.o)       obj_z1/contiki-z1-main.o (accm_init)
contiki-z1.a(clock.o)         obj_z1/contiki-z1-main.o (clock_init)
contiki-z1.a(leds-arch.o)     contiki-z1.a(leds.o) (leds_arch_init)
contiki-z1.a(rtimer-arch.o)   obj_z1/contiki-z1-main.o (rtimer_arch_now)
contiki-z1.a(autostart.o)     obj_z1/contiki-z1-main.o (autostart_start)
contiki-z1.a(ctimer.o)        obj_z1/contiki-z1-main.o (ctimer_init)
contiki-z1.a(energest.o)      obj_z1/contiki-z1-main.o (energest_init)
contiki-z1.a(etimer.o)        contiki-z1.a(clock.o) (etimer_request_poll)
contiki-z1.a(process.o)       contiki-z1.a(ctimer.o) (process_current)
contiki-z1.a(rtimer.o)        obj_z1/contiki-z1-main.o (rtimer_init)
contiki-z1.a(timer.o)         contiki-z1.a(button-sensor.o) (timer_set)
contiki-z1.a(serial-line.o)   obj_z1/contiki-z1-main.o (serial_line_input_byte)
contiki-z1.a(list.o)          contiki-z1.a(ctimer.o) (list_init)
contiki-z1.a(ringbuf.o)       contiki-z1.a(serial-line.o) (ringbuf_init)
contiki-z1.a(broadcast.o)     base_station.co (broadcast_open)
contiki-z1.a(channel.o)       contiki-z1.a(broadcast.o) (channel_set_attributes)
contiki-z1.a(rime.o)          obj_z1/contiki-z1-main.o (rime_driver)
contiki-z1.a(linkaddr.o)      obj_z1/contiki-z1-main.o (linkaddr_copy)
contiki-z1.a(packetbuf.o)     contiki-z1.a(rime.o) (packetbuf_compact)
contiki-z1.a(queuebuf.o)      contiki-z1.a(rime.o) (queuebuf_init)
contiki-z1.a(csma.o)          obj_z1/contiki-z1-main.o (csma_driver)
contiki-z1.a(mac.o)           contiki-z1.a(csma.o) (mac_call_sent_callback)
contiki-z1.a(contikimac.o)    obj_z1/contiki-z1-main.o (contikimac_driver)
contiki-z1.a(contikimac-fram)
                              contiki-z1.a(contikimac.o) (contikimac_framer)
contiki-z1.a(nullsec.o)       contiki-z1.a(rime.o) (nullsec_driver)
contiki-z1.a(i2cmaster.o)     contiki-z1.a(adxl345.o) (i2c_receiveinit)
contiki-z1.a(compower.o)      contiki-z1.a(contikimac.o) (compower_accumulate)
contiki-z1.a(memb.o)          contiki-z1.a(queuebuf.o) (memb_init)
contiki-z1.a(random.o)        contiki-z1.a(csma.o) (random_rand)
contiki-z1.a(abc.o)           contiki-z1.a(broadcast.o) (abc_open)
contiki-z1.a(announcement.o)  contiki-z1.a(rime.o) (announcement_init)
contiki-z1.a(broadcast-annou)
                              contiki-z1.a(rime.o) (broadcast_announcement_init)
contiki-z1.a(chameleon.o)     contiki-z1.a(rime.o) (chameleon_init)
contiki-z1.a(framer-802154.o)
                              contiki-z1.a(contikimac-fram) (framer_802154)
contiki-z1.a(framer.o)        contiki-z1.a(framer-802154.o) (framer_canonical_create_and_secure)
contiki-z1.a(mac-sequence.o)  contiki-z1.a(contikimac.o) (mac_sequence_is_duplicate)
contiki-z1.a(chameleon-bitop)
                              contiki-z1.a(chameleon.o) (chameleon_bitopt)
contiki-z1.a(frame802154.o)   contiki-z1.a(framer-802154.o) (frame802154_hdrlen)
/usr/lib/gcc/msp430/4.6.3/mcpu-430x/mmpy-16/libgcc.a(_mulsi3.o)
                              contiki-z1.a(csma.o) (__mulsi3)
/usr/lib/gcc/msp430/4.6.3/mcpu-430x/mmpy-16/libgcc.a(_udivmod32.o)
                              obj_z1/contiki-z1-main.o (__udivsi3)
/usr/lib/gcc/msp430/4.6.3/../../../../msp430/lib/mcpu-430x/mmpy-16/libc.a(strncmp.o)
                              contiki-z1.a(sensors.o) (strncmp)
/usr/lib/gcc/msp430/4.6.3/../../../../msp430/lib/mcpu-430x/mmpy-16/libc.a(memcmp.o)
                              contiki-z1.a(linkaddr.o) (memcmp)
/usr/lib/gcc/msp430/4.6.3/../../../../msp430/lib/mcpu-430x/mmpy-16/libc.a(memcpy.o)
                              contiki-z1.a(node-id.o) (memcpy)
/usr/lib/gcc/msp430/4.6.3/../../../../msp430/lib/mcpu-430x/mmpy-16/libc.a(memset.o)
                              obj_z1/contiki-z1-main.o (memset)
/usr/lib/gcc/msp430/4.6.3/../../../../msp430/lib/mcpu-430x/mmpy-16/libc.a(printf.o)
                              base_station.co (printf)
/usr/lib/gcc/msp430/4.6.3/../../../../msp430/lib/mcpu-430x/mmpy-16/libc.a(vuprintf.o)
                              /usr/lib/gcc/msp430/4.6.3/../../../../msp430/lib/mcpu-430x/mmpy-16/libc.a(printf.o) (vuprintf)
/usr/lib/gcc/msp430/4.6.3/../../../../msp430/lib/mcpu-430x/mmpy-16/libc.a(puts.o)
                              base_station.co (puts)
/usr/lib/gcc/msp430/4.6.3/../../../../msp430/lib/mcpu-430x/mmpy-16/libc.a(rand.o)
                              contiki-z1.a(random.o) (rand)
/usr/lib/gcc/msp430/4.6.3/mcpu-430x/mmpy-16/libgcc.a(_udivmod16.o)
                              /usr/lib/gcc/msp430/4.6.3/../../../../msp430/lib/mcpu-430x/mmpy-16/libc.a(vuprintf.o) (__udivhi3)
/usr/lib/gcc/msp430/4.6.3/mcpu-430x/mmpy-16/libgcc.a(_udivmod64.o)
                              /usr/lib/gcc/msp430/4.6.3/../../../../msp430/lib/mcpu-430x/mmpy-16/libc.a(vuprintf.o) (__udivdi3)
/usr/lib/gcc/msp430/4.6.3/mcpu-430x/mmpy-16/libcrt0.a(_reset_vector__.o)
                              /usr/lib/gcc/msp430/4.6.3/mcpu-430x/mmpy-16/crt0ivtbl32.o (_reset_vector__)
/usr/lib/gcc/msp430/4.6.3/mcpu-430x/mmpy-16/libcrt0.a(__watchdog_support.o)
                              /usr/lib/gcc/msp430/4.6.3/mcpu-430x/mmpy-16/libcrt0.a(_reset_vector__.o) (__watchdog_support)
/usr/lib/gcc/msp430/4.6.3/mcpu-430x/mmpy-16/libcrt0.a(__init_stack.o)
                              /usr/lib/gcc/msp430/4.6.3/mcpu-430x/mmpy-16/libcrt0.a(_reset_vector__.o) (__init_stack)
/usr/lib/gcc/msp430/4.6.3/mcpu-430x/mmpy-16/libcrt0.a(__low_level_init.o)
                              /usr/lib/gcc/msp430/4.6.3/mcpu-430x/mmpy-16/libcrt0.a(_reset_vector__.o) (__low_level_init)
/usr/lib/gcc/msp430/4.6.3/mcpu-430x/mmpy-16/libcrt0.a(_copy_data.o)
                              /usr/lib/gcc/msp430/4.6.3/mcpu-430x/mmpy-16/libcrt0.a(_reset_vector__.o) (__do_copy_data)
/usr/lib/gcc/msp430/4.6.3/mcpu-430x/mmpy-16/libcrt0.a(_clear_bss.o)
                              /usr/lib/gcc/msp430/4.6.3/mcpu-430x/mmpy-16/libcrt0.a(_reset_vector__.o) (__do_clear_bss)
/usr/lib/gcc/msp430/4.6.3/mcpu-430x/mmpy-16/libcrt0.a(__stop_progExec__.o)
                              /usr/lib/gcc/msp430/4.6.3/mcpu-430x/mmpy-16/libcrt0.a(_reset_vector__.o) (__stop_progExec__)
/usr/lib/gcc/msp430/4.6.3/mcpu-430x/mmpy-16/libcrt0.a(_endless_loop__.o)
                              /usr/lib/gcc/msp430/4.6.3/mcpu-430x/mmpy-16/libcrt0.a(_reset_vector__.o) (_endless_loop__)
/usr/lib/gcc/msp430/4.6.3/mcpu-430x/mmpy-16/libcrt0.a(_unexpected_.o)
                              /usr/lib/gcc/msp430/4.6.3/mcpu-430x/mmpy-16/crt0ivtbl32.o (_unexpected_)

Allocating common symbols
Common symbol       size              file

compower_idle_activity
                    0x8               contiki-z1.a(compower.o)
energest_total_time
                    0x30              contiki-z1.a(energest.o)
cc2420_last_rssi    0x1               contiki-z1.a(cc2420.o)
accm_int2_cb        0x2               contiki-z1.a(adxl345.o)
energest_total_count
                    0x2               contiki-z1.a(energest.o)
cc2420_sfd_start_time
                    0x2               contiki-z1.a(cc2420.o)
cc2420_time_of_departure
                    0x2               contiki-z1.a(cc2420.o)
cc2420_time_of_arrival
                    0x2               contiki-z1.a(cc2420.o)
energest_current_mode
                    0xc               contiki-z1.a(energest.o)
packetbuf_addrs     0x8               contiki-z1.a(packetbuf.o)
process_maxevents   0x1               contiki-z1.a(process.o)
transmit_data1      0x1               contiki-z1.a(i2cmaster.o)
rx_byte_ctr         0x1               contiki-z1.a(i2cmaster.o)
int2_event          0x1               contiki-z1.a(adxl345.o)
tx_buf_ptr          0x2               contiki-z1.a(i2cmaster.o)
tx_byte_ctr         0x1               contiki-z1.a(i2cmaster.o)
cc2420_last_correlation
                    0x1               contiki-z1.a(cc2420.o)
linkaddr_node_addr  0x2               contiki-z1.a(linkaddr.o)
accm_int1_cb        0x2               contiki-z1.a(adxl345.o)
cc2420_authority_level_of_sender
                    0x2               contiki-z1.a(cc2420.o)
i                   0x2               contiki-z1.a(i2cmaster.o)
packetbuf_attrs     0x34              contiki-z1.a(packetbuf.o)
receive_data        0x1               contiki-z1.a(i2cmaster.o)
cc2420_sfd_counter  0x1               contiki-z1.a(cc2420.o)
rx_buf              0x2               contiki-z1.a(i2cmaster.o)
node_mac            0x8               contiki-z1.a(node-id.o)
transmit_data2      0x1               contiki-z1.a(i2cmaster.o)
energest_current_time
                    0x18              contiki-z1.a(energest.o)
rx_buf_ptr          0x2               contiki-z1.a(i2cmaster.o)
sensors_flags       0x2               obj_z1/contiki-z1-main.o
serial_line_event_message
                    0x1               contiki-z1.a(serial-line.o)
int1_event          0x1               contiki-z1.a(adxl345.o)
cc2420_sfd_end_time
                    0x2               contiki-z1.a(cc2420.o)
sensors_event       0x1               contiki-z1.a(sensors.o)

Memory Configuration

Name             Origin             Length             Attributes
sfr              0x00000000         0x00000010
peripheral_8bit  0x00000010         0x000000f0
peripheral_16bit 0x00000100         0x00000100
ram_mirror       0x00000200         0x00000800         xw
infomem          0x00001000         0x00000100
infod            0x00001000         0x00000040
infoc            0x00001040         0x00000040
infob            0x00001080         0x00000040
infoa            0x000010c0         0x00000040
ram              0x00001100         0x00002000         xw
rom              0x00003100         0x0000cebe         xr
vectors          0x0000ffc0         0x00000040
far_rom          0x00010000         0x0000a000
bsl              0x00000000         0x00000000
ram2             0x00000000         0x00000000         xw
usbram           0x00000000         0x00000000         xw
*default*        0x00000000         0xffffffff

Linker script and memory map

LOAD /usr/lib/gcc/msp430/4.6.3/mcpu-430x/mmpy-16/crt0ivtbl32.o
                0x00000041                __P1SEL2 = 0x41
                0x00000045                __P5SEL2 = 0x45
LOAD base_station.co
LOAD obj_z1/contiki-z1-main.o
LOAD contiki-z1.a
LOAD /usr/lib/gcc/msp430/4.6.3/mcpu-430x/mmpy-16/libgcc.a
LOAD /usr/lib/gcc/msp430/4.6.3/../../../../msp430/lib/mcpu-430x/mmpy-16/libc.a
LOAD /usr/lib/gcc/msp430/4.6.3/mcpu-430x/mmpy-16/libgcc.a
LOAD /usr/lib/gcc/msp430/4.6.3/mcpu-430x/mmpy-16/libcrt0.a
                0x00000040                PROVIDE (__info_segment_size, 0x40)
                0x00001000                PROVIDE (__infod, 0x1000)
                0x00001040                PROVIDE (__infoc, 0x1040)
                0x00001080                PROVIDE (__infob, 0x1080)
                0x000010c0                PROVIDE (__infoa, 0x10c0)
                0x00000000                __IE1 = 0x0
                0x00000002                __IFG1 = 0x2
                0x00000001                __IE2 = 0x1
                0x00000003                __IFG2 = 0x3
                0x00000006                __UC1IE = 0x6
                0x00000007                __UC1IFG = 0x7
                0x000001a0                __ADC12CTL0 = 0x1a0
                0x000001a2                __ADC12CTL1 = 0x1a2
                0x000001a4                __ADC12IFG = 0x1a4
                0x000001a6                __ADC12IE = 0x1a6
                0x000001a8                __ADC12IV = 0x1a8
                0x00000140                __ADC12MEM0 = 0x140
                0x00000142                __ADC12MEM1 = 0x142
                0x00000144                __ADC12MEM2 = 0x144
                0x00000146                __ADC12MEM3 = 0x146
                0x00000148                __ADC12MEM4 = 0x148
                0x0000014a                __ADC12MEM5 = 0x14a
                0x0000014c                __ADC12MEM6 = 0x14c
                0x0000014e                __ADC12MEM7 = 0x14e
                0x00000150                __ADC12MEM8 = 0x150
                0x00000152                __ADC12MEM9 = 0x152
                0x00000154                __ADC12MEM10 = 0x154
                0x00000156                __ADC12MEM11 = 0x156
                0x00000158                __ADC12MEM12 = 0x158
                0x0000015a                __ADC12MEM13 = 0x15a
                0x0000015c                __ADC12MEM14 = 0x15c
                0x0000015e                __ADC12MEM15 = 0x15e
                0x00000080                __ADC12MCTL0 = 0x80
                0x00000081                __ADC12MCTL1 = 0x81
                0x00000082                __ADC12MCTL2 = 0x82
                0x00000083                __ADC12MCTL3 = 0x83
                0x00000084                __ADC12MCTL4 = 0x84
                0x00000085                __ADC12MCTL5 = 0x85
                0x00000086                __ADC12MCTL6 = 0x86
                0x00000087                __ADC12MCTL7 = 0x87
                0x00000088                __ADC12MCTL8 = 0x88
                0x00000089                __ADC12MCTL9 = 0x89
                0x0000008a                __ADC12MCTL10 = 0x8a
                0x0000008b                __ADC12MCTL11 = 0x8b
                0x0000008c                __ADC12MCTL12 = 0x8c
                0x0000008d                __ADC12MCTL13 = 0x8d
                0x0000008e                __ADC12MCTL14 = 0x8e
                0x0000008f                __ADC12MCTL15 = 0x8f
                0x00000056                __DCOCTL = 0x56
                0x00000057                __BCSCTL1 = 0x57
                0x00000058                __BCSCTL2 = 0x58
                0x00000053                __BCSCTL3 = 0x53
                0x00000059                __CACTL1 = 0x59
                0x0000005a                __CACTL2 = 0x5a
                0x0000005b                __CAPD = 0x5b
                0x000001c0                __DAC12_0CTL = 0x1c0
                0x000001c2                __DAC12_1CTL = 0x1c2
                0x000001c8                __DAC12_0DAT = 0x1c8
                0x000001ca                __DAC12_1DAT = 0x1ca
                0x00000122                __DMACTL0 = 0x122
                0x00000124                __DMACTL1 = 0x124
                0x00000126                __DMAIV = 0x126
                0x000001d0                __DMA0CTL = 0x1d0
                0x000001dc                __DMA1CTL = 0x1dc
                0x000001e8                __DMA2CTL = 0x1e8
                0x000001d2                __DMA0SA = 0x1d2
                0x000001d2                __DMA0SAL = 0x1d2
                0x000001d6                __DMA0DA = 0x1d6
                0x000001d6                __DMA0DAL = 0x1d6
                0x000001da                __DMA0SZ = 0x1da
                0x000001de                __DMA1SA = 0x1de
                0x000001de                __DMA1SAL = 0x1de
                0x000001e2                __DMA1DA = 0x1e2
                0x000001e2                __DMA1DAL = 0x1e2
                0x000001e6                __DMA1SZ = 0x1e6
                0x000001ea                __DMA2SA = 0x1ea
                0x000001ea                __DMA2SAL = 0x1ea
                0x000001ee                __DMA2DA = 0x1ee
                0x000001ee                __DMA2DAL = 0x1ee
                0x000001f2                __DMA2SZ = 0x1f2
                0x00000128                __FCTL1 = 0x128
                0x0000012a                __FCTL2 = 0x12a
                0x0000012c                __FCTL3 = 0x12c
                0x000001be                __FCTL4 = 0x1be
                0x00000130                __MPY = 0x130
                0x00000132                __MPYS = 0x132
                0x00000134                __MAC = 0x134
                0x00000136                __MACS = 0x136
                0x00000138                __OP2 = 0x138
                0x0000013a                __RESLO = 0x13a
                0x0000013c                __RESHI = 0x13c
                0x0000013e                __SUMEXT = 0x13e
                0x00000020                __P1IN = 0x20
                0x00000021                __P1OUT = 0x21
                0x00000022                __P1DIR = 0x22
                0x00000023                __P1IFG = 0x23
                0x00000024                __P1IES = 0x24
                0x00000025                __P1IE = 0x25
                0x00000026                __P1SEL = 0x26
                0x00000027                __P1REN = 0x27
                0x00000028                __P2IN = 0x28
                0x00000029                __P2OUT = 0x29
                0x0000002a                __P2DIR = 0x2a
                0x0000002b                __P2IFG = 0x2b
                0x0000002c                __P2IES = 0x2c
                0x0000002d                __P2IE = 0x2d
                0x0000002e                __P2SEL = 0x2e
                0x0000002f                __P2REN = 0x2f
                0x00000018                __P3IN = 0x18
                0x00000019                __P3OUT = 0x19
                0x0000001a                __P3DIR = 0x1a
                0x0000001b                __P3SEL = 0x1b
                0x00000010                __P3REN = 0x10
                0x0000001c                __P4IN = 0x1c
                0x0000001d                __P4OUT = 0x1d
                0x0000001e                __P4DIR = 0x1e
                0x0000001f                __P4SEL = 0x1f
                0x00000011                __P4REN = 0x11
                0x00000030                __P5IN = 0x30
                0x00000031                __P5OUT = 0x31
                0x00000032                __P5DIR = 0x32
                0x00000033                __P5SEL = 0x33
                0x00000012                __P5REN = 0x12
                0x00000034                __P6IN = 0x34
                0x00000035                __P6OUT = 0x35
                0x00000036                __P6DIR = 0x36
                0x00000037                __P6SEL = 0x37
                0x00000013                __P6REN = 0x13
                0x00000038                __P7IN = 0x38
                0x0000003a                __P7OUT = 0x3a
                0x0000003c                __P7DIR = 0x3c
                0x0000003e                __P7SEL = 0x3e
                0x00000014                __P7REN = 0x14
                0x00000039                __P8IN = 0x39
                0x0000003b                __P8OUT = 0x3b
                0x0000003d                __P8DIR = 0x3d
                0x0000003f                __P8SEL = 0x3f
                0x00000015                __P8REN = 0x15
                0x00000038                __PAIN = 0x38
                0x0000003a                __PAOUT = 0x3a
                0x0000003c                __PADIR = 0x3c
                0x0000003e                __PASEL = 0x3e
                0x00000014                __PAREN = 0x14
                0x00000055                __SVSCTL = 0x55
                0x0000012e                __TAIV = 0x12e
                0x00000160                __TACTL = 0x160
                0x00000162                __TACCTL0 = 0x162
                0x00000164                __TACCTL1 = 0x164
                0x00000166                __TACCTL2 = 0x166
                0x00000170                __TAR = 0x170
                0x00000172                __TACCR0 = 0x172
                0x00000174                __TACCR1 = 0x174
                0x00000176                __TACCR2 = 0x176
                0x0000011e                __TBIV = 0x11e
                0x00000180                __TBCTL = 0x180
                0x00000182                __TBCCTL0 = 0x182
                0x00000184                __TBCCTL1 = 0x184
                0x00000186                __TBCCTL2 = 0x186
                0x00000188                __TBCCTL3 = 0x188
                0x0000018a                __TBCCTL4 = 0x18a
                0x0000018c                __TBCCTL5 = 0x18c
                0x0000018e                __TBCCTL6 = 0x18e
                0x00000190                __TBR = 0x190
                0x00000192                __TBCCR0 = 0x192
                0x00000194                __TBCCR1 = 0x194
                0x00000196                __TBCCR2 = 0x196
                0x00000198                __TBCCR3 = 0x198
                0x0000019a                __TBCCR4 = 0x19a
                0x0000019c                __TBCCR5 = 0x19c
                0x0000019e                __TBCCR6 = 0x19e
                0x00000060                __UCA0CTL0 = 0x60
                0x00000061                __UCA0CTL1 = 0x61
                0x00000062                __UCA0BR0 = 0x62
                0x00000063                __UCA0BR1 = 0x63
                0x00000064                __UCA0MCTL = 0x64
                0x00000065                __UCA0STAT = 0x65
                0x00000066                __UCA0RXBUF = 0x66
                0x00000067                __UCA0TXBUF = 0x67
                0x0000005d                __UCA0ABCTL = 0x5d
                0x0000005e                __UCA0IRTCTL = 0x5e
                0x0000005f                __UCA0IRRCTL = 0x5f
                0x00000068                __UCB0CTL0 = 0x68
                0x00000069                __UCB0CTL1 = 0x69
                0x0000006a                __UCB0BR0 = 0x6a
                0x0000006b                __UCB0BR1 = 0x6b
                0x0000006c                __UCB0I2CIE = 0x6c
                0x0000006d                __UCB0STAT = 0x6d
                0x0000006e                __UCB0RXBUF = 0x6e
                0x0000006f                __UCB0TXBUF = 0x6f
                0x00000118                __UCB0I2COA = 0x118
                0x0000011a                __UCB0I2CSA = 0x11a
                0x000000d0                __UCA1CTL0 = 0xd0
                0x000000d1                __UCA1CTL1 = 0xd1
                0x000000d2                __UCA1BR0 = 0xd2
                0x000000d3                __UCA1BR1 = 0xd3
                0x000000d4                __UCA1MCTL = 0xd4
                0x000000d5                __UCA1STAT = 0xd5
                0x000000d6                __UCA1RXBUF = 0xd6
                0x000000d7                __UCA1TXBUF = 0xd7
                0x000000cd                __UCA1ABCTL = 0xcd
                0x000000ce                __UCA1IRTCTL = 0xce
                0x000000cf                __UCA1IRRCTL = 0xcf
                0x000000d8                __UCB1CTL0 = 0xd8
                0x000000d9                __UCB1CTL1 = 0xd9
                0x000000da                __UCB1BR0 = 0xda
                0x000000db                __UCB1BR1 = 0xdb
                0x000000dc                __UCB1I2CIE = 0xdc
                0x000000dd                __UCB1STAT = 0xdd
                0x000000de                __UCB1RXBUF = 0xde
                0x000000df                __UCB1TXBUF = 0xdf
                0x0000017c                __UCB1I2COA = 0x17c
                0x0000017e                __UCB1I2CSA = 0x17e
                0x00000120                __WDTCTL = 0x120
                0x000010c0                __TLV_CHECKSUM = 0x10c0
                0x000010f6                __TLV_DCO_30_TAG = 0x10f6
                0x000010f7                __TLV_DCO_30_LEN = 0x10f7
                0x000010da                __TLV_ADC12_1_TAG = 0x10da
                0x000010db                __TLV_ADC12_1_LEN = 0x10db
                0x000010f8                __CALDCO_16MHZ = 0x10f8
                0x000010f9                __CALBC1_16MHZ = 0x10f9
                0x000010fa                __CALDCO_12MHZ = 0x10fa
                0x000010fb                __CALBC1_12MHZ = 0x10fb
                0x000010fc                __CALDCO_8MHZ = 0x10fc
                0x000010fd                __CALBC1_8MHZ = 0x10fd
                0x000010fe                __CALDCO_1MHZ = 0x10fe
                0x000010ff                __CALBC1_1MHZ = 0x10ff

.hash
 *(.hash)

.dynsym
 *(.dynsym)

.dynstr
 *(.dynstr)

.gnu.version
 *(.gnu.version)

.gnu.version_d
 *(.gnu.version_d)

.gnu.version_r
 *(.gnu.version_r)

.rel.init
 *(.rel.init)

.rela.init
 *(.rela.init)

.rel.fini
 *(.rel.fini)

.rela.fini
 *(.rela.fini)

.rel.text
 *(.rel.text .rel.text.* .rel.gnu.linkonce.t.*)

.rela.text
 *(.rela.text .rela.text.* .rela.gnu.linkonce.t.*)

.rel.rodata
 *(.rel.rodata .rel.rodata.* .rel.gnu.linkonce.r.*)

.rela.rodata
 *(.rela.rodata .rela.rodata.* .rela.gnu.linkonce.r.*)

.rel.data
 *(.rel.data .rel.data.* .rel.gnu.linkonce.d.*)

.rela.data
 *(.rela.data .rela.data.* .rela.gnu.linkonce.d.*)

.rel.bss
 *(.rel.bss .rel.bss.* .rel.gnu.linkonce.b.*)

.rela.bss
 *(.rela.bss .rela.bss.* .rela.gnu.linkonce.b.*)

.rel.ctors
 *(.rel.ctors)

.rela.ctors
 *(.rela.ctors)

.rel.dtors
 *(.rel.dtors)

.rela.dtors
 *(.rela.dtors)

.rel.got
 *(.rel.got)

.rela.got
 *(.rela.got)

.rel.plt
 *(.rel.plt)

.rela.plt
 *(.rela.plt)

.text           0x00003100     0x539c
                0x00003100                . = ALIGN (0x2)
 *(.init .init.*)
 *(.init0)
 .init0         0x00003100        0x0 /usr/lib/gcc/msp430/4.6.3/mcpu-430x/mmpy-16/libcrt0.a(_reset_vector__.o)
                0x00003100                _reset_vector__
 *(.init1)
 .init1         0x00003100        0xc /usr/lib/gcc/msp430/4.6.3/mcpu-430x/mmpy-16/libcrt0.a(__watchdog_support.o)
                0x00003100                __watchdog_support
 *(.init2)
 .init2         0x0000310c        0x4 /usr/lib/gcc/msp430/4.6.3/mcpu-430x/mmpy-16/libcrt0.a(__init_stack.o)
                0x0000310c                __init_stack
 *(.init3)
 .init3         0x00003110        0x0 /usr/lib/gcc/msp430/4.6.3/mcpu-430x/mmpy-16/libcrt0.a(__low_level_init.o)
                0x00003110                __low_level_init
 *(.init4)
 .init4         0x00003110       0x18 /usr/lib/gcc/msp430/4.6.3/mcpu-430x/mmpy-16/libcrt0.a(_copy_data.o)
                0x00003110                __do_copy_data
 .init4         0x00003128       0x16 /usr/lib/gcc/msp430/4.6.3/mcpu-430x/mmpy-16/libcrt0.a(_clear_bss.o)
                0x00003128                __do_clear_bss
 *(.init5)
 *(.init6)
 *(.init7)
 *(.init8)
 *(.init9)
 .init9         0x0000313e      0x2fa obj_z1/contiki-z1-main.o
                0x0000313e                main
 *(.fini9)
 .fini9         0x00003438        0x0 /usr/lib/gcc/msp430/4.6.3/mcpu-430x/mmpy-16/libcrt0.a(__stop_progExec__.o)
                0x00003438                __stop_progExec__
 *(.fini8)
 *(.fini7)
 *(.fini6)
 *(.fini5)
 *(.fini4)
 *(.fini3)
 *(.fini2)
 *(.fini1)
 *(.fini0)
 .fini0         0x00003438        0x6 /usr/lib/gcc/msp430/4.6.3/mcpu-430x/mmpy-16/libcrt0.a(_endless_loop__.o)
                0x00003438                _endless_loop__
 *(.fini .fini.*)
                0x0000343e                . = ALIGN (0x2)
                0x0000343e                __ctors_start = .
 *(.ctors)
                0x0000343e                __ctors_end = .
                0x0000343e                __dtors_start = .
 *(.dtors)
                0x0000343e                __dtors_end = .
                0x0000343e                . = ALIGN (0x2)
 *(.text .text.* .gnu.linkonce.t.*)
 .text          0x0000343e        0x4 /usr/lib/gcc/msp430/4.6.3/mcpu-430x/mmpy-16/crt0ivtbl32.o
                0x0000343e                __isr_14
                0x0000343e                __isr_4
                0x0000343e                __isr_29
                0x0000343e                __isr_11
                0x0000343e                __isr_5
                0x0000343e                __isr_2
                0x0000343e                __isr_10
                0x0000343e                __isr_7
                0x0000343e                __isr_0
                0x0000343e                __isr_28
                0x0000343e                __isr_8
                0x0000343e                __isr_20
                0x0000343e                __isr_3
                0x0000343e                __isr_12
                0x0000343e                __isr_13
                0x0000343e                __isr_27
                0x0000343e                __isr_9
                0x0000343e                __isr_30
                0x0000343e                __isr_6
                0x0000343e                __isr_22
                0x0000343e                __isr_1
                0x0000343e                __isr_15
                0x0000343e                __isr_21
 .text.crt0     0x00003442        0x0 /usr/lib/gcc/msp430/4.6.3/mcpu-430x/mmpy-16/crt0ivtbl32.o
 .text          0x00003442       0x80 base_station.co
 .text          0x000034c2        0x6 obj_z1/contiki-z1-main.o
                0x000034c2                uip_log
 .text          0x000034c8        0xc contiki-z1.a(contiki-z1-plat)
                0x000034c8                init_platform
 .text          0x000034d4       0xcc contiki-z1.a(msp430.o)
                0x000034d4                msp430_init_dco
                0x000034fc                splhigh_
                0x00003504                msp430_sync_dco
                0x00003576                msp430_cpu_init
 .text          0x000035a0      0x146 contiki-z1.a(leds.o)
                0x0000368e                leds_init
                0x00003698                leds_get
                0x0000369e                leds_set
                0x000036a4                leds_on
                0x000036ae                leds_off
                0x000036bc                leds_toggle
                0x000036c6                leds_blink
 .text          0x000036e6       0x5c contiki-z1.a(watchdog.o)
                0x000036e6                __isr_26
                0x000036e6                watchdog_interrupt
                0x000036ec                watchdog_start
                0x00003700                watchdog_periodic
                0x00003712                watchdog_stop
                0x00003728                watchdog_init
                0x0000373c                watchdog_reboot
 .text          0x00003742      0x350 contiki-z1.a(xmem.o)
                0x000037ba                xmem_init
                0x000037d8                xmem_pread
                0x000038a8                xmem_pwrite
                0x000039dc                xmem_erase
 .text          0x00003a92       0x38 contiki-z1.a(spi.o)
                0x00003a92                spi_init
 .text          0x00003aca      0xa2e contiki-z1.a(cc2420.o)
                0x00003e5a                cc2420_on
                0x00003e7c                cc2420_off
                0x0000408e                cc2420_get_channel
                0x00004094                cc2420_set_channel
                0x000040ce                cc2420_set_pan_addr
                0x0000411a                cc2420_interrupt
                0x00004132                cc2420_set_txpower
                0x00004140                cc2420_get_txpower
                0x00004292                cc2420_rssi
                0x00004380                cc2420_set_cca_threshold
                0x0000441a                cc2420_init
 .text          0x000044f8       0x1a contiki-z1.a(cc2420-arch.o)
                0x000044f8                cc2420_arch_init
 .text          0x00004512       0x9a contiki-z1.a(node-id.o)
                0x00004512                node_id_restore
                0x0000455e                node_id_burn
 .text          0x000045ac      0x158 contiki-z1.a(sensors.o)
                0x0000466a                sensors_first
                0x00004670                sensors_next
                0x0000469c                sensors_changed
                0x000046c6                sensors_find
 .text          0x00004704      0x100 contiki-z1.a(button-sensor.o)
                0x0000478e                irq_p2
                0x0000478e                __isr_19
 .text          0x00004804       0xd8 contiki-z1.a(uart0.o)
                0x00004804                uart0_active
                0x00004812                uart0_set_input
                0x00004818                uart0_writeb
                0x00004830                uart0_init
                0x00004876                __isr_23
                0x00004876                uart0_rx_interrupt
 .text          0x000048dc       0x10 contiki-z1.a(uart0-putchar.o)
                0x000048dc                putchar
 .text          0x000048ec      0x318 contiki-z1.a(adxl345.o)
                0x000048ec                accm_write_reg
                0x0000491a                accm_write_stream
                0x00004944                accm_read_reg
                0x000049ee                accm_read_stream
                0x00004a40                accm_read_axis
                0x00004a66                accm_set_grange
                0x00004a8a                accm_init
                0x00004b14                accm_set_irq
                0x00004b40                port1_isr
                0x00004b40                __isr_18
 .text          0x00004c04      0x1e8 contiki-z1.a(clock.o)
                0x00004c04                __isr_24
                0x00004c04                timera1
                0x00004d0e                clock_time
                0x00004d28                clock_set
                0x00004d3e                clock_fine_max
                0x00004d44                clock_fine
                0x00004d50                clock_init
                0x00004d78                clock_delay
                0x00004d84                clock_wait
                0x00004dac                clock_set_seconds
                0x00004dc4                clock_seconds
                0x00004dde                clock_counter
 .text          0x00004dec       0x78 contiki-z1.a(leds-arch.o)
                0x00004dec                leds_arch_init
                0x00004dfa                leds_arch_get
                0x00004e2a                leds_arch_set
 .text          0x00004e64       0x7e contiki-z1.a(rtimer-arch.o)
                0x00004e64                rtimer_arch_init
                0x00004e72                rtimer_arch_now
                0x00004e80                __isr_25
                0x00004e80                timera0
                0x00004edc                rtimer_arch_schedule
 .text          0x00004ee2       0x2a contiki-z1.a(autostart.o)
                0x00004ee2                autostart_start
                0x00004ef8                autostart_exit
 .text          0x00004f0c      0x1ae contiki-z1.a(ctimer.o)
                0x00004fa8                ctimer_init
                0x00004fc0                ctimer_set
                0x00005008                ctimer_reset
                0x00005034                ctimer_restart
                0x00005060                ctimer_stop
                0x00005088                ctimer_expired
 .text          0x000050ba       0xae contiki-z1.a(energest.o)
                0x000050ba                energest_init
                0x000050e2                energest_type_time
                0x0000511e                energest_leveldevice_leveltime
                0x00005124                energest_type_set
                0x00005130                energest_flush
 .text          0x00005168      0x252 contiki-z1.a(etimer.o)
                0x000051d8                etimer_request_poll
                0x000052e2                etimer_set
                0x000052f4                etimer_reset
                0x00005306                etimer_restart
                0x00005318                etimer_adjust
                0x00005332                etimer_expired
                0x00005340                etimer_expiration_time
                0x00005354                etimer_start_time
                0x0000535c                etimer_pending
                0x00005368                etimer_next_expiration_time
                0x0000537e                etimer_stop
 .text          0x000053ba      0x2a0 contiki-z1.a(process.o)
                0x000054ba                process_alloc_event
                0x000054c8                process_exit
                0x000054d2                process_init
                0x000054ee                process_run
                0x00005592                process_nevents
                0x000055a0                process_post
                0x000055f0                process_post_synch
                0x00005602                process_start
                0x00005634                process_poll
                0x0000564c                process_is_running
 .text          0x0000565a       0x50 contiki-z1.a(rtimer.o)
                0x0000565a                rtimer_init
                0x00005660                rtimer_set
                0x00005684                rtimer_run_next
 .text          0x000056aa       0x8c contiki-z1.a(timer.o)
                0x000056aa                timer_set
                0x000056c6                timer_reset
                0x000056d4                timer_restart
                0x000056e8                timer_expired
                0x00005712                timer_remaining
 .text          0x00005736      0x102 contiki-z1.a(serial-line.o)
                0x000057d2                serial_line_input_byte
                0x0000581c                serial_line_init
 .text          0x00005838       0xf6 contiki-z1.a(list.o)
                0x00005838                list_init
                0x0000583e                list_head
                0x00005842                list_copy
                0x00005848                list_tail
                0x0000585a                list_chop
                0x0000587e                list_pop
                0x0000588c                list_remove
                0x000058c0                list_push
                0x000058d6                list_add
                0x000058fc                list_length
                0x0000590c                list_insert
                0x00005922                list_item_next
 .text          0x0000592e       0x94 contiki-z1.a(ringbuf.o)
                0x0000592e                ringbuf_init
                0x00005942                ringbuf_put
                0x0000597a                ringbuf_get
                0x000059a8                ringbuf_size
                0x000059b0                ringbuf_elements
 .text          0x000059c2       0x78 contiki-z1.a(broadcast.o)
                0x000059f8                broadcast_open
                0x00005a1a                broadcast_close
                0x00005a20                broadcast_send
 .text          0x00005a3a       0x66 contiki-z1.a(channel.o)
                0x00005a3a                channel_init
                0x00005a44                channel_open
                0x00005a54                channel_close
                0x00005a60                channel_lookup
                0x00005a80                channel_set_attributes
 .text          0x00005aa0       0xd8 contiki-z1.a(rime.o)
                0x00005b3c                rime_sniffer_add
                0x00005b48                rime_sniffer_remove
                0x00005b54                rime_output
 .text          0x00005b78       0x2a contiki-z1.a(linkaddr.o)
                0x00005b78                linkaddr_copy
                0x00005b84                linkaddr_cmp
                0x00005b96                linkaddr_set_node_addr
 .text          0x00005ba2      0x1e2 contiki-z1.a(packetbuf.o)
                0x00005ba2                packetbuf_clear_hdr
                0x00005baa                packetbuf_compact
                0x00005bd8                packetbuf_copyto_hdr
                0x00005bf4                packetbuf_copyto
                0x00005c3a                packetbuf_hdr_remove
                0x00005c40                packetbuf_hdrreduce
                0x00005c5a                packetbuf_set_datalen
                0x00005c60                packetbuf_dataptr
                0x00005c6e                packetbuf_hdrptr
                0x00005c78                packetbuf_datalen
                0x00005c7e                packetbuf_hdrlen
                0x00005c8e                packetbuf_totlen
                0x00005c9a                packetbuf_hdralloc
                0x00005cc4                packetbuf_attr_clear
                0x00005cf0                packetbuf_clear
                0x00005d0a                packetbuf_copyfrom
                0x00005d34                packetbuf_attr_copyto
                0x00005d54                packetbuf_attr_copyfrom
                0x00005d76                packetbuf_holds_broadcast
 .text          0x00005d84      0x13c contiki-z1.a(queuebuf.o)
                0x00005d84                queuebuf_init
                0x00005d96                queuebuf_numfree
                0x00005da0                queuebuf_new_from_packetbuf
                0x00005dee                queuebuf_update_attr_from_packetbuf
                0x00005e00                queuebuf_update_from_packetbuf
                0x00005e22                queuebuf_free
                0x00005e4c                queuebuf_to_packetbuf
                0x00005e7e                queuebuf_dataptr
                0x00005e9a                queuebuf_datalen
                0x00005ea2                queuebuf_addr
                0x00005eb0                queuebuf_attr
                0x00005ebe                queuebuf_debug_print
 .text          0x00005ec0      0x37a contiki-z1.a(csma.o)
 .text          0x0000623a       0x14 contiki-z1.a(mac.o)
                0x0000623a                mac_call_sent_callback
 .text          0x0000624e      0x658 contiki-z1.a(contikimac.o)
                0x000068a2                contikimac_debug_print
 .text          0x000068a6       0xce contiki-z1.a(contikimac-fram)
 .text          0x00006974       0x1c contiki-z1.a(nullsec.o)
 .text          0x00006990      0x1b2 contiki-z1.a(i2cmaster.o)
                0x00006990                i2c_setrate
                0x00006996                i2c_receiveinit
                0x000069ce                i2c_transmitinit
                0x00006a00                i2c_receive_n
                0x00006a44                i2c_busy
                0x00006a4e                i2c_enable
                0x00006a72                i2c_disable
                0x00006a8c                i2c_transmit_n
                0x00006aa0                __isr_16
                0x00006aa0                i2c_tx_interrupt
                0x00006b2a                i2c_rx_interrupt
                0x00006b2a                __isr_17
 .text          0x00006b42       0xb6 contiki-z1.a(compower.o)
                0x00006b42                compower_accumulate
                0x00006bac                compower_clear
                0x00006bbe                compower_init
                0x00006bc8                compower_attrconv
                0x00006bd8                compower_accumulate_attrs
 .text          0x00006bf8      0x102 contiki-z1.a(memb.o)
                0x00006bf8                memb_init
                0x00006c2e                memb_alloc
                0x00006c6c                memb_free
                0x00006ca6                memb_inmemb
                0x00006cd4                memb_numfree
 .text          0x00006cfa        0xc contiki-z1.a(random.o)
                0x00006cfa                random_init
                0x00006d00                random_rand
 .text          0x00006d06       0x48 contiki-z1.a(abc.o)
                0x00006d06                abc_open
                0x00006d24                abc_close
                0x00006d2a                abc_send
                0x00006d30                abc_input
                0x00006d3e                abc_sent
 .text          0x00006d4e      0x114 contiki-z1.a(announcement.o)
                0x00006d4e                announcement_init
                0x00006d58                announcement_register
                0x00006d92                announcement_remove
                0x00006d9e                announcement_remove_value
                0x00006dc0                announcement_set_value
                0x00006de8                announcement_bump
                0x00006e0a                announcement_listen
                0x00006e16                announcement_register_listen_callback
                0x00006e1c                announcement_register_observer_callback
                0x00006e22                announcement_list
                0x00006e2c                announcement_heard
 .text          0x00006e62      0x1c2 contiki-z1.a(broadcast-annou)
                0x00006fb4                broadcast_announcement_init
                0x00006ff8                broadcast_announcement_stop
                0x0000701a                broadcast_announcement_beacon_interval
 .text          0x00007024       0x38 contiki-z1.a(chameleon.o)
                0x00007024                chameleon_init
                0x0000702a                chameleon_parse
                0x0000703a                chameleon_create
                0x00007056                chameleon_hdrsize
 .text          0x0000705c      0x1ae contiki-z1.a(framer-802154.o)
 .text          0x0000720a       0x20 contiki-z1.a(framer.o)
                0x0000720a                framer_canonical_create_and_secure
 .text          0x0000722a       0x92 contiki-z1.a(mac-sequence.o)
                0x0000722a                mac_sequence_is_duplicate
                0x00007260                mac_sequence_register_seqno
 .text          0x000072bc      0x306 contiki-z1.a(chameleon-bitop)
                0x000072d2                get_bits_in_byte
                0x0000730c                get_bits
                0x00007450                set_bits_in_byte
                0x0000747c                set_bits
 .text          0x000075c2      0x35a contiki-z1.a(frame802154.o)
                0x00007656                frame802154_hdrlen
                0x00007684                frame802154_create
                0x00007796                frame802154_parse
 .text          0x0000791c        0x0 /usr/lib/gcc/msp430/4.6.3/mcpu-430x/mmpy-16/libgcc.a(_mulsi3.o)
 .text.libgcc   0x0000791c       0x2a /usr/lib/gcc/msp430/4.6.3/mcpu-430x/mmpy-16/libgcc.a(_mulsi3.o)
                0x0000791c                __mulsi3
 .text          0x00007946        0x0 /usr/lib/gcc/msp430/4.6.3/mcpu-430x/mmpy-16/libgcc.a(_udivmod32.o)
 .text.libgcc   0x00007946       0x38 /usr/lib/gcc/msp430/4.6.3/mcpu-430x/mmpy-16/libgcc.a(_udivmod32.o)
                0x00007946                __udivsi3
                0x00007946                __ext_udivmod32
                0x00007974                __umodsi3
 .text          0x0000797e       0x28 /usr/lib/gcc/msp430/4.6.3/../../../../msp430/lib/mcpu-430x/mmpy-16/libc.a(strncmp.o)
                0x0000797e                strncmp
 .text          0x000079a6       0x20 /usr/lib/gcc/msp430/4.6.3/../../../../msp430/lib/mcpu-430x/mmpy-16/libc.a(memcmp.o)
                0x000079a6                memcmp
 .text          0x000079c6       0xe4 /usr/lib/gcc/msp430/4.6.3/../../../../msp430/lib/mcpu-430x/mmpy-16/libc.a(memcpy.o)
                0x000079c6                memcpy
 .text          0x00007aaa       0x5c /usr/lib/gcc/msp430/4.6.3/../../../../msp430/lib/mcpu-430x/mmpy-16/libc.a(memset.o)
                0x00007aaa                memset
 .text          0x00007b06       0x1e /usr/lib/gcc/msp430/4.6.3/../../../../msp430/lib/mcpu-430x/mmpy-16/libc.a(printf.o)
                0x00007b06                printf
                0x00007b16                vprintf
 .text          0x00007b24      0x818 /usr/lib/gcc/msp430/4.6.3/../../../../msp430/lib/mcpu-430x/mmpy-16/libc.a(vuprintf.o)
                0x00007ca0                vuprintf
 .text          0x0000833c       0x2c /usr/lib/gcc/msp430/4.6.3/../../../../msp430/lib/mcpu-430x/mmpy-16/libc.a(puts.o)
                0x0000833c                puts
 .text          0x00008368       0x54 /usr/lib/gcc/msp430/4.6.3/../../../../msp430/lib/mcpu-430x/mmpy-16/libc.a(rand.o)
                0x00008368                rand_r
                0x0000838c                rand
                0x000083b2                srand
 .text          0x000083bc        0x0 /usr/lib/gcc/msp430/4.6.3/mcpu-430x/mmpy-16/libgcc.a(_udivmod16.o)
 .text.libgcc   0x000083bc       0x22 /usr/lib/gcc/msp430/4.6.3/mcpu-430x/mmpy-16/libgcc.a(_udivmod16.o)
                0x000083bc                __udivhi3
                0x000083bc                __ext_udivmod16
                0x000083d6                __umodhi3
 .text          0x000083de        0x0 /usr/lib/gcc/msp430/4.6.3/mcpu-430x/mmpy-16/libgcc.a(_udivmod64.o)
 .text.libgcc   0x000083de       0xbc /usr/lib/gcc/msp430/4.6.3/mcpu-430x/mmpy-16/libgcc.a(_udivmod64.o)
                0x000083de                __xabi_udivmod64
                0x00008430                __udivdi3
                0x0000844a                __umoddi3
                0x0000846c                __udivmoddi4
 .text          0x0000849a        0x0 /usr/lib/gcc/msp430/4.6.3/mcpu-430x/mmpy-16/libcrt0.a(_reset_vector__.o)
 .text          0x0000849a        0x0 /usr/lib/gcc/msp430/4.6.3/mcpu-430x/mmpy-16/libcrt0.a(__watchdog_support.o)
 .text          0x0000849a        0x0 /usr/lib/gcc/msp430/4.6.3/mcpu-430x/mmpy-16/libcrt0.a(__init_stack.o)
 .text          0x0000849a        0x0 /usr/lib/gcc/msp430/4.6.3/mcpu-430x/mmpy-16/libcrt0.a(__low_level_init.o)
 .text          0x0000849a        0x0 /usr/lib/gcc/msp430/4.6.3/mcpu-430x/mmpy-16/libcrt0.a(_copy_data.o)
 .text          0x0000849a        0x0 /usr/lib/gcc/msp430/4.6.3/mcpu-430x/mmpy-16/libcrt0.a(_clear_bss.o)
 .text          0x0000849a        0x0 /usr/lib/gcc/msp430/4.6.3/mcpu-430x/mmpy-16/libcrt0.a(__stop_progExec__.o)
 .text          0x0000849a        0x0 /usr/lib/gcc/msp430/4.6.3/mcpu-430x/mmpy-16/libcrt0.a(_endless_loop__.o)
 .text          0x0000849a        0x0 /usr/lib/gcc/msp430/4.6.3/mcpu-430x/mmpy-16/libcrt0.a(_unexpected_.o)
 .text.crt0     0x0000849a        0x2 /usr/lib/gcc/msp430/4.6.3/mcpu-430x/mmpy-16/libcrt0.a(_unexpected_.o)
                0x0000849a                _unexpected_
                0x0000849c                . = ALIGN (0x2)

.rodata         0x0000849c      0x2bc
                0x0000849c                . = ALIGN (0x2)
 *(.rodata .rodata.* .gnu.linkonce.r.*)
 .rodata        0x0000849c       0x84 base_station.co
                0x00008502                autostart_processes
 .rodata        0x00008520       0xd0 obj_z1/contiki-z1-main.o
 .rodata        0x000085f0       0x2c contiki-z1.a(xmem.o)
 .rodata        0x0000861c       0x5a contiki-z1.a(cc2420.o)
                0x00008638                cc2420_aes_128_driver
                0x0000863c                cc2420_driver
 .rodata        0x00008676        0x8 contiki-z1.a(sensors.o)
 .rodata        0x0000867e       0x10 contiki-z1.a(button-sensor.o)
                0x00008686                button_sensor
 .rodata        0x0000868e       0x16 contiki-z1.a(adxl345.o)
 .rodata        0x000086a4        0xf contiki-z1.a(ctimer.o)
 .rodata        0x000086b3        0xc contiki-z1.a(etimer.o)
 .rodata        0x000086bf        0xe contiki-z1.a(serial-line.o)
 *fill*         0x000086cd        0x1 00
 .rodata        0x000086ce        0x8 contiki-z1.a(broadcast.o)
 .rodata        0x000086d6        0xc contiki-z1.a(rime.o)
                0x000086dc                rime_driver
 .rodata        0x000086e2        0x2 contiki-z1.a(linkaddr.o)
                0x000086e2                linkaddr_null
 .rodata        0x000086e4       0x14 contiki-z1.a(csma.o)
                0x000086ea                csma_driver
 .rodata        0x000086f8       0x1c contiki-z1.a(contikimac.o)
                0x00008704                contikimac_driver
 .rodata        0x00008714        0x8 contiki-z1.a(contikimac-fram)
                0x00008714                contikimac_framer
 .rodata        0x0000871c       0x14 contiki-z1.a(nullsec.o)
                0x00008724                nullsec_driver
 .rodata        0x00008730        0x2 contiki-z1.a(abc.o)
 .rodata        0x00008732        0x4 contiki-z1.a(broadcast-annou)
 .rodata        0x00008736        0x8 contiki-z1.a(framer-802154.o)
                0x00008736                framer_802154
 .rodata        0x0000873e       0x10 contiki-z1.a(chameleon-bitop)
                0x0000873e                chameleon_bitopt
 .rodata        0x0000874e        0x2 contiki-z1.a(frame802154.o)
 .rodata        0x00008750        0x7 /usr/lib/gcc/msp430/4.6.3/../../../../msp430/lib/mcpu-430x/mmpy-16/libc.a(vuprintf.o)
                0x00008758                . = ALIGN (0x2)
 *fill*         0x00008757        0x1 00
                0x00008758                _etext = .

.data           0x00001100       0x90 load address 0x00008758
                0x00001100                . = ALIGN (0x2)
                0x00001100                PROVIDE (__data_start, .)
 *(.data .data.* .gnu.linkonce.d.*)
 .data          0x00001100        0x0 /usr/lib/gcc/msp430/4.6.3/mcpu-430x/mmpy-16/crt0ivtbl32.o
 .data          0x00001100        0xa base_station.co
                0x00001100                base_station_process
 .data          0x0000110a        0x4 obj_z1/contiki-z1-main.o
                0x0000110a                sensors
 .data          0x0000110e        0x0 contiki-z1.a(contiki-z1-plat)
 .data          0x0000110e        0x2 contiki-z1.a(msp430.o)
 .data          0x00001110        0x0 contiki-z1.a(leds.o)
 .data          0x00001110        0x0 contiki-z1.a(watchdog.o)
 .data          0x00001110        0x0 contiki-z1.a(xmem.o)
 .data          0x00001110        0x0 contiki-z1.a(spi.o)
 .data          0x00001110        0xa contiki-z1.a(cc2420.o)
                0x00001110                cc2420_process
 .data          0x0000111a        0x0 contiki-z1.a(cc2420-arch.o)
 .data          0x0000111a        0x0 contiki-z1.a(node-id.o)
 .data          0x0000111a        0xa contiki-z1.a(sensors.o)
                0x0000111a                sensors_process
 .data          0x00001124        0x0 contiki-z1.a(button-sensor.o)
 .data          0x00001124        0x0 contiki-z1.a(uart0.o)
 .data          0x00001124        0x0 contiki-z1.a(uart0-putchar.o)
 .data          0x00001124       0x20 contiki-z1.a(adxl345.o)
                0x00001124                accmeter_process
 .data          0x00001144        0x0 contiki-z1.a(clock.o)
 .data          0x00001144        0x0 contiki-z1.a(leds-arch.o)
 .data          0x00001144        0x0 contiki-z1.a(rtimer-arch.o)
 .data          0x00001144        0x0 contiki-z1.a(autostart.o)
 .data          0x00001144        0xa contiki-z1.a(ctimer.o)
                0x00001144                ctimer_process
 .data          0x0000114e        0x0 contiki-z1.a(energest.o)
 .data          0x0000114e        0xa contiki-z1.a(etimer.o)
                0x0000114e                etimer_process
 .data          0x00001158        0x0 contiki-z1.a(process.o)
 .data          0x00001158        0x0 contiki-z1.a(rtimer.o)
 .data          0x00001158        0x0 contiki-z1.a(timer.o)
 .data          0x00001158        0xa contiki-z1.a(serial-line.o)
                0x00001158                serial_line_process
 .data          0x00001162        0x0 contiki-z1.a(list.o)
 .data          0x00001162        0x0 contiki-z1.a(ringbuf.o)
 .data          0x00001162        0x0 contiki-z1.a(broadcast.o)
 .data          0x00001162        0x0 contiki-z1.a(channel.o)
 .data          0x00001162        0x0 contiki-z1.a(rime.o)
 .data          0x00001162        0x0 contiki-z1.a(linkaddr.o)
 .data          0x00001162        0x0 contiki-z1.a(packetbuf.o)
 .data          0x00001162       0x10 contiki-z1.a(queuebuf.o)
 .data          0x00001172       0x18 contiki-z1.a(csma.o)
 .data          0x0000118a        0x0 contiki-z1.a(mac.o)
 .data          0x0000118a        0x0 contiki-z1.a(contikimac.o)
 .data          0x0000118a        0x0 contiki-z1.a(contikimac-fram)
 .data          0x0000118a        0x0 contiki-z1.a(nullsec.o)
 .data          0x0000118a        0x1 contiki-z1.a(i2cmaster.o)
                0x0000118a                prescale_lsb
 .data          0x0000118b        0x0 contiki-z1.a(compower.o)
 .data          0x0000118b        0x0 contiki-z1.a(memb.o)
 .data          0x0000118b        0x0 contiki-z1.a(random.o)
 .data          0x0000118b        0x0 contiki-z1.a(abc.o)
 .data          0x0000118b        0x0 contiki-z1.a(announcement.o)
 .data          0x0000118b        0x0 contiki-z1.a(broadcast-annou)
 .data          0x0000118b        0x0 contiki-z1.a(chameleon.o)
 .data          0x0000118b        0x0 contiki-z1.a(framer-802154.o)
 .data          0x0000118b        0x0 contiki-z1.a(framer.o)
 .data          0x0000118b        0x0 contiki-z1.a(mac-sequence.o)
 .data          0x0000118b        0x0 contiki-z1.a(chameleon-bitop)
 .data          0x0000118b        0x0 contiki-z1.a(frame802154.o)
 .data          0x0000118b        0x0 /usr/lib/gcc/msp430/4.6.3/mcpu-430x/mmpy-16/libgcc.a(_mulsi3.o)
 .data          0x0000118b        0x0 /usr/lib/gcc/msp430/4.6.3/mcpu-430x/mmpy-16/libgcc.a(_udivmod32.o)
 .data          0x0000118b        0x0 /usr/lib/gcc/msp430/4.6.3/../../../../msp430/lib/mcpu-430x/mmpy-16/libc.a(strncmp.o)
 .data          0x0000118b        0x0 /usr/lib/gcc/msp430/4.6.3/../../../../msp430/lib/mcpu-430x/mmpy-16/libc.a(memcmp.o)
 .data          0x0000118b        0x0 /usr/lib/gcc/msp430/4.6.3/../../../../msp430/lib/mcpu-430x/mmpy-16/libc.a(memcpy.o)
 .data          0x0000118b        0x0 /usr/lib/gcc/msp430/4.6.3/../../../../msp430/lib/mcpu-430x/mmpy-16/libc.a(memset.o)
 .data          0x0000118b        0x0 /usr/lib/gcc/msp430/4.6.3/../../../../msp430/lib/mcpu-430x/mmpy-16/libc.a(printf.o)
 .data          0x0000118b        0x0 /usr/lib/gcc/msp430/4.6.3/../../../../msp430/lib/mcpu-430x/mmpy-16/libc.a(vuprintf.o)
 .data          0x0000118b        0x0 /usr/lib/gcc/msp430/4.6.3/../../../../msp430/lib/mcpu-430x/mmpy-16/libc.a(puts.o)
 *fill*         0x0000118b        0x1 00
 .data          0x0000118c        0x4 /usr/lib/gcc/msp430/4.6.3/../../../../msp430/lib/mcpu-430x/mmpy-16/libc.a(rand.o)
 .data          0x00001190        0x0 /usr/lib/gcc/msp430/4.6.3/mcpu-430x/mmpy-16/libgcc.a(_udivmod16.o)
 .data          0x00001190        0x0 /usr/lib/gcc/msp430/4.6.3/mcpu-430x/mmpy-16/libgcc.a(_udivmod64.o)
 .data          0x00001190        0x0 /usr/lib/gcc/msp430/4.6.3/mcpu-430x/mmpy-16/libcrt0.a(_reset_vector__.o)
 .data          0x00001190        0x0 /usr/lib/gcc/msp430/4.6.3/mcpu-430x/mmpy-16/libcrt0.a(__watchdog_support.o)
 .data          0x00001190        0x0 /usr/lib/gcc/msp430/4.6.3/mcpu-430x/mmpy-16/libcrt0.a(__init_stack.o)
 .data          0x00001190        0x0 /usr/lib/gcc/msp430/4.6.3/mcpu-430x/mmpy-16/libcrt0.a(__low_level_init.o)
 .data          0x00001190        0x0 /usr/lib/gcc/msp430/4.6.3/mcpu-430x/mmpy-16/libcrt0.a(_copy_data.o)
 .data          0x00001190        0x0 /usr/lib/gcc/msp430/4.6.3/mcpu-430x/mmpy-16/libcrt0.a(_clear_bss.o)
 .data          0x00001190        0x0 /usr/lib/gcc/msp430/4.6.3/mcpu-430x/mmpy-16/libcrt0.a(__stop_progExec__.o)
 .data          0x00001190        0x0 /usr/lib/gcc/msp430/4.6.3/mcpu-430x/mmpy-16/libcrt0.a(_endless_loop__.o)
 .data          0x00001190        0x0 /usr/lib/gcc/msp430/4.6.3/mcpu-430x/mmpy-16/libcrt0.a(_unexpected_.o)
                0x00001190                . = ALIGN (0x2)
                0x00001190                _edata = .
                0x00008758                PROVIDE (__data_load_start, LOADADDR (.data))
                0x00000090                PROVIDE (__data_size, SIZEOF (.data))

.bss            0x00001190      0xacc load address 0x000087e8
                0x00001190                PROVIDE (__bss_start, .)
 *(.bss .bss.*)
 .bss           0x00001190        0x0 /usr/lib/gcc/msp430/4.6.3/mcpu-430x/mmpy-16/crt0ivtbl32.o
 .bss           0x00001190        0xc base_station.co
 .bss           0x0000119c        0x4 obj_z1/contiki-z1-main.o
 .bss           0x000011a0        0x0 contiki-z1.a(contiki-z1-plat)
 .bss           0x000011a0        0x0 contiki-z1.a(msp430.o)
 .bss           0x000011a0        0x1 contiki-z1.a(leds.o)
 *fill*         0x000011a1        0x1 00
 .bss           0x000011a2        0x2 contiki-z1.a(watchdog.o)
 .bss           0x000011a4        0x0 contiki-z1.a(xmem.o)
 .bss           0x000011a4        0x2 contiki-z1.a(spi.o)
                0x000011a4                spi_busy
 .bss           0x000011a6        0x8 contiki-z1.a(cc2420.o)
 .bss           0x000011ae        0x0 contiki-z1.a(cc2420-arch.o)
 .bss           0x000011ae        0x2 contiki-z1.a(node-id.o)
                0x000011ae                node_id
 .bss           0x000011b0        0x6 contiki-z1.a(sensors.o)
 .bss           0x000011b6        0x8 contiki-z1.a(button-sensor.o)
 .bss           0x000011be        0x4 contiki-z1.a(uart0.o)
 .bss           0x000011c2        0x0 contiki-z1.a(uart0-putchar.o)
 .bss           0x000011c2       0x16 contiki-z1.a(adxl345.o)
 .bss           0x000011d8        0xa contiki-z1.a(clock.o)
 .bss           0x000011e2        0x0 contiki-z1.a(leds-arch.o)
 .bss           0x000011e2        0x0 contiki-z1.a(rtimer-arch.o)
 .bss           0x000011e2        0x0 contiki-z1.a(autostart.o)
 .bss           0x000011e2        0x4 contiki-z1.a(ctimer.o)
 .bss           0x000011e6        0x0 contiki-z1.a(energest.o)
 .bss           0x000011e6        0x6 contiki-z1.a(etimer.o)
 .bss           0x000011ec       0x42 contiki-z1.a(process.o)
                0x000011ec                process_current
                0x000011ee                process_list
 .bss           0x0000122e        0x2 contiki-z1.a(rtimer.o)
 .bss           0x00001230        0x0 contiki-z1.a(timer.o)
 .bss           0x00001230      0x10a contiki-z1.a(serial-line.o)
 .bss           0x0000133a        0x0 contiki-z1.a(list.o)
 .bss           0x0000133a        0x0 contiki-z1.a(ringbuf.o)
 .bss           0x0000133a        0x0 contiki-z1.a(broadcast.o)
 .bss           0x0000133a        0x2 contiki-z1.a(channel.o)
 .bss           0x0000133c        0x2 contiki-z1.a(rime.o)
 .bss           0x0000133e        0x0 contiki-z1.a(linkaddr.o)
 .bss           0x0000133e       0xb8 contiki-z1.a(packetbuf.o)
 .bss           0x000013f6      0x610 contiki-z1.a(queuebuf.o)
 .bss           0x00001a06       0xb8 contiki-z1.a(csma.o)
 .bss           0x00001abe        0x0 contiki-z1.a(mac.o)
 .bss           0x00001abe       0x32 contiki-z1.a(contikimac.o)
 .bss           0x00001af0        0x0 contiki-z1.a(contikimac-fram)
 .bss           0x00001af0        0x0 contiki-z1.a(nullsec.o)
 .bss           0x00001af0        0x4 contiki-z1.a(i2cmaster.o)
                0x00001af0                prescale_msb
 .bss           0x00001af4        0x8 contiki-z1.a(compower.o)
 .bss           0x00001afc        0x0 contiki-z1.a(memb.o)
 .bss           0x00001afc        0x0 contiki-z1.a(random.o)
 .bss           0x00001afc        0x0 contiki-z1.a(abc.o)
 .bss           0x00001afc        0x6 contiki-z1.a(announcement.o)
 .bss           0x00001b02       0x46 contiki-z1.a(broadcast-annou)
 .bss           0x00001b48        0x0 contiki-z1.a(chameleon.o)
 .bss           0x00001b48        0x2 contiki-z1.a(framer-802154.o)
 .bss           0x00001b4a        0x0 contiki-z1.a(framer.o)
 .bss           0x00001b4a       0x40 contiki-z1.a(mac-sequence.o)
 .bss           0x00001b8a        0x0 contiki-z1.a(chameleon-bitop)
 .bss           0x00001b8a        0x0 contiki-z1.a(frame802154.o)
 .bss           0x00001b8a        0x0 /usr/lib/gcc/msp430/4.6.3/mcpu-430x/mmpy-16/libgcc.a(_mulsi3.o)
 .bss           0x00001b8a        0x0 /usr/lib/gcc/msp430/4.6.3/mcpu-430x/mmpy-16/libgcc.a(_udivmod32.o)
 .bss           0x00001b8a        0x0 /usr/lib/gcc/msp430/4.6.3/../../../../msp430/lib/mcpu-430x/mmpy-16/libc.a(strncmp.o)
 .bss           0x00001b8a        0x0 /usr/lib/gcc/msp430/4.6.3/../../../../msp430/lib/mcpu-430x/mmpy-16/libc.a(memcmp.o)
 .bss           0x00001b8a        0x0 /usr/lib/gcc/msp430/4.6.3/../../../../msp430/lib/mcpu-430x/mmpy-16/libc.a(memcpy.o)
 .bss           0x00001b8a        0x0 /usr/lib/gcc/msp430/4.6.3/../../../../msp430/lib/mcpu-430x/mmpy-16/libc.a(memset.o)
 .bss           0x00001b8a        0x0 /usr/lib/gcc/msp430/4.6.3/../../../../msp430/lib/mcpu-430x/mmpy-16/libc.a(printf.o)
 .bss           0x00001b8a        0x0 /usr/lib/gcc/msp430/4.6.3/../../../../msp430/lib/mcpu-430x/mmpy-16/libc.a(vuprintf.o)
 .bss           0x00001b8a        0x0 /usr/lib/gcc/msp430/4.6.3/../../../../msp430/lib/mcpu-430x/mmpy-16/libc.a(puts.o)
 .bss           0x00001b8a        0x0 /usr/lib/gcc/msp430/4.6.3/../../../../msp430/lib/mcpu-430x/mmpy-16/libc.a(rand.o)
 .bss           0x00001b8a        0x0 /usr/lib/gcc/msp430/4.6.3/mcpu-430x/mmpy-16/libgcc.a(_udivmod16.o)
 .bss           0x00001b8a        0x0 /usr/lib/gcc/msp430/4.6.3/mcpu-430x/mmpy-16/libgcc.a(_udivmod64.o)
 .bss           0x00001b8a        0x0 /usr/lib/gcc/msp430/4.6.3/mcpu-430x/mmpy-16/libcrt0.a(_reset_vector__.o)
 .bss           0x00001b8a        0x0 /usr/lib/gcc/msp430/4.6.3/mcpu-430x/mmpy-16/libcrt0.a(__watchdog_support.o)
 .bss           0x00001b8a        0x0 /usr/lib/gcc/msp430/4.6.3/mcpu-430x/mmpy-16/libcrt0.a(__init_stack.o)
 .bss           0x00001b8a        0x0 /usr/lib/gcc/msp430/4.6.3/mcpu-430x/mmpy-16/libcrt0.a(__low_level_init.o)
 .bss           0x00001b8a        0x0 /usr/lib/gcc/msp430/4.6.3/mcpu-430x/mmpy-16/libcrt0.a(_copy_data.o)
 .bss           0x00001b8a        0x0 /usr/lib/gcc/msp430/4.6.3/mcpu-430x/mmpy-16/libcrt0.a(_clear_bss.o)
 .bss           0x00001b8a        0x0 /usr/lib/gcc/msp430/4.6.3/mcpu-430x/mmpy-16/libcrt0.a(__stop_progExec__.o)
 .bss           0x00001b8a        0x0 /usr/lib/gcc/msp430/4.6.3/mcpu-430x/mmpy-16/libcrt0.a(_endless_loop__.o)
 .bss           0x00001b8a        0x0 /usr/lib/gcc/msp430/4.6.3/mcpu-430x/mmpy-16/libcrt0.a(_unexpected_.o)
 *(COMMON)
 COMMON         0x00001b8a        0x2 obj_z1/contiki-z1-main.o
                0x00001b8a                sensors_flags
 COMMON         0x00001b8c       0x10 contiki-z1.a(cc2420.o)
                0x00001b8c                cc2420_last_rssi
                0x00001b8e                cc2420_sfd_start_time
                0x00001b90                cc2420_time_of_departure
                0x00001b92                cc2420_time_of_arrival
                0x00001b94                cc2420_last_correlation
                0x00001b96                cc2420_authority_level_of_sender
                0x00001b98                cc2420_sfd_counter
                0x00001b9a                cc2420_sfd_end_time
 COMMON         0x00001b9c        0x8 contiki-z1.a(node-id.o)
                0x00001b9c                node_mac
 COMMON         0x00001ba4        0x1 contiki-z1.a(sensors.o)
                0x00001ba4                sensors_event
 *fill*         0x00001ba5        0x1 00
 COMMON         0x00001ba6        0x7 contiki-z1.a(adxl345.o)
                0x00001ba6                accm_int2_cb
                0x00001ba8                int2_event
                0x00001baa                accm_int1_cb
                0x00001bac                int1_event
 *fill*         0x00001bad        0x1 00
 COMMON         0x00001bae       0x56 contiki-z1.a(energest.o)
                0x00001bae                energest_total_time
                0x00001bde                energest_total_count
                0x00001be0                energest_current_mode
                0x00001bec                energest_current_time
 COMMON         0x00001c04        0x1 contiki-z1.a(process.o)
                0x00001c04                process_maxevents
 COMMON         0x00001c05        0x1 contiki-z1.a(serial-line.o)
                0x00001c05                serial_line_event_message
 COMMON         0x00001c06        0x2 contiki-z1.a(linkaddr.o)
                0x00001c06                linkaddr_node_addr
 COMMON         0x00001c08       0x3c contiki-z1.a(packetbuf.o)
                0x00001c08                packetbuf_addrs
                0x00001c10                packetbuf_attrs
 COMMON         0x00001c44       0x10 contiki-z1.a(i2cmaster.o)
                0x00001c44                transmit_data1
                0x00001c45                rx_byte_ctr
                0x00001c46                tx_buf_ptr
                0x00001c48                tx_byte_ctr
                0x00001c4a                i
                0x00001c4c                receive_data
                0x00001c4e                rx_buf
                0x00001c50                transmit_data2
                0x00001c52                rx_buf_ptr
 COMMON         0x00001c54        0x8 contiki-z1.a(compower.o)
                0x00001c54                compower_idle_activity
                0x00001c5c                . = ALIGN (0x2)
                0x00001c5c                PROVIDE (__bss_end, .)
                0x00000acc                PROVIDE (__bss_size, SIZEOF (.bss))

.noinit         0x00001c5c        0x2 load address 0x000087e8
                0x00001c5c                PROVIDE (__noinit_start, .)
 *(.noinit .noinit.*)
 .noinit.crt0   0x00001c5c        0x2 /usr/lib/gcc/msp430/4.6.3/mcpu-430x/mmpy-16/libcrt0.a(__watchdog_support.o)
                0x00001c5c                __wdt_clear_value
                0x00001c5e                . = ALIGN (0x2)
                0x00001c5e                PROVIDE (__noinit_end, .)
                0x00001c5e                . = ALIGN (0x2)
                0x00001c5e                _end = .

.infomem        0x00001000        0x0
 *(.infomem)
                0x00001000                . = ALIGN (0x2)
 *(.infomem.*)

.infomemnobits  0x00001000        0x0
 *(.infomemnobits)
                0x00001000                . = ALIGN (0x2)
 *(.infomemnobits.*)

.infoa
 *(.infoa .infoa.*)

.infob
 *(.infob .infob.*)

.infoc
 *(.infoc .infoc.*)

.infod
 *(.infod .infod.*)

.vectors        0x0000ffc0       0x40
                0x0000ffc0                PROVIDE (__vectors_start, .)
 *(.vectors*)
 .vectors       0x0000ffc0       0x40 /usr/lib/gcc/msp430/4.6.3/mcpu-430x/mmpy-16/crt0ivtbl32.o
                0x0000ffc0                __ivtbl_32
                0x00010000                _vectors_end = .

.fartext        0x00010000        0x0
                0x00010000                . = ALIGN (0x2)
 *(.fartext)
                0x00010000                . = ALIGN (0x2)
 *(.fartext.*)
                0x00010000                _efartext = .

.profiler
 *(.profiler)

.stab           0x00000000    0x19e48
 *(.stab)
 .stab          0x00000000     0x11e8 base_station.co
 .stab          0x000011e8     0x108c obj_z1/contiki-z1-main.o
                               0x17c4 (size before relaxing)
 .stab          0x00002274      0x240 contiki-z1.a(contiki-z1-plat)
                                0x5a0 (size before relaxing)
 .stab          0x000024b4      0x4a4 contiki-z1.a(msp430.o)
                                0x7f8 (size before relaxing)
 .stab          0x00002958      0x5dc contiki-z1.a(leds.o)
                                0x828 (size before relaxing)
 .stab          0x00002f34      0x3fc contiki-z1.a(watchdog.o)
                                0x750 (size before relaxing)
 .stab          0x00003330      0x9fc contiki-z1.a(xmem.o)
                                0xf3c (size before relaxing)
 .stab          0x00003d2c      0x288 contiki-z1.a(spi.o)
                                0x5dc (size before relaxing)
 .stab          0x00003fb4     0x234c contiki-z1.a(cc2420.o)
                               0x2cc4 (size before relaxing)
 .stab          0x00006300      0x954 contiki-z1.a(cc2420-arch.o)
                               0x1380 (size before relaxing)
 .stab          0x00006c54      0x300 contiki-z1.a(node-id.o)
                                0x6d8 (size before relaxing)
 .stab          0x00006f54      0x654 contiki-z1.a(sensors.o)
                                0xb70 (size before relaxing)
 .stab          0x000075a8      0x468 contiki-z1.a(button-sensor.o)
                                0x7d4 (size before relaxing)
 .stab          0x00007a10      0x51c contiki-z1.a(uart0.o)
                                0xa2c (size before relaxing)
 .stab          0x00007f2c      0x264 contiki-z1.a(uart0-putchar.o)
                                0x78c (size before relaxing)
 .stab          0x00008190      0xb10 contiki-z1.a(adxl345.o)
                               0x1128 (size before relaxing)
 .stab          0x00008ca0      0x948 contiki-z1.a(clock.o)
                                0xc9c (size before relaxing)
 .stab          0x000095e8      0x3a8 contiki-z1.a(leds-arch.o)
                                0x6fc (size before relaxing)
 .stab          0x00009990      0x3cc contiki-z1.a(rtimer-arch.o)
                                0x720 (size before relaxing)
 .stab          0x00009d5c      0x294 contiki-z1.a(autostart.o)
                                0x534 (size before relaxing)
 .stab          0x00009ff0      0x7a4 contiki-z1.a(ctimer.o)
                                0xb10 (size before relaxing)
 .stab          0x0000a794      0x474 contiki-z1.a(energest.o)
                                0x6fc (size before relaxing)
 .stab          0x0000ac08      0xa38 contiki-z1.a(etimer.o)
                                0xd08 (size before relaxing)
 .stab          0x0000b640      0xb7c contiki-z1.a(process.o)
                               0x1014 (size before relaxing)
 .stab          0x0000c1bc      0x3d8 contiki-z1.a(rtimer.o)
                                0x6c0 (size before relaxing)
 .stab          0x0000c594      0x354 contiki-z1.a(timer.o)
                                0x594 (size before relaxing)
 .stab          0x0000c8e8      0x534 contiki-z1.a(serial-line.o)
                                0xa50 (size before relaxing)
 .stab          0x0000ce1c      0x7f8 contiki-z1.a(list.o)
                                0x804 (size before relaxing)
 .stab          0x0000d614      0x3fc contiki-z1.a(ringbuf.o)
                                0x63c (size before relaxing)
 .stab          0x0000da10      0x6d8 contiki-z1.a(broadcast.o)
                               0x150c (size before relaxing)
 .stab          0x0000e0e8      0x678 contiki-z1.a(channel.o)
                               0x129c (size before relaxing)
 .stab          0x0000e760      0xcd8 contiki-z1.a(rime.o)
                               0x141c (size before relaxing)
 .stab          0x0000f438      0x2c4 contiki-z1.a(linkaddr.o)
                                0x6c0 (size before relaxing)
 .stab          0x0000f6fc      0xda4 contiki-z1.a(packetbuf.o)
                               0x1bf0 (size before relaxing)
 .stab          0x000104a0      0xa5c contiki-z1.a(queuebuf.o)
                               0x1890 (size before relaxing)
 .stab          0x00010efc      0xe04 contiki-z1.a(csma.o)
                               0x15b4 (size before relaxing)
 .stab          0x00011d00      0x1f8 contiki-z1.a(mac.o)
                                0x4ec (size before relaxing)
 .stab          0x00011ef8     0x16ec contiki-z1.a(contikimac.o)
                               0x22f8 (size before relaxing)
 .stab          0x000135e4      0x6e4 contiki-z1.a(contikimac-fram)
                                0xf24 (size before relaxing)
 .stab          0x00013cc8      0x6a8 contiki-z1.a(nullsec.o)
                                0xda4 (size before relaxing)
 .stab          0x00014370      0x894 contiki-z1.a(i2cmaster.o)
                                0xbe8 (size before relaxing)
 .stab          0x00014c04      0x51c contiki-z1.a(compower.o)
                                0xd20 (size before relaxing)
 .stab          0x00015120      0x5c4 contiki-z1.a(memb.o)
                                0xaf8 (size before relaxing)
 .stab          0x000156e4      0x228 contiki-z1.a(random.o)
                                0x624 (size before relaxing)
 .stab          0x0001590c      0x66c contiki-z1.a(abc.o)
                               0x14a0 (size before relaxing)
 .stab          0x00015f78      0x6e4 contiki-z1.a(announcement.o)
                                0x984 (size before relaxing)
 .stab          0x0001665c      0x948 contiki-z1.a(broadcast-annou)
                               0x15c0 (size before relaxing)
 .stab          0x00016fa4      0x594 contiki-z1.a(chameleon.o)
                               0x123c (size before relaxing)
 .stab          0x00017538      0x930 contiki-z1.a(framer-802154.o)
                                0xf6c (size before relaxing)
 .stab          0x00017e68      0x318 contiki-z1.a(framer.o)
                                0xc54 (size before relaxing)
 .stab          0x00018180      0x618 contiki-z1.a(mac-sequence.o)
                               0x1464 (size before relaxing)
 .stab          0x00018798      0xd8c contiki-z1.a(chameleon-bitop)
                               0x1a04 (size before relaxing)
 .stab          0x00019524      0x924 contiki-z1.a(frame802154.o)
                               0x10f8 (size before relaxing)

.stabstr        0x00000000    0x164e8
 *(.stabstr)
 .stabstr       0x00000000    0x164e8 base_station.co

.stab.excl
 *(.stab.excl)

.stab.exclstr
 *(.stab.exclstr)

.stab.index
 *(.stab.index)

.stab.indexstr
 *(.stab.indexstr)

.comment
 *(.comment)

.debug
 *(.debug)

.line
 *(.line)

.debug_srcinfo
 *(.debug_srcinfo)

.debug_sfnames
 *(.debug_sfnames)

.debug_aranges  0x00000000      0x168
 *(.debug_aranges)
 .debug_aranges
                0x00000000       0x14 /usr/lib/gcc/msp430/4.6.3/mcpu-430x/mmpy-16/libgcc.a(_mulsi3.o)
 .debug_aranges
                0x00000014       0x14 /usr/lib/gcc/msp430/4.6.3/mcpu-430x/mmpy-16/libgcc.a(_udivmod32.o)
 .debug_aranges
                0x00000028       0x14 /usr/lib/gcc/msp430/4.6.3/../../../../msp430/lib/mcpu-430x/mmpy-16/libc.a(strncmp.o)
 .debug_aranges
                0x0000003c       0x14 /usr/lib/gcc/msp430/4.6.3/../../../../msp430/lib/mcpu-430x/mmpy-16/libc.a(memcmp.o)
 .debug_aranges
                0x00000050       0x14 /usr/lib/gcc/msp430/4.6.3/../../../../msp430/lib/mcpu-430x/mmpy-16/libc.a(memcpy.o)
 .debug_aranges
                0x00000064       0x14 /usr/lib/gcc/msp430/4.6.3/../../../../msp430/lib/mcpu-430x/mmpy-16/libc.a(memset.o)
 .debug_aranges
                0x00000078       0x14 /usr/lib/gcc/msp430/4.6.3/../../../../msp430/lib/mcpu-430x/mmpy-16/libc.a(printf.o)
 .debug_aranges
                0x0000008c       0x14 /usr/lib/gcc/msp430/4.6.3/../../../../msp430/lib/mcpu-430x/mmpy-16/libc.a(vuprintf.o)
 .debug_aranges
                0x000000a0       0x14 /usr/lib/gcc/msp430/4.6.3/../../../../msp430/lib/mcpu-430x/mmpy-16/libc.a(puts.o)
 .debug_aranges
                0x000000b4       0x14 /usr/lib/gcc/msp430/4.6.3/../../../../msp430/lib/mcpu-430x/mmpy-16/libc.a(rand.o)
 .debug_aranges
                0x000000c8       0x14 /usr/lib/gcc/msp430/4.6.3/mcpu-430x/mmpy-16/libgcc.a(_udivmod16.o)
 .debug_aranges
                0x000000dc       0x14 /usr/lib/gcc/msp430/4.6.3/mcpu-430x/mmpy-16/libgcc.a(_udivmod64.o)
 .debug_aranges
                0x000000f0       0x14 /usr/lib/gcc/msp430/4.6.3/mcpu-430x/mmpy-16/libcrt0.a(__watchdog_support.o)
 .debug_aranges
                0x00000104       0x14 /usr/lib/gcc/msp430/4.6.3/mcpu-430x/mmpy-16/libcrt0.a(__init_stack.o)
 .debug_aranges
                0x00000118       0x14 /usr/lib/gcc/msp430/4.6.3/mcpu-430x/mmpy-16/libcrt0.a(_copy_data.o)
 .debug_aranges
                0x0000012c       0x14 /usr/lib/gcc/msp430/4.6.3/mcpu-430x/mmpy-16/libcrt0.a(_clear_bss.o)
 .debug_aranges
                0x00000140       0x14 /usr/lib/gcc/msp430/4.6.3/mcpu-430x/mmpy-16/libcrt0.a(_endless_loop__.o)
 .debug_aranges
                0x00000154       0x14 /usr/lib/gcc/msp430/4.6.3/mcpu-430x/mmpy-16/libcrt0.a(_unexpected_.o)

.debug_pubnames
 *(.debug_pubnames)

.debug_info     0x00000000     0x13c3
 *(.debug_info)
 .debug_info    0x00000000       0xe0 /usr/lib/gcc/msp430/4.6.3/mcpu-430x/mmpy-16/libgcc.a(_mulsi3.o)
 .debug_info    0x000000e0       0xe0 /usr/lib/gcc/msp430/4.6.3/mcpu-430x/mmpy-16/libgcc.a(_udivmod32.o)
 .debug_info    0x000001c0       0xbb /usr/lib/gcc/msp430/4.6.3/../../../../msp430/lib/mcpu-430x/mmpy-16/libc.a(strncmp.o)
 .debug_info    0x0000027b       0xe8 /usr/lib/gcc/msp430/4.6.3/../../../../msp430/lib/mcpu-430x/mmpy-16/libc.a(memcmp.o)
 .debug_info    0x00000363      0x113 /usr/lib/gcc/msp430/4.6.3/../../../../msp430/lib/mcpu-430x/mmpy-16/libc.a(memcpy.o)
 .debug_info    0x00000476       0xfe /usr/lib/gcc/msp430/4.6.3/../../../../msp430/lib/mcpu-430x/mmpy-16/libc.a(memset.o)
 .debug_info    0x00000574      0x105 /usr/lib/gcc/msp430/4.6.3/../../../../msp430/lib/mcpu-430x/mmpy-16/libc.a(printf.o)
 .debug_info    0x00000679      0x565 /usr/lib/gcc/msp430/4.6.3/../../../../msp430/lib/mcpu-430x/mmpy-16/libc.a(vuprintf.o)
 .debug_info    0x00000bde       0x96 /usr/lib/gcc/msp430/4.6.3/../../../../msp430/lib/mcpu-430x/mmpy-16/libc.a(puts.o)
 .debug_info    0x00000c74      0x13f /usr/lib/gcc/msp430/4.6.3/../../../../msp430/lib/mcpu-430x/mmpy-16/libc.a(rand.o)
 .debug_info    0x00000db3       0xe0 /usr/lib/gcc/msp430/4.6.3/mcpu-430x/mmpy-16/libgcc.a(_udivmod16.o)
 .debug_info    0x00000e93       0xe0 /usr/lib/gcc/msp430/4.6.3/mcpu-430x/mmpy-16/libgcc.a(_udivmod64.o)
 .debug_info    0x00000f73       0xb8 /usr/lib/gcc/msp430/4.6.3/mcpu-430x/mmpy-16/libcrt0.a(__watchdog_support.o)
 .debug_info    0x0000102b       0xb8 /usr/lib/gcc/msp430/4.6.3/mcpu-430x/mmpy-16/libcrt0.a(__init_stack.o)
 .debug_info    0x000010e3       0xb8 /usr/lib/gcc/msp430/4.6.3/mcpu-430x/mmpy-16/libcrt0.a(_copy_data.o)
 .debug_info    0x0000119b       0xb8 /usr/lib/gcc/msp430/4.6.3/mcpu-430x/mmpy-16/libcrt0.a(_clear_bss.o)
 .debug_info    0x00001253       0xb8 /usr/lib/gcc/msp430/4.6.3/mcpu-430x/mmpy-16/libcrt0.a(_endless_loop__.o)
 .debug_info    0x0000130b       0xb8 /usr/lib/gcc/msp430/4.6.3/mcpu-430x/mmpy-16/libcrt0.a(_unexpected_.o)
 *(.gnu.linkonce.wi.*)

.debug_abbrev   0x00000000      0x721
 *(.debug_abbrev)
 .debug_abbrev  0x00000000       0x14 /usr/lib/gcc/msp430/4.6.3/mcpu-430x/mmpy-16/libgcc.a(_mulsi3.o)
 .debug_abbrev  0x00000014       0x14 /usr/lib/gcc/msp430/4.6.3/mcpu-430x/mmpy-16/libgcc.a(_udivmod32.o)
 .debug_abbrev  0x00000028       0x7c /usr/lib/gcc/msp430/4.6.3/../../../../msp430/lib/mcpu-430x/mmpy-16/libc.a(strncmp.o)
 .debug_abbrev  0x000000a4       0x9b /usr/lib/gcc/msp430/4.6.3/../../../../msp430/lib/mcpu-430x/mmpy-16/libc.a(memcmp.o)
 .debug_abbrev  0x0000013f       0x97 /usr/lib/gcc/msp430/4.6.3/../../../../msp430/lib/mcpu-430x/mmpy-16/libc.a(memcpy.o)
 .debug_abbrev  0x000001d6       0x9c /usr/lib/gcc/msp430/4.6.3/../../../../msp430/lib/mcpu-430x/mmpy-16/libc.a(memset.o)
 .debug_abbrev  0x00000272       0xd0 /usr/lib/gcc/msp430/4.6.3/../../../../msp430/lib/mcpu-430x/mmpy-16/libc.a(printf.o)
 .debug_abbrev  0x00000342      0x1ef /usr/lib/gcc/msp430/4.6.3/../../../../msp430/lib/mcpu-430x/mmpy-16/libc.a(vuprintf.o)
 .debug_abbrev  0x00000531       0x60 /usr/lib/gcc/msp430/4.6.3/../../../../msp430/lib/mcpu-430x/mmpy-16/libc.a(puts.o)
 .debug_abbrev  0x00000591       0xf0 /usr/lib/gcc/msp430/4.6.3/../../../../msp430/lib/mcpu-430x/mmpy-16/libc.a(rand.o)
 .debug_abbrev  0x00000681       0x14 /usr/lib/gcc/msp430/4.6.3/mcpu-430x/mmpy-16/libgcc.a(_udivmod16.o)
 .debug_abbrev  0x00000695       0x14 /usr/lib/gcc/msp430/4.6.3/mcpu-430x/mmpy-16/libgcc.a(_udivmod64.o)
 .debug_abbrev  0x000006a9       0x14 /usr/lib/gcc/msp430/4.6.3/mcpu-430x/mmpy-16/libcrt0.a(__watchdog_support.o)
 .debug_abbrev  0x000006bd       0x14 /usr/lib/gcc/msp430/4.6.3/mcpu-430x/mmpy-16/libcrt0.a(__init_stack.o)
 .debug_abbrev  0x000006d1       0x14 /usr/lib/gcc/msp430/4.6.3/mcpu-430x/mmpy-16/libcrt0.a(_copy_data.o)
 .debug_abbrev  0x000006e5       0x14 /usr/lib/gcc/msp430/4.6.3/mcpu-430x/mmpy-16/libcrt0.a(_clear_bss.o)
 .debug_abbrev  0x000006f9       0x14 /usr/lib/gcc/msp430/4.6.3/mcpu-430x/mmpy-16/libcrt0.a(_endless_loop__.o)
 .debug_abbrev  0x0000070d       0x14 /usr/lib/gcc/msp430/4.6.3/mcpu-430x/mmpy-16/libcrt0.a(_unexpected_.o)

.debug_line     0x00000000      0xc4a
 *(.debug_line)
 .debug_line    0x00000000       0xa2 /usr/lib/gcc/msp430/4.6.3/mcpu-430x/mmpy-16/libgcc.a(_mulsi3.o)
 .debug_line    0x000000a2       0xa7 /usr/lib/gcc/msp430/4.6.3/mcpu-430x/mmpy-16/libgcc.a(_udivmod32.o)
 .debug_line    0x00000149       0x75 /usr/lib/gcc/msp430/4.6.3/../../../../msp430/lib/mcpu-430x/mmpy-16/libc.a(strncmp.o)
 .debug_line    0x000001be       0x73 /usr/lib/gcc/msp430/4.6.3/../../../../msp430/lib/mcpu-430x/mmpy-16/libc.a(memcmp.o)
 .debug_line    0x00000231       0xe9 /usr/lib/gcc/msp430/4.6.3/../../../../msp430/lib/mcpu-430x/mmpy-16/libc.a(memcpy.o)
 .debug_line    0x0000031a       0xc8 /usr/lib/gcc/msp430/4.6.3/../../../../msp430/lib/mcpu-430x/mmpy-16/libc.a(memset.o)
 .debug_line    0x000003e2       0x72 /usr/lib/gcc/msp430/4.6.3/../../../../msp430/lib/mcpu-430x/mmpy-16/libc.a(printf.o)
 .debug_line    0x00000454      0x2ce /usr/lib/gcc/msp430/4.6.3/../../../../msp430/lib/mcpu-430x/mmpy-16/libc.a(vuprintf.o)
 .debug_line    0x00000722       0x4d /usr/lib/gcc/msp430/4.6.3/../../../../msp430/lib/mcpu-430x/mmpy-16/libc.a(puts.o)
 .debug_line    0x0000076f       0x4f /usr/lib/gcc/msp430/4.6.3/../../../../msp430/lib/mcpu-430x/mmpy-16/libc.a(rand.o)
 .debug_line    0x000007be       0x9c /usr/lib/gcc/msp430/4.6.3/mcpu-430x/mmpy-16/libgcc.a(_udivmod16.o)
 .debug_line    0x0000085a       0xd5 /usr/lib/gcc/msp430/4.6.3/mcpu-430x/mmpy-16/libgcc.a(_udivmod64.o)
 .debug_line    0x0000092f       0x84 /usr/lib/gcc/msp430/4.6.3/mcpu-430x/mmpy-16/libcrt0.a(__watchdog_support.o)
 .debug_line    0x000009b3       0x82 /usr/lib/gcc/msp430/4.6.3/mcpu-430x/mmpy-16/libcrt0.a(__init_stack.o)
 .debug_line    0x00000a35       0x88 /usr/lib/gcc/msp430/4.6.3/mcpu-430x/mmpy-16/libcrt0.a(_copy_data.o)
 .debug_line    0x00000abd       0x88 /usr/lib/gcc/msp430/4.6.3/mcpu-430x/mmpy-16/libcrt0.a(_clear_bss.o)
 .debug_line    0x00000b45       0x83 /usr/lib/gcc/msp430/4.6.3/mcpu-430x/mmpy-16/libcrt0.a(_endless_loop__.o)
 .debug_line    0x00000bc8       0x82 /usr/lib/gcc/msp430/4.6.3/mcpu-430x/mmpy-16/libcrt0.a(_unexpected_.o)

.debug_frame    0x00000000      0x1ac
 *(.debug_frame)
 .debug_frame   0x00000000       0x24 /usr/lib/gcc/msp430/4.6.3/../../../../msp430/lib/mcpu-430x/mmpy-16/libc.a(strncmp.o)
 .debug_frame   0x00000024       0x24 /usr/lib/gcc/msp430/4.6.3/../../../../msp430/lib/mcpu-430x/mmpy-16/libc.a(memcmp.o)
 .debug_frame   0x00000048       0x2c /usr/lib/gcc/msp430/4.6.3/../../../../msp430/lib/mcpu-430x/mmpy-16/libc.a(memcpy.o)
 .debug_frame   0x00000074       0x2a /usr/lib/gcc/msp430/4.6.3/../../../../msp430/lib/mcpu-430x/mmpy-16/libc.a(memset.o)
 .debug_frame   0x0000009e       0x2a /usr/lib/gcc/msp430/4.6.3/../../../../msp430/lib/mcpu-430x/mmpy-16/libc.a(printf.o)
 .debug_frame   0x000000c8       0x84 /usr/lib/gcc/msp430/4.6.3/../../../../msp430/lib/mcpu-430x/mmpy-16/libc.a(vuprintf.o)
 .debug_frame   0x0000014c       0x24 /usr/lib/gcc/msp430/4.6.3/../../../../msp430/lib/mcpu-430x/mmpy-16/libc.a(puts.o)
 .debug_frame   0x00000170       0x3c /usr/lib/gcc/msp430/4.6.3/../../../../msp430/lib/mcpu-430x/mmpy-16/libc.a(rand.o)

.debug_str      0x00000000      0x3dc
 *(.debug_str)
 .debug_str     0x00000000       0xc4 /usr/lib/gcc/msp430/4.6.3/../../../../msp430/lib/mcpu-430x/mmpy-16/libc.a(strncmp.o)
                                 0xfd (size before relaxing)
 .debug_str     0x000000c4       0x19 /usr/lib/gcc/msp430/4.6.3/../../../../msp430/lib/mcpu-430x/mmpy-16/libc.a(memcmp.o)
                                 0xfb (size before relaxing)
 .debug_str     0x000000dd       0x34 /usr/lib/gcc/msp430/4.6.3/../../../../msp430/lib/mcpu-430x/mmpy-16/libc.a(memcpy.o)
                                0x116 (size before relaxing)
 .debug_str     0x00000111       0x26 /usr/lib/gcc/msp430/4.6.3/../../../../msp430/lib/mcpu-430x/mmpy-16/libc.a(memset.o)
                                0x114 (size before relaxing)
 .debug_str     0x00000137       0x40 /usr/lib/gcc/msp430/4.6.3/../../../../msp430/lib/mcpu-430x/mmpy-16/libc.a(printf.o)
                                0x12a (size before relaxing)
 .debug_str     0x00000177      0x221 /usr/lib/gcc/msp430/4.6.3/../../../../msp430/lib/mcpu-430x/mmpy-16/libc.a(vuprintf.o)
                                0x375 (size before relaxing)
 .debug_str     0x00000398       0x15 /usr/lib/gcc/msp430/4.6.3/../../../../msp430/lib/mcpu-430x/mmpy-16/libc.a(puts.o)
                                 0xf0 (size before relaxing)
 .debug_str     0x000003ad       0x2f /usr/lib/gcc/msp430/4.6.3/../../../../msp430/lib/mcpu-430x/mmpy-16/libc.a(rand.o)
                                0x10f (size before relaxing)

.debug_loc      0x00000000      0xa4d
 *(.debug_loc)
 .debug_loc     0x00000000       0x38 /usr/lib/gcc/msp430/4.6.3/../../../../msp430/lib/mcpu-430x/mmpy-16/libc.a(strncmp.o)
 .debug_loc     0x00000038       0x5e /usr/lib/gcc/msp430/4.6.3/../../../../msp430/lib/mcpu-430x/mmpy-16/libc.a(memcmp.o)
 .debug_loc     0x00000096      0x1d0 /usr/lib/gcc/msp430/4.6.3/../../../../msp430/lib/mcpu-430x/mmpy-16/libc.a(memcpy.o)
 .debug_loc     0x00000266       0xc3 /usr/lib/gcc/msp430/4.6.3/../../../../msp430/lib/mcpu-430x/mmpy-16/libc.a(memset.o)
 .debug_loc     0x00000329       0x38 /usr/lib/gcc/msp430/4.6.3/../../../../msp430/lib/mcpu-430x/mmpy-16/libc.a(printf.o)
 .debug_loc     0x00000361      0x697 /usr/lib/gcc/msp430/4.6.3/../../../../msp430/lib/mcpu-430x/mmpy-16/libc.a(vuprintf.o)
 .debug_loc     0x000009f8       0x26 /usr/lib/gcc/msp430/4.6.3/../../../../msp430/lib/mcpu-430x/mmpy-16/libc.a(puts.o)
 .debug_loc     0x00000a1e       0x2f /usr/lib/gcc/msp430/4.6.3/../../../../msp430/lib/mcpu-430x/mmpy-16/libc.a(rand.o)

.debug_macinfo
 *(.debug_macinfo)

.debug_pubtypes
 *(.debug_pubtypes)

.debug_ranges   0x00000000       0x18
 *(.debug_ranges)
 .debug_ranges  0x00000000       0x18 /usr/lib/gcc/msp430/4.6.3/../../../../msp430/lib/mcpu-430x/mmpy-16/libc.a(vuprintf.o)
                0x00003100                PROVIDE (__stack, (ORIGIN (ram) + 0x2000))
                0x00008758                PROVIDE (__data_start_rom, _etext)
                0x000087e8                PROVIDE (__data_end_rom, (_etext + SIZEOF (.data)))
OUTPUT(base_station.z1 elf32-msp430)
