Archive member included because of file (symbol)

contiki-z1.a(contiki-z1-plat)
                              obj_z1/contiki-z1-main.o (init_platform)
contiki-z1.a(msp430.o)        obj_z1/contiki-z1-main.o (splhigh_)
contiki-z1.a(leds.o)          obj_z1/contiki-z1-main.o (leds_init)
contiki-z1.a(watchdog.o)      obj_z1/contiki-z1-main.o (watchdog_start)
contiki-z1.a(xmem.o)          obj_z1/contiki-z1-main.o (xmem_init)
contiki-z1.a(spi.o)           contiki-z1.a(xmem.o) (spi_init)
contiki-z1.a(cc2420.o)        obj_z1/contiki-z1-main.o (cc2420_set_pan_addr)
contiki-z1.a(cc2420-arch.o)   contiki-z1.a(cc2420.o) (cc2420_arch_init)
contiki-z1.a(node-id.o)       obj_z1/contiki-z1-main.o (node_id_restore)
contiki-z1.a(sensors.o)       contiki-z1.a(contiki-z1-plat) (sensors_process)
contiki-z1.a(button-sensor.o)
                              obj_z1/contiki-z1-main.o (button_sensor)
contiki-z1.a(uart0.o)         obj_z1/contiki-z1-main.o (uart0_active)
contiki-z1.a(uart0-putchar.o)
                              obj_z1/contiki-z1-main.o (putchar)
contiki-z1.a(adxl345.o)       obj_z1/contiki-z1-main.o (accm_init)
contiki-z1.a(clock.o)         rocket_sender.co (clock_time)
contiki-z1.a(leds-arch.o)     contiki-z1.a(leds.o) (leds_arch_init)
contiki-z1.a(rtimer-arch.o)   obj_z1/contiki-z1-main.o (rtimer_arch_now)
contiki-z1.a(autostart.o)     obj_z1/contiki-z1-main.o (autostart_start)
contiki-z1.a(ctimer.o)        obj_z1/contiki-z1-main.o (ctimer_init)
contiki-z1.a(energest.o)      obj_z1/contiki-z1-main.o (energest_init)
contiki-z1.a(etimer.o)        contiki-z1.a(clock.o) (etimer_request_poll)
contiki-z1.a(process.o)       contiki-z1.a(ctimer.o) (process_current)
contiki-z1.a(rtimer.o)        obj_z1/contiki-z1-main.o (rtimer_init)
contiki-z1.a(timer.o)         contiki-z1.a(button-sensor.o) (timer_set)
contiki-z1.a(serial-line.o)   obj_z1/contiki-z1-main.o (serial_line_input_byte)
contiki-z1.a(list.o)          contiki-z1.a(ctimer.o) (list_init)
contiki-z1.a(ringbuf.o)       contiki-z1.a(serial-line.o) (ringbuf_init)
contiki-z1.a(broadcast.o)     rocket_sender.co (broadcast_open)
contiki-z1.a(channel.o)       contiki-z1.a(broadcast.o) (channel_set_attributes)
contiki-z1.a(rime.o)          obj_z1/contiki-z1-main.o (rime_driver)
contiki-z1.a(linkaddr.o)      obj_z1/contiki-z1-main.o (linkaddr_copy)
contiki-z1.a(packetbuf.o)     contiki-z1.a(rime.o) (packetbuf_compact)
contiki-z1.a(queuebuf.o)      contiki-z1.a(rime.o) (queuebuf_init)
contiki-z1.a(aloha.o)         obj_z1/contiki-z1-main.o (aloha_driver)
contiki-z1.a(mac.o)           contiki-z1.a(aloha.o) (mac_call_sent_callback)
contiki-z1.a(contikimac.o)    obj_z1/contiki-z1-main.o (contikimac_driver)
contiki-z1.a(contikimac-fram)
                              contiki-z1.a(contikimac.o) (contikimac_framer)
contiki-z1.a(nullsec.o)       contiki-z1.a(rime.o) (nullsec_driver)
contiki-z1.a(i2cmaster.o)     contiki-z1.a(adxl345.o) (i2c_receiveinit)
contiki-z1.a(compower.o)      contiki-z1.a(contikimac.o) (compower_accumulate)
contiki-z1.a(memb.o)          contiki-z1.a(queuebuf.o) (memb_init)
contiki-z1.a(random.o)        contiki-z1.a(aloha.o) (random_rand)
contiki-z1.a(abc.o)           contiki-z1.a(broadcast.o) (abc_open)
contiki-z1.a(announcement.o)  contiki-z1.a(rime.o) (announcement_init)
contiki-z1.a(broadcast-annou)
                              contiki-z1.a(rime.o) (broadcast_announcement_init)
contiki-z1.a(chameleon.o)     contiki-z1.a(rime.o) (chameleon_init)
contiki-z1.a(csma.o)          contiki-z1.a(contikimac.o) (csma_driver)
contiki-z1.a(framer-802154.o)
                              contiki-z1.a(contikimac-fram) (framer_802154)
contiki-z1.a(framer.o)        contiki-z1.a(framer-802154.o) (framer_canonical_create_and_secure)
contiki-z1.a(mac-sequence.o)  contiki-z1.a(contikimac.o) (mac_sequence_is_duplicate)
contiki-z1.a(chameleon-bitop)
                              contiki-z1.a(chameleon.o) (chameleon_bitopt)
contiki-z1.a(frame802154.o)   contiki-z1.a(framer-802154.o) (frame802154_hdrlen)
/usr/lib/gcc/msp430/4.6.3/mcpu-430x/mmpy-16/libgcc.a(_mulsi3.o)
                              rocket_sender.co (__mulsi3)
/usr/lib/gcc/msp430/4.6.3/mcpu-430x/mmpy-16/libgcc.a(_udivmod16.o)
                              contiki-z1.a(aloha.o) (__umodhi3)
/usr/lib/gcc/msp430/4.6.3/mcpu-430x/mmpy-16/libgcc.a(_udivmod32.o)
                              rocket_sender.co (__udivsi3)
/usr/lib/gcc/msp430/4.6.3/../../../../msp430/lib/mcpu-430x/mmpy-16/libc.a(strncmp.o)
                              contiki-z1.a(sensors.o) (strncmp)
/usr/lib/gcc/msp430/4.6.3/../../../../msp430/lib/mcpu-430x/mmpy-16/libc.a(memcmp.o)
                              contiki-z1.a(linkaddr.o) (memcmp)
/usr/lib/gcc/msp430/4.6.3/../../../../msp430/lib/mcpu-430x/mmpy-16/libc.a(memcpy.o)
                              contiki-z1.a(node-id.o) (memcpy)
/usr/lib/gcc/msp430/4.6.3/../../../../msp430/lib/mcpu-430x/mmpy-16/libc.a(memset.o)
                              obj_z1/contiki-z1-main.o (memset)
/usr/lib/gcc/msp430/4.6.3/../../../../msp430/lib/mcpu-430x/mmpy-16/libc.a(printf.o)
                              obj_z1/contiki-z1-main.o (printf)
/usr/lib/gcc/msp430/4.6.3/../../../../msp430/lib/mcpu-430x/mmpy-16/libc.a(sprintf.o)
                              rocket_sender.co (snprintf)
/usr/lib/gcc/msp430/4.6.3/../../../../msp430/lib/mcpu-430x/mmpy-16/libc.a(vuprintf.o)
                              /usr/lib/gcc/msp430/4.6.3/../../../../msp430/lib/mcpu-430x/mmpy-16/libc.a(printf.o) (vuprintf)
/usr/lib/gcc/msp430/4.6.3/../../../../msp430/lib/mcpu-430x/mmpy-16/libc.a(puts.o)
                              rocket_sender.co (puts)
/usr/lib/gcc/msp430/4.6.3/../../../../msp430/lib/mcpu-430x/mmpy-16/libc.a(rand.o)
                              contiki-z1.a(random.o) (rand)
/usr/lib/gcc/msp430/4.6.3/mcpu-430x/mmpy-16/libgcc.a(_udivmod64.o)
                              /usr/lib/gcc/msp430/4.6.3/../../../../msp430/lib/mcpu-430x/mmpy-16/libc.a(vuprintf.o) (__udivdi3)
/usr/lib/gcc/msp430/4.6.3/mcpu-430x/mmpy-16/libcrt0.a(_reset_vector__.o)
                              /usr/lib/gcc/msp430/4.6.3/mcpu-430x/mmpy-16/crt0ivtbl32.o (_reset_vector__)
/usr/lib/gcc/msp430/4.6.3/mcpu-430x/mmpy-16/libcrt0.a(__watchdog_support.o)
                              /usr/lib/gcc/msp430/4.6.3/mcpu-430x/mmpy-16/libcrt0.a(_reset_vector__.o) (__watchdog_support)
/usr/lib/gcc/msp430/4.6.3/mcpu-430x/mmpy-16/libcrt0.a(__init_stack.o)
                              /usr/lib/gcc/msp430/4.6.3/mcpu-430x/mmpy-16/libcrt0.a(_reset_vector__.o) (__init_stack)
/usr/lib/gcc/msp430/4.6.3/mcpu-430x/mmpy-16/libcrt0.a(__low_level_init.o)
                              /usr/lib/gcc/msp430/4.6.3/mcpu-430x/mmpy-16/libcrt0.a(_reset_vector__.o) (__low_level_init)
/usr/lib/gcc/msp430/4.6.3/mcpu-430x/mmpy-16/libcrt0.a(_copy_data.o)
                              /usr/lib/gcc/msp430/4.6.3/mcpu-430x/mmpy-16/libcrt0.a(_reset_vector__.o) (__do_copy_data)
/usr/lib/gcc/msp430/4.6.3/mcpu-430x/mmpy-16/libcrt0.a(_clear_bss.o)
                              /usr/lib/gcc/msp430/4.6.3/mcpu-430x/mmpy-16/libcrt0.a(_reset_vector__.o) (__do_clear_bss)
/usr/lib/gcc/msp430/4.6.3/mcpu-430x/mmpy-16/libcrt0.a(__stop_progExec__.o)
                              /usr/lib/gcc/msp430/4.6.3/mcpu-430x/mmpy-16/libcrt0.a(_reset_vector__.o) (__stop_progExec__)
/usr/lib/gcc/msp430/4.6.3/mcpu-430x/mmpy-16/libcrt0.a(_endless_loop__.o)
                              /usr/lib/gcc/msp430/4.6.3/mcpu-430x/mmpy-16/libcrt0.a(_reset_vector__.o) (_endless_loop__)
/usr/lib/gcc/msp430/4.6.3/mcpu-430x/mmpy-16/libcrt0.a(_unexpected_.o)
                              /usr/lib/gcc/msp430/4.6.3/mcpu-430x/mmpy-16/crt0ivtbl32.o (_unexpected_)

Allocating common symbols
Common symbol       size              file

compower_idle_activity
                    0x8               contiki-z1.a(compower.o)
energest_total_time
                    0x30              contiki-z1.a(energest.o)
cc2420_last_rssi    0x1               contiki-z1.a(cc2420.o)
accm_int2_cb        0x2               contiki-z1.a(adxl345.o)
energest_total_count
                    0x2               contiki-z1.a(energest.o)
cc2420_sfd_start_time
                    0x2               contiki-z1.a(cc2420.o)
cc2420_time_of_departure
                    0x2               contiki-z1.a(cc2420.o)
cc2420_time_of_arrival
                    0x2               contiki-z1.a(cc2420.o)
energest_current_mode
                    0xc               contiki-z1.a(energest.o)
packetbuf_addrs     0x8               contiki-z1.a(packetbuf.o)
process_maxevents   0x1               contiki-z1.a(process.o)
transmit_data1      0x1               contiki-z1.a(i2cmaster.o)
rx_byte_ctr         0x1               contiki-z1.a(i2cmaster.o)
int2_event          0x1               contiki-z1.a(adxl345.o)
tx_buf_ptr          0x2               contiki-z1.a(i2cmaster.o)
tx_byte_ctr         0x1               contiki-z1.a(i2cmaster.o)
cc2420_last_correlation
                    0x1               contiki-z1.a(cc2420.o)
linkaddr_node_addr  0x2               contiki-z1.a(linkaddr.o)
accm_int1_cb        0x2               contiki-z1.a(adxl345.o)
cc2420_authority_level_of_sender
                    0x2               contiki-z1.a(cc2420.o)
i                   0x2               contiki-z1.a(i2cmaster.o)
packetbuf_attrs     0x34              contiki-z1.a(packetbuf.o)
receive_data        0x1               contiki-z1.a(i2cmaster.o)
cc2420_sfd_counter  0x1               contiki-z1.a(cc2420.o)
rx_buf              0x2               contiki-z1.a(i2cmaster.o)
node_mac            0x8               contiki-z1.a(node-id.o)
transmit_data2      0x1               contiki-z1.a(i2cmaster.o)
energest_current_time
                    0x18              contiki-z1.a(energest.o)
rx_buf_ptr          0x2               contiki-z1.a(i2cmaster.o)
sensors_flags       0x2               obj_z1/contiki-z1-main.o
serial_line_event_message
                    0x1               contiki-z1.a(serial-line.o)
int1_event          0x1               contiki-z1.a(adxl345.o)
cc2420_sfd_end_time
                    0x2               contiki-z1.a(cc2420.o)
sensors_event       0x1               contiki-z1.a(sensors.o)

Memory Configuration

Name             Origin             Length             Attributes
sfr              0x00000000         0x00000010
peripheral_8bit  0x00000010         0x000000f0
peripheral_16bit 0x00000100         0x00000100
ram_mirror       0x00000200         0x00000800         xw
infomem          0x00001000         0x00000100
infod            0x00001000         0x00000040
infoc            0x00001040         0x00000040
infob            0x00001080         0x00000040
infoa            0x000010c0         0x00000040
ram              0x00001100         0x00002000         xw
rom              0x00003100         0x0000cebe         xr
vectors          0x0000ffc0         0x00000040
far_rom          0x00010000         0x0000a000
bsl              0x00000000         0x00000000
ram2             0x00000000         0x00000000         xw
usbram           0x00000000         0x00000000         xw
*default*        0x00000000         0xffffffff

Linker script and memory map

LOAD /usr/lib/gcc/msp430/4.6.3/mcpu-430x/mmpy-16/crt0ivtbl32.o
                0x00000041                __P1SEL2 = 0x41
                0x00000045                __P5SEL2 = 0x45
LOAD rocket_sender.co
LOAD obj_z1/contiki-z1-main.o
LOAD contiki-z1.a
LOAD /usr/lib/gcc/msp430/4.6.3/mcpu-430x/mmpy-16/libgcc.a
LOAD /usr/lib/gcc/msp430/4.6.3/../../../../msp430/lib/mcpu-430x/mmpy-16/libc.a
LOAD /usr/lib/gcc/msp430/4.6.3/mcpu-430x/mmpy-16/libgcc.a
LOAD /usr/lib/gcc/msp430/4.6.3/mcpu-430x/mmpy-16/libcrt0.a
                0x00000040                PROVIDE (__info_segment_size, 0x40)
                0x00001000                PROVIDE (__infod, 0x1000)
                0x00001040                PROVIDE (__infoc, 0x1040)
                0x00001080                PROVIDE (__infob, 0x1080)
                0x000010c0                PROVIDE (__infoa, 0x10c0)
                0x00000000                __IE1 = 0x0
                0x00000002                __IFG1 = 0x2
                0x00000001                __IE2 = 0x1
                0x00000003                __IFG2 = 0x3
                0x00000006                __UC1IE = 0x6
                0x00000007                __UC1IFG = 0x7
                0x000001a0                __ADC12CTL0 = 0x1a0
                0x000001a2                __ADC12CTL1 = 0x1a2
                0x000001a4                __ADC12IFG = 0x1a4
                0x000001a6                __ADC12IE = 0x1a6
                0x000001a8                __ADC12IV = 0x1a8
                0x00000140                __ADC12MEM0 = 0x140
                0x00000142                __ADC12MEM1 = 0x142
                0x00000144                __ADC12MEM2 = 0x144
                0x00000146                __ADC12MEM3 = 0x146
                0x00000148                __ADC12MEM4 = 0x148
                0x0000014a                __ADC12MEM5 = 0x14a
                0x0000014c                __ADC12MEM6 = 0x14c
                0x0000014e                __ADC12MEM7 = 0x14e
                0x00000150                __ADC12MEM8 = 0x150
                0x00000152                __ADC12MEM9 = 0x152
                0x00000154                __ADC12MEM10 = 0x154
                0x00000156                __ADC12MEM11 = 0x156
                0x00000158                __ADC12MEM12 = 0x158
                0x0000015a                __ADC12MEM13 = 0x15a
                0x0000015c                __ADC12MEM14 = 0x15c
                0x0000015e                __ADC12MEM15 = 0x15e
                0x00000080                __ADC12MCTL0 = 0x80
                0x00000081                __ADC12MCTL1 = 0x81
                0x00000082                __ADC12MCTL2 = 0x82
                0x00000083                __ADC12MCTL3 = 0x83
                0x00000084                __ADC12MCTL4 = 0x84
                0x00000085                __ADC12MCTL5 = 0x85
                0x00000086                __ADC12MCTL6 = 0x86
                0x00000087                __ADC12MCTL7 = 0x87
                0x00000088                __ADC12MCTL8 = 0x88
                0x00000089                __ADC12MCTL9 = 0x89
                0x0000008a                __ADC12MCTL10 = 0x8a
                0x0000008b                __ADC12MCTL11 = 0x8b
                0x0000008c                __ADC12MCTL12 = 0x8c
                0x0000008d                __ADC12MCTL13 = 0x8d
                0x0000008e                __ADC12MCTL14 = 0x8e
                0x0000008f                __ADC12MCTL15 = 0x8f
                0x00000056                __DCOCTL = 0x56
                0x00000057                __BCSCTL1 = 0x57
                0x00000058                __BCSCTL2 = 0x58
                0x00000053                __BCSCTL3 = 0x53
                0x00000059                __CACTL1 = 0x59
                0x0000005a                __CACTL2 = 0x5a
                0x0000005b                __CAPD = 0x5b
                0x000001c0                __DAC12_0CTL = 0x1c0
                0x000001c2                __DAC12_1CTL = 0x1c2
                0x000001c8                __DAC12_0DAT = 0x1c8
                0x000001ca                __DAC12_1DAT = 0x1ca
                0x00000122                __DMACTL0 = 0x122
                0x00000124                __DMACTL1 = 0x124
                0x00000126                __DMAIV = 0x126
                0x000001d0                __DMA0CTL = 0x1d0
                0x000001dc                __DMA1CTL = 0x1dc
                0x000001e8                __DMA2CTL = 0x1e8
                0x000001d2                __DMA0SA = 0x1d2
                0x000001d2                __DMA0SAL = 0x1d2
                0x000001d6                __DMA0DA = 0x1d6
                0x000001d6                __DMA0DAL = 0x1d6
                0x000001da                __DMA0SZ = 0x1da
                0x000001de                __DMA1SA = 0x1de
                0x000001de                __DMA1SAL = 0x1de
                0x000001e2                __DMA1DA = 0x1e2
                0x000001e2                __DMA1DAL = 0x1e2
                0x000001e6                __DMA1SZ = 0x1e6
                0x000001ea                __DMA2SA = 0x1ea
                0x000001ea                __DMA2SAL = 0x1ea
                0x000001ee                __DMA2DA = 0x1ee
                0x000001ee                __DMA2DAL = 0x1ee
                0x000001f2                __DMA2SZ = 0x1f2
                0x00000128                __FCTL1 = 0x128
                0x0000012a                __FCTL2 = 0x12a
                0x0000012c                __FCTL3 = 0x12c
                0x000001be                __FCTL4 = 0x1be
                0x00000130                __MPY = 0x130
                0x00000132                __MPYS = 0x132
                0x00000134                __MAC = 0x134
                0x00000136                __MACS = 0x136
                0x00000138                __OP2 = 0x138
                0x0000013a                __RESLO = 0x13a
                0x0000013c                __RESHI = 0x13c
                0x0000013e                __SUMEXT = 0x13e
                0x00000020                __P1IN = 0x20
                0x00000021                __P1OUT = 0x21
                0x00000022                __P1DIR = 0x22
                0x00000023                __P1IFG = 0x23
                0x00000024                __P1IES = 0x24
                0x00000025                __P1IE = 0x25
                0x00000026                __P1SEL = 0x26
                0x00000027                __P1REN = 0x27
                0x00000028                __P2IN = 0x28
                0x00000029                __P2OUT = 0x29
                0x0000002a                __P2DIR = 0x2a
                0x0000002b                __P2IFG = 0x2b
                0x0000002c                __P2IES = 0x2c
                0x0000002d                __P2IE = 0x2d
                0x0000002e                __P2SEL = 0x2e
                0x0000002f                __P2REN = 0x2f
                0x00000018                __P3IN = 0x18
                0x00000019                __P3OUT = 0x19
                0x0000001a                __P3DIR = 0x1a
                0x0000001b                __P3SEL = 0x1b
                0x00000010                __P3REN = 0x10
                0x0000001c                __P4IN = 0x1c
                0x0000001d                __P4OUT = 0x1d
                0x0000001e                __P4DIR = 0x1e
                0x0000001f                __P4SEL = 0x1f
                0x00000011                __P4REN = 0x11
                0x00000030                __P5IN = 0x30
                0x00000031                __P5OUT = 0x31
                0x00000032                __P5DIR = 0x32
                0x00000033                __P5SEL = 0x33
                0x00000012                __P5REN = 0x12
                0x00000034                __P6IN = 0x34
                0x00000035                __P6OUT = 0x35
                0x00000036                __P6DIR = 0x36
                0x00000037                __P6SEL = 0x37
                0x00000013                __P6REN = 0x13
                0x00000038                __P7IN = 0x38
                0x0000003a                __P7OUT = 0x3a
                0x0000003c                __P7DIR = 0x3c
                0x0000003e                __P7SEL = 0x3e
                0x00000014                __P7REN = 0x14
                0x00000039                __P8IN = 0x39
                0x0000003b                __P8OUT = 0x3b
                0x0000003d                __P8DIR = 0x3d
                0x0000003f                __P8SEL = 0x3f
                0x00000015                __P8REN = 0x15
                0x00000038                __PAIN = 0x38
                0x0000003a                __PAOUT = 0x3a
                0x0000003c                __PADIR = 0x3c
                0x0000003e                __PASEL = 0x3e
                0x00000014                __PAREN = 0x14
                0x00000055                __SVSCTL = 0x55
                0x0000012e                __TAIV = 0x12e
                0x00000160                __TACTL = 0x160
                0x00000162                __TACCTL0 = 0x162
                0x00000164                __TACCTL1 = 0x164
                0x00000166                __TACCTL2 = 0x166
                0x00000170                __TAR = 0x170
                0x00000172                __TACCR0 = 0x172
                0x00000174                __TACCR1 = 0x174
                0x00000176                __TACCR2 = 0x176
                0x0000011e                __TBIV = 0x11e
                0x00000180                __TBCTL = 0x180
                0x00000182                __TBCCTL0 = 0x182
                0x00000184                __TBCCTL1 = 0x184
                0x00000186                __TBCCTL2 = 0x186
                0x00000188                __TBCCTL3 = 0x188
                0x0000018a                __TBCCTL4 = 0x18a
                0x0000018c                __TBCCTL5 = 0x18c
                0x0000018e                __TBCCTL6 = 0x18e
                0x00000190                __TBR = 0x190
                0x00000192                __TBCCR0 = 0x192
                0x00000194                __TBCCR1 = 0x194
                0x00000196                __TBCCR2 = 0x196
                0x00000198                __TBCCR3 = 0x198
                0x0000019a                __TBCCR4 = 0x19a
                0x0000019c                __TBCCR5 = 0x19c
                0x0000019e                __TBCCR6 = 0x19e
                0x00000060                __UCA0CTL0 = 0x60
                0x00000061                __UCA0CTL1 = 0x61
                0x00000062                __UCA0BR0 = 0x62
                0x00000063                __UCA0BR1 = 0x63
                0x00000064                __UCA0MCTL = 0x64
                0x00000065                __UCA0STAT = 0x65
                0x00000066                __UCA0RXBUF = 0x66
                0x00000067                __UCA0TXBUF = 0x67
                0x0000005d                __UCA0ABCTL = 0x5d
                0x0000005e                __UCA0IRTCTL = 0x5e
                0x0000005f                __UCA0IRRCTL = 0x5f
                0x00000068                __UCB0CTL0 = 0x68
                0x00000069                __UCB0CTL1 = 0x69
                0x0000006a                __UCB0BR0 = 0x6a
                0x0000006b                __UCB0BR1 = 0x6b
                0x0000006c                __UCB0I2CIE = 0x6c
                0x0000006d                __UCB0STAT = 0x6d
                0x0000006e                __UCB0RXBUF = 0x6e
                0x0000006f                __UCB0TXBUF = 0x6f
                0x00000118                __UCB0I2COA = 0x118
                0x0000011a                __UCB0I2CSA = 0x11a
                0x000000d0                __UCA1CTL0 = 0xd0
                0x000000d1                __UCA1CTL1 = 0xd1
                0x000000d2                __UCA1BR0 = 0xd2
                0x000000d3                __UCA1BR1 = 0xd3
                0x000000d4                __UCA1MCTL = 0xd4
                0x000000d5                __UCA1STAT = 0xd5
                0x000000d6                __UCA1RXBUF = 0xd6
                0x000000d7                __UCA1TXBUF = 0xd7
                0x000000cd                __UCA1ABCTL = 0xcd
                0x000000ce                __UCA1IRTCTL = 0xce
                0x000000cf                __UCA1IRRCTL = 0xcf
                0x000000d8                __UCB1CTL0 = 0xd8
                0x000000d9                __UCB1CTL1 = 0xd9
                0x000000da                __UCB1BR0 = 0xda
                0x000000db                __UCB1BR1 = 0xdb
                0x000000dc                __UCB1I2CIE = 0xdc
                0x000000dd                __UCB1STAT = 0xdd
                0x000000de                __UCB1RXBUF = 0xde
                0x000000df                __UCB1TXBUF = 0xdf
                0x0000017c                __UCB1I2COA = 0x17c
                0x0000017e                __UCB1I2CSA = 0x17e
                0x00000120                __WDTCTL = 0x120
                0x000010c0                __TLV_CHECKSUM = 0x10c0
                0x000010f6                __TLV_DCO_30_TAG = 0x10f6
                0x000010f7                __TLV_DCO_30_LEN = 0x10f7
                0x000010da                __TLV_ADC12_1_TAG = 0x10da
                0x000010db                __TLV_ADC12_1_LEN = 0x10db
                0x000010f8                __CALDCO_16MHZ = 0x10f8
                0x000010f9                __CALBC1_16MHZ = 0x10f9
                0x000010fa                __CALDCO_12MHZ = 0x10fa
                0x000010fb                __CALBC1_12MHZ = 0x10fb
                0x000010fc                __CALDCO_8MHZ = 0x10fc
                0x000010fd                __CALBC1_8MHZ = 0x10fd
                0x000010fe                __CALDCO_1MHZ = 0x10fe
                0x000010ff                __CALBC1_1MHZ = 0x10ff

.hash
 *(.hash)

.dynsym
 *(.dynsym)

.dynstr
 *(.dynstr)

.gnu.version
 *(.gnu.version)

.gnu.version_d
 *(.gnu.version_d)

.gnu.version_r
 *(.gnu.version_r)

.rel.init
 *(.rel.init)

.rela.init
 *(.rela.init)

.rel.fini
 *(.rel.fini)

.rela.fini
 *(.rela.fini)

.rel.text
 *(.rel.text .rel.text.* .rel.gnu.linkonce.t.*)

.rela.text
 *(.rela.text .rela.text.* .rela.gnu.linkonce.t.*)

.rel.rodata
 *(.rel.rodata .rel.rodata.* .rel.gnu.linkonce.r.*)

.rela.rodata
 *(.rela.rodata .rela.rodata.* .rela.gnu.linkonce.r.*)

.rel.data
 *(.rel.data .rel.data.* .rel.gnu.linkonce.d.*)

.rela.data
 *(.rela.data .rela.data.* .rela.gnu.linkonce.d.*)

.rel.bss
 *(.rel.bss .rel.bss.* .rel.gnu.linkonce.b.*)

.rela.bss
 *(.rela.bss .rela.bss.* .rela.gnu.linkonce.b.*)

.rel.ctors
 *(.rel.ctors)

.rela.ctors
 *(.rela.ctors)

.rel.dtors
 *(.rel.dtors)

.rela.dtors
 *(.rela.dtors)

.rel.got
 *(.rel.got)

.rela.got
 *(.rela.got)

.rel.plt
 *(.rel.plt)

.rela.plt
 *(.rela.plt)

.text           0x00003100     0x5926
                0x00003100                . = ALIGN (0x2)
 *(.init .init.*)
 *(.init0)
 .init0         0x00003100        0x0 /usr/lib/gcc/msp430/4.6.3/mcpu-430x/mmpy-16/libcrt0.a(_reset_vector__.o)
                0x00003100                _reset_vector__
 *(.init1)
 .init1         0x00003100        0xc /usr/lib/gcc/msp430/4.6.3/mcpu-430x/mmpy-16/libcrt0.a(__watchdog_support.o)
                0x00003100                __watchdog_support
 *(.init2)
 .init2         0x0000310c        0x4 /usr/lib/gcc/msp430/4.6.3/mcpu-430x/mmpy-16/libcrt0.a(__init_stack.o)
                0x0000310c                __init_stack
 *(.init3)
 .init3         0x00003110        0x0 /usr/lib/gcc/msp430/4.6.3/mcpu-430x/mmpy-16/libcrt0.a(__low_level_init.o)
                0x00003110                __low_level_init
 *(.init4)
 .init4         0x00003110       0x18 /usr/lib/gcc/msp430/4.6.3/mcpu-430x/mmpy-16/libcrt0.a(_copy_data.o)
                0x00003110                __do_copy_data
 .init4         0x00003128       0x16 /usr/lib/gcc/msp430/4.6.3/mcpu-430x/mmpy-16/libcrt0.a(_clear_bss.o)
                0x00003128                __do_clear_bss
 *(.init5)
 *(.init6)
 *(.init7)
 *(.init8)
 *(.init9)
 .init9         0x0000313e      0x2fa obj_z1/contiki-z1-main.o
                0x0000313e                main
 *(.fini9)
 .fini9         0x00003438        0x0 /usr/lib/gcc/msp430/4.6.3/mcpu-430x/mmpy-16/libcrt0.a(__stop_progExec__.o)
                0x00003438                __stop_progExec__
 *(.fini8)
 *(.fini7)
 *(.fini6)
 *(.fini5)
 *(.fini4)
 *(.fini3)
 *(.fini2)
 *(.fini1)
 *(.fini0)
 .fini0         0x00003438        0x6 /usr/lib/gcc/msp430/4.6.3/mcpu-430x/mmpy-16/libcrt0.a(_endless_loop__.o)
                0x00003438                _endless_loop__
 *(.fini .fini.*)
                0x0000343e                . = ALIGN (0x2)
                0x0000343e                __ctors_start = .
 *(.ctors)
                0x0000343e                __ctors_end = .
                0x0000343e                __dtors_start = .
 *(.dtors)
                0x0000343e                __dtors_end = .
                0x0000343e                . = ALIGN (0x2)
 *(.text .text.* .gnu.linkonce.t.*)
 .text          0x0000343e        0x4 /usr/lib/gcc/msp430/4.6.3/mcpu-430x/mmpy-16/crt0ivtbl32.o
                0x0000343e                __isr_14
                0x0000343e                __isr_4
                0x0000343e                __isr_29
                0x0000343e                __isr_11
                0x0000343e                __isr_5
                0x0000343e                __isr_2
                0x0000343e                __isr_10
                0x0000343e                __isr_7
                0x0000343e                __isr_0
                0x0000343e                __isr_28
                0x0000343e                __isr_8
                0x0000343e                __isr_20
                0x0000343e                __isr_3
                0x0000343e                __isr_12
                0x0000343e                __isr_13
                0x0000343e                __isr_27
                0x0000343e                __isr_9
                0x0000343e                __isr_30
                0x0000343e                __isr_6
                0x0000343e                __isr_22
                0x0000343e                __isr_1
                0x0000343e                __isr_15
                0x0000343e                __isr_21
 .text.crt0     0x00003442        0x0 /usr/lib/gcc/msp430/4.6.3/mcpu-430x/mmpy-16/crt0ivtbl32.o
 .text          0x00003442      0x23a rocket_sender.co
                0x00003444                simular_dados
 .text          0x0000367c        0x6 obj_z1/contiki-z1-main.o
                0x0000367c                uip_log
 .text          0x00003682        0xc contiki-z1.a(contiki-z1-plat)
                0x00003682                init_platform
 .text          0x0000368e       0xcc contiki-z1.a(msp430.o)
                0x0000368e                msp430_init_dco
                0x000036b6                splhigh_
                0x000036be                msp430_sync_dco
                0x00003730                msp430_cpu_init
 .text          0x0000375a      0x146 contiki-z1.a(leds.o)
                0x00003848                leds_init
                0x00003852                leds_get
                0x00003858                leds_set
                0x0000385e                leds_on
                0x00003868                leds_off
                0x00003876                leds_toggle
                0x00003880                leds_blink
 .text          0x000038a0       0x5c contiki-z1.a(watchdog.o)
                0x000038a0                __isr_26
                0x000038a0                watchdog_interrupt
                0x000038a6                watchdog_start
                0x000038ba                watchdog_periodic
                0x000038cc                watchdog_stop
                0x000038e2                watchdog_init
                0x000038f6                watchdog_reboot
 .text          0x000038fc      0x350 contiki-z1.a(xmem.o)
                0x00003974                xmem_init
                0x00003992                xmem_pread
                0x00003a62                xmem_pwrite
                0x00003b96                xmem_erase
 .text          0x00003c4c       0x38 contiki-z1.a(spi.o)
                0x00003c4c                spi_init
 .text          0x00003c84      0xa2e contiki-z1.a(cc2420.o)
                0x00004014                cc2420_on
                0x00004036                cc2420_off
                0x00004248                cc2420_get_channel
                0x0000424e                cc2420_set_channel
                0x00004288                cc2420_set_pan_addr
                0x000042d4                cc2420_interrupt
                0x000042ec                cc2420_set_txpower
                0x000042fa                cc2420_get_txpower
                0x0000444c                cc2420_rssi
                0x0000453a                cc2420_set_cca_threshold
                0x000045d4                cc2420_init
 .text          0x000046b2       0x1a contiki-z1.a(cc2420-arch.o)
                0x000046b2                cc2420_arch_init
 .text          0x000046cc       0x9a contiki-z1.a(node-id.o)
                0x000046cc                node_id_restore
                0x00004718                node_id_burn
 .text          0x00004766      0x158 contiki-z1.a(sensors.o)
                0x00004824                sensors_first
                0x0000482a                sensors_next
                0x00004856                sensors_changed
                0x00004880                sensors_find
 .text          0x000048be      0x100 contiki-z1.a(button-sensor.o)
                0x00004948                irq_p2
                0x00004948                __isr_19
 .text          0x000049be       0xd8 contiki-z1.a(uart0.o)
                0x000049be                uart0_active
                0x000049cc                uart0_set_input
                0x000049d2                uart0_writeb
                0x000049ea                uart0_init
                0x00004a30                __isr_23
                0x00004a30                uart0_rx_interrupt
 .text          0x00004a96       0x10 contiki-z1.a(uart0-putchar.o)
                0x00004a96                putchar
 .text          0x00004aa6      0x318 contiki-z1.a(adxl345.o)
                0x00004aa6                accm_write_reg
                0x00004ad4                accm_write_stream
                0x00004afe                accm_read_reg
                0x00004ba8                accm_read_stream
                0x00004bfa                accm_read_axis
                0x00004c20                accm_set_grange
                0x00004c44                accm_init
                0x00004cce                accm_set_irq
                0x00004cfa                port1_isr
                0x00004cfa                __isr_18
 .text          0x00004dbe      0x1e8 contiki-z1.a(clock.o)
                0x00004dbe                __isr_24
                0x00004dbe                timera1
                0x00004ec8                clock_time
                0x00004ee2                clock_set
                0x00004ef8                clock_fine_max
                0x00004efe                clock_fine
                0x00004f0a                clock_init
                0x00004f32                clock_delay
                0x00004f3e                clock_wait
                0x00004f66                clock_set_seconds
                0x00004f7e                clock_seconds
                0x00004f98                clock_counter
 .text          0x00004fa6       0x78 contiki-z1.a(leds-arch.o)
                0x00004fa6                leds_arch_init
                0x00004fb4                leds_arch_get
                0x00004fe4                leds_arch_set
 .text          0x0000501e       0x7e contiki-z1.a(rtimer-arch.o)
                0x0000501e                rtimer_arch_init
                0x0000502c                rtimer_arch_now
                0x0000503a                __isr_25
                0x0000503a                timera0
                0x00005096                rtimer_arch_schedule
 .text          0x0000509c       0x2a contiki-z1.a(autostart.o)
                0x0000509c                autostart_start
                0x000050b2                autostart_exit
 .text          0x000050c6      0x1ae contiki-z1.a(ctimer.o)
                0x00005162                ctimer_init
                0x0000517a                ctimer_set
                0x000051c2                ctimer_reset
                0x000051ee                ctimer_restart
                0x0000521a                ctimer_stop
                0x00005242                ctimer_expired
 .text          0x00005274       0xae contiki-z1.a(energest.o)
                0x00005274                energest_init
                0x0000529c                energest_type_time
                0x000052d8                energest_leveldevice_leveltime
                0x000052de                energest_type_set
                0x000052ea                energest_flush
 .text          0x00005322      0x252 contiki-z1.a(etimer.o)
                0x00005392                etimer_request_poll
                0x0000549c                etimer_set
                0x000054ae                etimer_reset
                0x000054c0                etimer_restart
                0x000054d2                etimer_adjust
                0x000054ec                etimer_expired
                0x000054fa                etimer_expiration_time
                0x0000550e                etimer_start_time
                0x00005516                etimer_pending
                0x00005522                etimer_next_expiration_time
                0x00005538                etimer_stop
 .text          0x00005574      0x2a0 contiki-z1.a(process.o)
                0x00005674                process_alloc_event
                0x00005682                process_exit
                0x0000568c                process_init
                0x000056a8                process_run
                0x0000574c                process_nevents
                0x0000575a                process_post
                0x000057aa                process_post_synch
                0x000057bc                process_start
                0x000057ee                process_poll
                0x00005806                process_is_running
 .text          0x00005814       0x50 contiki-z1.a(rtimer.o)
                0x00005814                rtimer_init
                0x0000581a                rtimer_set
                0x0000583e                rtimer_run_next
 .text          0x00005864       0x8c contiki-z1.a(timer.o)
                0x00005864                timer_set
                0x00005880                timer_reset
                0x0000588e                timer_restart
                0x000058a2                timer_expired
                0x000058cc                timer_remaining
 .text          0x000058f0      0x102 contiki-z1.a(serial-line.o)
                0x0000598c                serial_line_input_byte
                0x000059d6                serial_line_init
 .text          0x000059f2       0xf6 contiki-z1.a(list.o)
                0x000059f2                list_init
                0x000059f8                list_head
                0x000059fc                list_copy
                0x00005a02                list_tail
                0x00005a14                list_chop
                0x00005a38                list_pop
                0x00005a46                list_remove
                0x00005a7a                list_push
                0x00005a90                list_add
                0x00005ab6                list_length
                0x00005ac6                list_insert
                0x00005adc                list_item_next
 .text          0x00005ae8       0x94 contiki-z1.a(ringbuf.o)
                0x00005ae8                ringbuf_init
                0x00005afc                ringbuf_put
                0x00005b34                ringbuf_get
                0x00005b62                ringbuf_size
                0x00005b6a                ringbuf_elements
 .text          0x00005b7c       0x78 contiki-z1.a(broadcast.o)
                0x00005bb2                broadcast_open
                0x00005bd4                broadcast_close
                0x00005bda                broadcast_send
 .text          0x00005bf4       0x66 contiki-z1.a(channel.o)
                0x00005bf4                channel_init
                0x00005bfe                channel_open
                0x00005c0e                channel_close
                0x00005c1a                channel_lookup
                0x00005c3a                channel_set_attributes
 .text          0x00005c5a       0xd8 contiki-z1.a(rime.o)
                0x00005cf6                rime_sniffer_add
                0x00005d02                rime_sniffer_remove
                0x00005d0e                rime_output
 .text          0x00005d32       0x2a contiki-z1.a(linkaddr.o)
                0x00005d32                linkaddr_copy
                0x00005d3e                linkaddr_cmp
                0x00005d50                linkaddr_set_node_addr
 .text          0x00005d5c      0x1e2 contiki-z1.a(packetbuf.o)
                0x00005d5c                packetbuf_clear_hdr
                0x00005d64                packetbuf_compact
                0x00005d92                packetbuf_copyto_hdr
                0x00005dae                packetbuf_copyto
                0x00005df4                packetbuf_hdr_remove
                0x00005dfa                packetbuf_hdrreduce
                0x00005e14                packetbuf_set_datalen
                0x00005e1a                packetbuf_dataptr
                0x00005e28                packetbuf_hdrptr
                0x00005e32                packetbuf_datalen
                0x00005e38                packetbuf_hdrlen
                0x00005e48                packetbuf_totlen
                0x00005e54                packetbuf_hdralloc
                0x00005e7e                packetbuf_attr_clear
                0x00005eaa                packetbuf_clear
                0x00005ec4                packetbuf_copyfrom
                0x00005eee                packetbuf_attr_copyto
                0x00005f0e                packetbuf_attr_copyfrom
                0x00005f30                packetbuf_holds_broadcast
 .text          0x00005f3e      0x13c contiki-z1.a(queuebuf.o)
                0x00005f3e                queuebuf_init
                0x00005f50                queuebuf_numfree
                0x00005f5a                queuebuf_new_from_packetbuf
                0x00005fa8                queuebuf_update_attr_from_packetbuf
                0x00005fba                queuebuf_update_from_packetbuf
                0x00005fdc                queuebuf_free
                0x00006006                queuebuf_to_packetbuf
                0x00006038                queuebuf_dataptr
                0x00006054                queuebuf_datalen
                0x0000605c                queuebuf_addr
                0x0000606a                queuebuf_attr
                0x00006078                queuebuf_debug_print
 .text          0x0000607a      0x318 contiki-z1.a(aloha.o)
 .text          0x00006392       0x14 contiki-z1.a(mac.o)
                0x00006392                mac_call_sent_callback
 .text          0x000063a6      0x658 contiki-z1.a(contikimac.o)
                0x000069fa                contikimac_debug_print
 .text          0x000069fe       0xce contiki-z1.a(contikimac-fram)
 .text          0x00006acc       0x1c contiki-z1.a(nullsec.o)
 .text          0x00006ae8      0x1b2 contiki-z1.a(i2cmaster.o)
                0x00006ae8                i2c_setrate
                0x00006aee                i2c_receiveinit
                0x00006b26                i2c_transmitinit
                0x00006b58                i2c_receive_n
                0x00006b9c                i2c_busy
                0x00006ba6                i2c_enable
                0x00006bca                i2c_disable
                0x00006be4                i2c_transmit_n
                0x00006bf8                __isr_16
                0x00006bf8                i2c_tx_interrupt
                0x00006c82                i2c_rx_interrupt
                0x00006c82                __isr_17
 .text          0x00006c9a       0xb6 contiki-z1.a(compower.o)
                0x00006c9a                compower_accumulate
                0x00006d04                compower_clear
                0x00006d16                compower_init
                0x00006d20                compower_attrconv
                0x00006d30                compower_accumulate_attrs
 .text          0x00006d50      0x102 contiki-z1.a(memb.o)
                0x00006d50                memb_init
                0x00006d86                memb_alloc
                0x00006dc4                memb_free
                0x00006dfe                memb_inmemb
                0x00006e2c                memb_numfree
 .text          0x00006e52        0xc contiki-z1.a(random.o)
                0x00006e52                random_init
                0x00006e58                random_rand
 .text          0x00006e5e       0x48 contiki-z1.a(abc.o)
                0x00006e5e                abc_open
                0x00006e7c                abc_close
                0x00006e82                abc_send
                0x00006e88                abc_input
                0x00006e96                abc_sent
 .text          0x00006ea6      0x114 contiki-z1.a(announcement.o)
                0x00006ea6                announcement_init
                0x00006eb0                announcement_register
                0x00006eea                announcement_remove
                0x00006ef6                announcement_remove_value
                0x00006f18                announcement_set_value
                0x00006f40                announcement_bump
                0x00006f62                announcement_listen
                0x00006f6e                announcement_register_listen_callback
                0x00006f74                announcement_register_observer_callback
                0x00006f7a                announcement_list
                0x00006f84                announcement_heard
 .text          0x00006fba      0x1c2 contiki-z1.a(broadcast-annou)
                0x0000710c                broadcast_announcement_init
                0x00007150                broadcast_announcement_stop
                0x00007172                broadcast_announcement_beacon_interval
 .text          0x0000717c       0x38 contiki-z1.a(chameleon.o)
                0x0000717c                chameleon_init
                0x00007182                chameleon_parse
                0x00007192                chameleon_create
                0x000071ae                chameleon_hdrsize
 .text          0x000071b4      0x37a contiki-z1.a(csma.o)
 .text          0x0000752e      0x1ae contiki-z1.a(framer-802154.o)
 .text          0x000076dc       0x20 contiki-z1.a(framer.o)
                0x000076dc                framer_canonical_create_and_secure
 .text          0x000076fc       0x92 contiki-z1.a(mac-sequence.o)
                0x000076fc                mac_sequence_is_duplicate
                0x00007732                mac_sequence_register_seqno
 .text          0x0000778e      0x306 contiki-z1.a(chameleon-bitop)
                0x000077a4                get_bits_in_byte
                0x000077de                get_bits
                0x00007922                set_bits_in_byte
                0x0000794e                set_bits
 .text          0x00007a94      0x35a contiki-z1.a(frame802154.o)
                0x00007b28                frame802154_hdrlen
                0x00007b56                frame802154_create
                0x00007c68                frame802154_parse
 .text          0x00007dee        0x0 /usr/lib/gcc/msp430/4.6.3/mcpu-430x/mmpy-16/libgcc.a(_mulsi3.o)
 .text.libgcc   0x00007dee       0x2a /usr/lib/gcc/msp430/4.6.3/mcpu-430x/mmpy-16/libgcc.a(_mulsi3.o)
                0x00007dee                __mulsi3
 .text          0x00007e18        0x0 /usr/lib/gcc/msp430/4.6.3/mcpu-430x/mmpy-16/libgcc.a(_udivmod16.o)
 .text.libgcc   0x00007e18       0x22 /usr/lib/gcc/msp430/4.6.3/mcpu-430x/mmpy-16/libgcc.a(_udivmod16.o)
                0x00007e18                __udivhi3
                0x00007e18                __ext_udivmod16
                0x00007e32                __umodhi3
 .text          0x00007e3a        0x0 /usr/lib/gcc/msp430/4.6.3/mcpu-430x/mmpy-16/libgcc.a(_udivmod32.o)
 .text.libgcc   0x00007e3a       0x38 /usr/lib/gcc/msp430/4.6.3/mcpu-430x/mmpy-16/libgcc.a(_udivmod32.o)
                0x00007e3a                __udivsi3
                0x00007e3a                __ext_udivmod32
                0x00007e68                __umodsi3
 .text          0x00007e72       0x28 /usr/lib/gcc/msp430/4.6.3/../../../../msp430/lib/mcpu-430x/mmpy-16/libc.a(strncmp.o)
                0x00007e72                strncmp
 .text          0x00007e9a       0x20 /usr/lib/gcc/msp430/4.6.3/../../../../msp430/lib/mcpu-430x/mmpy-16/libc.a(memcmp.o)
                0x00007e9a                memcmp
 .text          0x00007eba       0xe4 /usr/lib/gcc/msp430/4.6.3/../../../../msp430/lib/mcpu-430x/mmpy-16/libc.a(memcpy.o)
                0x00007eba                memcpy
 .text          0x00007f9e       0x5c /usr/lib/gcc/msp430/4.6.3/../../../../msp430/lib/mcpu-430x/mmpy-16/libc.a(memset.o)
                0x00007f9e                memset
 .text          0x00007ffa       0x1e /usr/lib/gcc/msp430/4.6.3/../../../../msp430/lib/mcpu-430x/mmpy-16/libc.a(printf.o)
                0x00007ffa                printf
                0x0000800a                vprintf
 .text          0x00008018       0xb8 /usr/lib/gcc/msp430/4.6.3/../../../../msp430/lib/mcpu-430x/mmpy-16/libc.a(sprintf.o)
                0x00008072                sprintf
                0x0000808e                snprintf
                0x000080a8                vsprintf
                0x000080be                vsnprintf
 .text          0x000080d0      0x818 /usr/lib/gcc/msp430/4.6.3/../../../../msp430/lib/mcpu-430x/mmpy-16/libc.a(vuprintf.o)
                0x0000824c                vuprintf
 .text          0x000088e8       0x2c /usr/lib/gcc/msp430/4.6.3/../../../../msp430/lib/mcpu-430x/mmpy-16/libc.a(puts.o)
                0x000088e8                puts
 .text          0x00008914       0x54 /usr/lib/gcc/msp430/4.6.3/../../../../msp430/lib/mcpu-430x/mmpy-16/libc.a(rand.o)
                0x00008914                rand_r
                0x00008938                rand
                0x0000895e                srand
 .text          0x00008968        0x0 /usr/lib/gcc/msp430/4.6.3/mcpu-430x/mmpy-16/libgcc.a(_udivmod64.o)
 .text.libgcc   0x00008968       0xbc /usr/lib/gcc/msp430/4.6.3/mcpu-430x/mmpy-16/libgcc.a(_udivmod64.o)
                0x00008968                __xabi_udivmod64
                0x000089ba                __udivdi3
                0x000089d4                __umoddi3
                0x000089f6                __udivmoddi4
 .text          0x00008a24        0x0 /usr/lib/gcc/msp430/4.6.3/mcpu-430x/mmpy-16/libcrt0.a(_reset_vector__.o)
 .text          0x00008a24        0x0 /usr/lib/gcc/msp430/4.6.3/mcpu-430x/mmpy-16/libcrt0.a(__watchdog_support.o)
 .text          0x00008a24        0x0 /usr/lib/gcc/msp430/4.6.3/mcpu-430x/mmpy-16/libcrt0.a(__init_stack.o)
 .text          0x00008a24        0x0 /usr/lib/gcc/msp430/4.6.3/mcpu-430x/mmpy-16/libcrt0.a(__low_level_init.o)
 .text          0x00008a24        0x0 /usr/lib/gcc/msp430/4.6.3/mcpu-430x/mmpy-16/libcrt0.a(_copy_data.o)
 .text          0x00008a24        0x0 /usr/lib/gcc/msp430/4.6.3/mcpu-430x/mmpy-16/libcrt0.a(_clear_bss.o)
 .text          0x00008a24        0x0 /usr/lib/gcc/msp430/4.6.3/mcpu-430x/mmpy-16/libcrt0.a(__stop_progExec__.o)
 .text          0x00008a24        0x0 /usr/lib/gcc/msp430/4.6.3/mcpu-430x/mmpy-16/libcrt0.a(_endless_loop__.o)
 .text          0x00008a24        0x0 /usr/lib/gcc/msp430/4.6.3/mcpu-430x/mmpy-16/libcrt0.a(_unexpected_.o)
 .text.crt0     0x00008a24        0x2 /usr/lib/gcc/msp430/4.6.3/mcpu-430x/mmpy-16/libcrt0.a(_unexpected_.o)
                0x00008a24                _unexpected_
                0x00008a26                . = ALIGN (0x2)

.rodata         0x00008a26      0x2fe
                0x00008a26                . = ALIGN (0x2)
 *(.rodata .rodata.* .gnu.linkonce.r.*)
 .rodata        0x00008a26       0x98 rocket_sender.co
                0x00008a9a                autostart_processes
 .rodata        0x00008abe       0xd0 obj_z1/contiki-z1-main.o
 .rodata        0x00008b8e       0x2c contiki-z1.a(xmem.o)
 .rodata        0x00008bba       0x5a contiki-z1.a(cc2420.o)
                0x00008bd6                cc2420_aes_128_driver
                0x00008bda                cc2420_driver
 .rodata        0x00008c14        0x8 contiki-z1.a(sensors.o)
 .rodata        0x00008c1c       0x10 contiki-z1.a(button-sensor.o)
                0x00008c24                button_sensor
 .rodata        0x00008c2c       0x16 contiki-z1.a(adxl345.o)
 .rodata        0x00008c42        0xf contiki-z1.a(ctimer.o)
 .rodata        0x00008c51        0xc contiki-z1.a(etimer.o)
 .rodata        0x00008c5d        0xe contiki-z1.a(serial-line.o)
 *fill*         0x00008c6b        0x1 00
 .rodata        0x00008c6c        0x8 contiki-z1.a(broadcast.o)
 .rodata        0x00008c74        0xc contiki-z1.a(rime.o)
                0x00008c7a                rime_driver
 .rodata        0x00008c80        0x2 contiki-z1.a(linkaddr.o)
                0x00008c80                linkaddr_null
 .rodata        0x00008c82       0x2e contiki-z1.a(aloha.o)
                0x00008ca2                aloha_driver
 .rodata        0x00008cb0       0x1c contiki-z1.a(contikimac.o)
                0x00008cbc                contikimac_driver
 .rodata        0x00008ccc        0x8 contiki-z1.a(contikimac-fram)
                0x00008ccc                contikimac_framer
 .rodata        0x00008cd4       0x14 contiki-z1.a(nullsec.o)
                0x00008cdc                nullsec_driver
 .rodata        0x00008ce8        0x2 contiki-z1.a(abc.o)
 .rodata        0x00008cea        0x4 contiki-z1.a(broadcast-annou)
 .rodata        0x00008cee       0x14 contiki-z1.a(csma.o)
                0x00008cf4                csma_driver
 .rodata        0x00008d02        0x8 contiki-z1.a(framer-802154.o)
                0x00008d02                framer_802154
 .rodata        0x00008d0a       0x10 contiki-z1.a(chameleon-bitop)
                0x00008d0a                chameleon_bitopt
 .rodata        0x00008d1a        0x2 contiki-z1.a(frame802154.o)
 .rodata        0x00008d1c        0x7 /usr/lib/gcc/msp430/4.6.3/../../../../msp430/lib/mcpu-430x/mmpy-16/libc.a(vuprintf.o)
                0x00008d24                . = ALIGN (0x2)
 *fill*         0x00008d23        0x1 00
                0x00008d24                _etext = .

.data           0x00001100       0xa8 load address 0x00008d24
                0x00001100                . = ALIGN (0x2)
                0x00001100                PROVIDE (__data_start, .)
 *(.data .data.* .gnu.linkonce.d.*)
 .data          0x00001100        0x0 /usr/lib/gcc/msp430/4.6.3/mcpu-430x/mmpy-16/crt0ivtbl32.o
 .data          0x00001100        0xa rocket_sender.co
                0x00001100                rocket_sender_process
 .data          0x0000110a        0x4 obj_z1/contiki-z1-main.o
                0x0000110a                sensors
 .data          0x0000110e        0x0 contiki-z1.a(contiki-z1-plat)
 .data          0x0000110e        0x2 contiki-z1.a(msp430.o)
 .data          0x00001110        0x0 contiki-z1.a(leds.o)
 .data          0x00001110        0x0 contiki-z1.a(watchdog.o)
 .data          0x00001110        0x0 contiki-z1.a(xmem.o)
 .data          0x00001110        0x0 contiki-z1.a(spi.o)
 .data          0x00001110        0xa contiki-z1.a(cc2420.o)
                0x00001110                cc2420_process
 .data          0x0000111a        0x0 contiki-z1.a(cc2420-arch.o)
 .data          0x0000111a        0x0 contiki-z1.a(node-id.o)
 .data          0x0000111a        0xa contiki-z1.a(sensors.o)
                0x0000111a                sensors_process
 .data          0x00001124        0x0 contiki-z1.a(button-sensor.o)
 .data          0x00001124        0x0 contiki-z1.a(uart0.o)
 .data          0x00001124        0x0 contiki-z1.a(uart0-putchar.o)
 .data          0x00001124       0x20 contiki-z1.a(adxl345.o)
                0x00001124                accmeter_process
 .data          0x00001144        0x0 contiki-z1.a(clock.o)
 .data          0x00001144        0x0 contiki-z1.a(leds-arch.o)
 .data          0x00001144        0x0 contiki-z1.a(rtimer-arch.o)
 .data          0x00001144        0x0 contiki-z1.a(autostart.o)
 .data          0x00001144        0xa contiki-z1.a(ctimer.o)
                0x00001144                ctimer_process
 .data          0x0000114e        0x0 contiki-z1.a(energest.o)
 .data          0x0000114e        0xa contiki-z1.a(etimer.o)
                0x0000114e                etimer_process
 .data          0x00001158        0x0 contiki-z1.a(process.o)
 .data          0x00001158        0x0 contiki-z1.a(rtimer.o)
 .data          0x00001158        0x0 contiki-z1.a(timer.o)
 .data          0x00001158        0xa contiki-z1.a(serial-line.o)
                0x00001158                serial_line_process
 .data          0x00001162        0x0 contiki-z1.a(list.o)
 .data          0x00001162        0x0 contiki-z1.a(ringbuf.o)
 .data          0x00001162        0x0 contiki-z1.a(broadcast.o)
 .data          0x00001162        0x0 contiki-z1.a(channel.o)
 .data          0x00001162        0x0 contiki-z1.a(rime.o)
 .data          0x00001162        0x0 contiki-z1.a(linkaddr.o)
 .data          0x00001162        0x0 contiki-z1.a(packetbuf.o)
 .data          0x00001162       0x10 contiki-z1.a(queuebuf.o)
 .data          0x00001172       0x18 contiki-z1.a(aloha.o)
 .data          0x0000118a        0x0 contiki-z1.a(mac.o)
 .data          0x0000118a        0x0 contiki-z1.a(contikimac.o)
 .data          0x0000118a        0x0 contiki-z1.a(contikimac-fram)
 .data          0x0000118a        0x0 contiki-z1.a(nullsec.o)
 .data          0x0000118a        0x1 contiki-z1.a(i2cmaster.o)
                0x0000118a                prescale_lsb
 .data          0x0000118b        0x0 contiki-z1.a(compower.o)
 .data          0x0000118b        0x0 contiki-z1.a(memb.o)
 .data          0x0000118b        0x0 contiki-z1.a(random.o)
 .data          0x0000118b        0x0 contiki-z1.a(abc.o)
 .data          0x0000118b        0x0 contiki-z1.a(announcement.o)
 .data          0x0000118b        0x0 contiki-z1.a(broadcast-annou)
 .data          0x0000118b        0x0 contiki-z1.a(chameleon.o)
 *fill*         0x0000118b        0x1 00
 .data          0x0000118c       0x18 contiki-z1.a(csma.o)
 .data          0x000011a4        0x0 contiki-z1.a(framer-802154.o)
 .data          0x000011a4        0x0 contiki-z1.a(framer.o)
 .data          0x000011a4        0x0 contiki-z1.a(mac-sequence.o)
 .data          0x000011a4        0x0 contiki-z1.a(chameleon-bitop)
 .data          0x000011a4        0x0 contiki-z1.a(frame802154.o)
 .data          0x000011a4        0x0 /usr/lib/gcc/msp430/4.6.3/mcpu-430x/mmpy-16/libgcc.a(_mulsi3.o)
 .data          0x000011a4        0x0 /usr/lib/gcc/msp430/4.6.3/mcpu-430x/mmpy-16/libgcc.a(_udivmod16.o)
 .data          0x000011a4        0x0 /usr/lib/gcc/msp430/4.6.3/mcpu-430x/mmpy-16/libgcc.a(_udivmod32.o)
 .data          0x000011a4        0x0 /usr/lib/gcc/msp430/4.6.3/../../../../msp430/lib/mcpu-430x/mmpy-16/libc.a(strncmp.o)
 .data          0x000011a4        0x0 /usr/lib/gcc/msp430/4.6.3/../../../../msp430/lib/mcpu-430x/mmpy-16/libc.a(memcmp.o)
 .data          0x000011a4        0x0 /usr/lib/gcc/msp430/4.6.3/../../../../msp430/lib/mcpu-430x/mmpy-16/libc.a(memcpy.o)
 .data          0x000011a4        0x0 /usr/lib/gcc/msp430/4.6.3/../../../../msp430/lib/mcpu-430x/mmpy-16/libc.a(memset.o)
 .data          0x000011a4        0x0 /usr/lib/gcc/msp430/4.6.3/../../../../msp430/lib/mcpu-430x/mmpy-16/libc.a(printf.o)
 .data          0x000011a4        0x0 /usr/lib/gcc/msp430/4.6.3/../../../../msp430/lib/mcpu-430x/mmpy-16/libc.a(sprintf.o)
 .data          0x000011a4        0x0 /usr/lib/gcc/msp430/4.6.3/../../../../msp430/lib/mcpu-430x/mmpy-16/libc.a(vuprintf.o)
 .data          0x000011a4        0x0 /usr/lib/gcc/msp430/4.6.3/../../../../msp430/lib/mcpu-430x/mmpy-16/libc.a(puts.o)
 .data          0x000011a4        0x4 /usr/lib/gcc/msp430/4.6.3/../../../../msp430/lib/mcpu-430x/mmpy-16/libc.a(rand.o)
 .data          0x000011a8        0x0 /usr/lib/gcc/msp430/4.6.3/mcpu-430x/mmpy-16/libgcc.a(_udivmod64.o)
 .data          0x000011a8        0x0 /usr/lib/gcc/msp430/4.6.3/mcpu-430x/mmpy-16/libcrt0.a(_reset_vector__.o)
 .data          0x000011a8        0x0 /usr/lib/gcc/msp430/4.6.3/mcpu-430x/mmpy-16/libcrt0.a(__watchdog_support.o)
 .data          0x000011a8        0x0 /usr/lib/gcc/msp430/4.6.3/mcpu-430x/mmpy-16/libcrt0.a(__init_stack.o)
 .data          0x000011a8        0x0 /usr/lib/gcc/msp430/4.6.3/mcpu-430x/mmpy-16/libcrt0.a(__low_level_init.o)
 .data          0x000011a8        0x0 /usr/lib/gcc/msp430/4.6.3/mcpu-430x/mmpy-16/libcrt0.a(_copy_data.o)
 .data          0x000011a8        0x0 /usr/lib/gcc/msp430/4.6.3/mcpu-430x/mmpy-16/libcrt0.a(_clear_bss.o)
 .data          0x000011a8        0x0 /usr/lib/gcc/msp430/4.6.3/mcpu-430x/mmpy-16/libcrt0.a(__stop_progExec__.o)
 .data          0x000011a8        0x0 /usr/lib/gcc/msp430/4.6.3/mcpu-430x/mmpy-16/libcrt0.a(_endless_loop__.o)
 .data          0x000011a8        0x0 /usr/lib/gcc/msp430/4.6.3/mcpu-430x/mmpy-16/libcrt0.a(_unexpected_.o)
                0x000011a8                . = ALIGN (0x2)
                0x000011a8                _edata = .
                0x00008d24                PROVIDE (__data_load_start, LOADADDR (.data))
                0x000000a8                PROVIDE (__data_size, SIZEOF (.data))

.bss            0x000011a8      0xbdc load address 0x00008dcc
                0x000011a8                PROVIDE (__bss_start, .)
 *(.bss .bss.*)
 .bss           0x000011a8        0x0 /usr/lib/gcc/msp430/4.6.3/mcpu-430x/mmpy-16/crt0ivtbl32.o
 .bss           0x000011a8       0x3c rocket_sender.co
 .bss           0x000011e4        0x4 obj_z1/contiki-z1-main.o
 .bss           0x000011e8        0x0 contiki-z1.a(contiki-z1-plat)
 .bss           0x000011e8        0x0 contiki-z1.a(msp430.o)
 .bss           0x000011e8        0x1 contiki-z1.a(leds.o)
 *fill*         0x000011e9        0x1 00
 .bss           0x000011ea        0x2 contiki-z1.a(watchdog.o)
 .bss           0x000011ec        0x0 contiki-z1.a(xmem.o)
 .bss           0x000011ec        0x2 contiki-z1.a(spi.o)
                0x000011ec                spi_busy
 .bss           0x000011ee        0x8 contiki-z1.a(cc2420.o)
 .bss           0x000011f6        0x0 contiki-z1.a(cc2420-arch.o)
 .bss           0x000011f6        0x2 contiki-z1.a(node-id.o)
                0x000011f6                node_id
 .bss           0x000011f8        0x6 contiki-z1.a(sensors.o)
 .bss           0x000011fe        0x8 contiki-z1.a(button-sensor.o)
 .bss           0x00001206        0x4 contiki-z1.a(uart0.o)
 .bss           0x0000120a        0x0 contiki-z1.a(uart0-putchar.o)
 .bss           0x0000120a       0x16 contiki-z1.a(adxl345.o)
 .bss           0x00001220        0xa contiki-z1.a(clock.o)
 .bss           0x0000122a        0x0 contiki-z1.a(leds-arch.o)
 .bss           0x0000122a        0x0 contiki-z1.a(rtimer-arch.o)
 .bss           0x0000122a        0x0 contiki-z1.a(autostart.o)
 .bss           0x0000122a        0x4 contiki-z1.a(ctimer.o)
 .bss           0x0000122e        0x0 contiki-z1.a(energest.o)
 .bss           0x0000122e        0x6 contiki-z1.a(etimer.o)
 .bss           0x00001234       0x42 contiki-z1.a(process.o)
                0x00001234                process_current
                0x00001236                process_list
 .bss           0x00001276        0x2 contiki-z1.a(rtimer.o)
 .bss           0x00001278        0x0 contiki-z1.a(timer.o)
 .bss           0x00001278      0x10a contiki-z1.a(serial-line.o)
 .bss           0x00001382        0x0 contiki-z1.a(list.o)
 .bss           0x00001382        0x0 contiki-z1.a(ringbuf.o)
 .bss           0x00001382        0x0 contiki-z1.a(broadcast.o)
 .bss           0x00001382        0x2 contiki-z1.a(channel.o)
 .bss           0x00001384        0x2 contiki-z1.a(rime.o)
 .bss           0x00001386        0x0 contiki-z1.a(linkaddr.o)
 .bss           0x00001386       0xb8 contiki-z1.a(packetbuf.o)
 .bss           0x0000143e      0x610 contiki-z1.a(queuebuf.o)
 .bss           0x00001a4e       0xdc contiki-z1.a(aloha.o)
 .bss           0x00001b2a        0x0 contiki-z1.a(mac.o)
 .bss           0x00001b2a       0x32 contiki-z1.a(contikimac.o)
 .bss           0x00001b5c        0x0 contiki-z1.a(contikimac-fram)
 .bss           0x00001b5c        0x0 contiki-z1.a(nullsec.o)
 .bss           0x00001b5c        0x4 contiki-z1.a(i2cmaster.o)
                0x00001b5c                prescale_msb
 .bss           0x00001b60        0x8 contiki-z1.a(compower.o)
 .bss           0x00001b68        0x0 contiki-z1.a(memb.o)
 .bss           0x00001b68        0x0 contiki-z1.a(random.o)
 .bss           0x00001b68        0x0 contiki-z1.a(abc.o)
 .bss           0x00001b68        0x6 contiki-z1.a(announcement.o)
 .bss           0x00001b6e       0x46 contiki-z1.a(broadcast-annou)
 .bss           0x00001bb4        0x0 contiki-z1.a(chameleon.o)
 .bss           0x00001bb4       0xb8 contiki-z1.a(csma.o)
 .bss           0x00001c6c        0x2 contiki-z1.a(framer-802154.o)
 .bss           0x00001c6e        0x0 contiki-z1.a(framer.o)
 .bss           0x00001c6e       0x40 contiki-z1.a(mac-sequence.o)
 .bss           0x00001cae        0x0 contiki-z1.a(chameleon-bitop)
 .bss           0x00001cae        0x0 contiki-z1.a(frame802154.o)
 .bss           0x00001cae        0x0 /usr/lib/gcc/msp430/4.6.3/mcpu-430x/mmpy-16/libgcc.a(_mulsi3.o)
 .bss           0x00001cae        0x0 /usr/lib/gcc/msp430/4.6.3/mcpu-430x/mmpy-16/libgcc.a(_udivmod16.o)
 .bss           0x00001cae        0x0 /usr/lib/gcc/msp430/4.6.3/mcpu-430x/mmpy-16/libgcc.a(_udivmod32.o)
 .bss           0x00001cae        0x0 /usr/lib/gcc/msp430/4.6.3/../../../../msp430/lib/mcpu-430x/mmpy-16/libc.a(strncmp.o)
 .bss           0x00001cae        0x0 /usr/lib/gcc/msp430/4.6.3/../../../../msp430/lib/mcpu-430x/mmpy-16/libc.a(memcmp.o)
 .bss           0x00001cae        0x0 /usr/lib/gcc/msp430/4.6.3/../../../../msp430/lib/mcpu-430x/mmpy-16/libc.a(memcpy.o)
 .bss           0x00001cae        0x0 /usr/lib/gcc/msp430/4.6.3/../../../../msp430/lib/mcpu-430x/mmpy-16/libc.a(memset.o)
 .bss           0x00001cae        0x0 /usr/lib/gcc/msp430/4.6.3/../../../../msp430/lib/mcpu-430x/mmpy-16/libc.a(printf.o)
 .bss           0x00001cae        0x4 /usr/lib/gcc/msp430/4.6.3/../../../../msp430/lib/mcpu-430x/mmpy-16/libc.a(sprintf.o)
 .bss           0x00001cb2        0x0 /usr/lib/gcc/msp430/4.6.3/../../../../msp430/lib/mcpu-430x/mmpy-16/libc.a(vuprintf.o)
 .bss           0x00001cb2        0x0 /usr/lib/gcc/msp430/4.6.3/../../../../msp430/lib/mcpu-430x/mmpy-16/libc.a(puts.o)
 .bss           0x00001cb2        0x0 /usr/lib/gcc/msp430/4.6.3/../../../../msp430/lib/mcpu-430x/mmpy-16/libc.a(rand.o)
 .bss           0x00001cb2        0x0 /usr/lib/gcc/msp430/4.6.3/mcpu-430x/mmpy-16/libgcc.a(_udivmod64.o)
 .bss           0x00001cb2        0x0 /usr/lib/gcc/msp430/4.6.3/mcpu-430x/mmpy-16/libcrt0.a(_reset_vector__.o)
 .bss           0x00001cb2        0x0 /usr/lib/gcc/msp430/4.6.3/mcpu-430x/mmpy-16/libcrt0.a(__watchdog_support.o)
 .bss           0x00001cb2        0x0 /usr/lib/gcc/msp430/4.6.3/mcpu-430x/mmpy-16/libcrt0.a(__init_stack.o)
 .bss           0x00001cb2        0x0 /usr/lib/gcc/msp430/4.6.3/mcpu-430x/mmpy-16/libcrt0.a(__low_level_init.o)
 .bss           0x00001cb2        0x0 /usr/lib/gcc/msp430/4.6.3/mcpu-430x/mmpy-16/libcrt0.a(_copy_data.o)
 .bss           0x00001cb2        0x0 /usr/lib/gcc/msp430/4.6.3/mcpu-430x/mmpy-16/libcrt0.a(_clear_bss.o)
 .bss           0x00001cb2        0x0 /usr/lib/gcc/msp430/4.6.3/mcpu-430x/mmpy-16/libcrt0.a(__stop_progExec__.o)
 .bss           0x00001cb2        0x0 /usr/lib/gcc/msp430/4.6.3/mcpu-430x/mmpy-16/libcrt0.a(_endless_loop__.o)
 .bss           0x00001cb2        0x0 /usr/lib/gcc/msp430/4.6.3/mcpu-430x/mmpy-16/libcrt0.a(_unexpected_.o)
 *(COMMON)
 COMMON         0x00001cb2        0x2 obj_z1/contiki-z1-main.o
                0x00001cb2                sensors_flags
 COMMON         0x00001cb4       0x10 contiki-z1.a(cc2420.o)
                0x00001cb4                cc2420_last_rssi
                0x00001cb6                cc2420_sfd_start_time
                0x00001cb8                cc2420_time_of_departure
                0x00001cba                cc2420_time_of_arrival
                0x00001cbc                cc2420_last_correlation
                0x00001cbe                cc2420_authority_level_of_sender
                0x00001cc0                cc2420_sfd_counter
                0x00001cc2                cc2420_sfd_end_time
 COMMON         0x00001cc4        0x8 contiki-z1.a(node-id.o)
                0x00001cc4                node_mac
 COMMON         0x00001ccc        0x1 contiki-z1.a(sensors.o)
                0x00001ccc                sensors_event
 *fill*         0x00001ccd        0x1 00
 COMMON         0x00001cce        0x7 contiki-z1.a(adxl345.o)
                0x00001cce                accm_int2_cb
                0x00001cd0                int2_event
                0x00001cd2                accm_int1_cb
                0x00001cd4                int1_event
 *fill*         0x00001cd5        0x1 00
 COMMON         0x00001cd6       0x56 contiki-z1.a(energest.o)
                0x00001cd6                energest_total_time
                0x00001d06                energest_total_count
                0x00001d08                energest_current_mode
                0x00001d14                energest_current_time
 COMMON         0x00001d2c        0x1 contiki-z1.a(process.o)
                0x00001d2c                process_maxevents
 COMMON         0x00001d2d        0x1 contiki-z1.a(serial-line.o)
                0x00001d2d                serial_line_event_message
 COMMON         0x00001d2e        0x2 contiki-z1.a(linkaddr.o)
                0x00001d2e                linkaddr_node_addr
 COMMON         0x00001d30       0x3c contiki-z1.a(packetbuf.o)
                0x00001d30                packetbuf_addrs
                0x00001d38                packetbuf_attrs
 COMMON         0x00001d6c       0x10 contiki-z1.a(i2cmaster.o)
                0x00001d6c                transmit_data1
                0x00001d6d                rx_byte_ctr
                0x00001d6e                tx_buf_ptr
                0x00001d70                tx_byte_ctr
                0x00001d72                i
                0x00001d74                receive_data
                0x00001d76                rx_buf
                0x00001d78                transmit_data2
                0x00001d7a                rx_buf_ptr
 COMMON         0x00001d7c        0x8 contiki-z1.a(compower.o)
                0x00001d7c                compower_idle_activity
                0x00001d84                . = ALIGN (0x2)
                0x00001d84                PROVIDE (__bss_end, .)
                0x00000bdc                PROVIDE (__bss_size, SIZEOF (.bss))

.noinit         0x00001d84        0x2 load address 0x00008dcc
                0x00001d84                PROVIDE (__noinit_start, .)
 *(.noinit .noinit.*)
 .noinit.crt0   0x00001d84        0x2 /usr/lib/gcc/msp430/4.6.3/mcpu-430x/mmpy-16/libcrt0.a(__watchdog_support.o)
                0x00001d84                __wdt_clear_value
                0x00001d86                . = ALIGN (0x2)
                0x00001d86                PROVIDE (__noinit_end, .)
                0x00001d86                . = ALIGN (0x2)
                0x00001d86                _end = .

.infomem        0x00001000        0x0
 *(.infomem)
                0x00001000                . = ALIGN (0x2)
 *(.infomem.*)

.infomemnobits  0x00001000        0x0
 *(.infomemnobits)
                0x00001000                . = ALIGN (0x2)
 *(.infomemnobits.*)

.infoa
 *(.infoa .infoa.*)

.infob
 *(.infob .infob.*)

.infoc
 *(.infoc .infoc.*)

.infod
 *(.infod .infod.*)

.vectors        0x0000ffc0       0x40
                0x0000ffc0                PROVIDE (__vectors_start, .)
 *(.vectors*)
 .vectors       0x0000ffc0       0x40 /usr/lib/gcc/msp430/4.6.3/mcpu-430x/mmpy-16/crt0ivtbl32.o
                0x0000ffc0                __ivtbl_32
                0x00010000                _vectors_end = .

.fartext        0x00010000        0x0
                0x00010000                . = ALIGN (0x2)
 *(.fartext)
                0x00010000                . = ALIGN (0x2)
 *(.fartext.*)
                0x00010000                _efartext = .

.profiler
 *(.profiler)

.stab           0x00000000    0x1acf4
 *(.stab)
 .stab          0x00000000     0x1464 rocket_sender.co
 .stab          0x00001464     0x108c obj_z1/contiki-z1-main.o
                               0x17c4 (size before relaxing)
 .stab          0x000024f0      0x240 contiki-z1.a(contiki-z1-plat)
                                0x5a0 (size before relaxing)
 .stab          0x00002730      0x4a4 contiki-z1.a(msp430.o)
                                0x7f8 (size before relaxing)
 .stab          0x00002bd4      0x5dc contiki-z1.a(leds.o)
                                0x828 (size before relaxing)
 .stab          0x000031b0      0x3fc contiki-z1.a(watchdog.o)
                                0x750 (size before relaxing)
 .stab          0x000035ac      0x9fc contiki-z1.a(xmem.o)
                                0xf3c (size before relaxing)
 .stab          0x00003fa8      0x288 contiki-z1.a(spi.o)
                                0x5dc (size before relaxing)
 .stab          0x00004230     0x234c contiki-z1.a(cc2420.o)
                               0x2cc4 (size before relaxing)
 .stab          0x0000657c      0x954 contiki-z1.a(cc2420-arch.o)
                               0x1380 (size before relaxing)
 .stab          0x00006ed0      0x300 contiki-z1.a(node-id.o)
                                0x6d8 (size before relaxing)
 .stab          0x000071d0      0x654 contiki-z1.a(sensors.o)
                                0xb70 (size before relaxing)
 .stab          0x00007824      0x468 contiki-z1.a(button-sensor.o)
                                0x7d4 (size before relaxing)
 .stab          0x00007c8c      0x51c contiki-z1.a(uart0.o)
                                0xa2c (size before relaxing)
 .stab          0x000081a8      0x264 contiki-z1.a(uart0-putchar.o)
                                0x78c (size before relaxing)
 .stab          0x0000840c      0xb10 contiki-z1.a(adxl345.o)
                               0x1128 (size before relaxing)
 .stab          0x00008f1c      0x948 contiki-z1.a(clock.o)
                                0xc9c (size before relaxing)
 .stab          0x00009864      0x3a8 contiki-z1.a(leds-arch.o)
                                0x6fc (size before relaxing)
 .stab          0x00009c0c      0x3cc contiki-z1.a(rtimer-arch.o)
                                0x720 (size before relaxing)
 .stab          0x00009fd8      0x294 contiki-z1.a(autostart.o)
                                0x534 (size before relaxing)
 .stab          0x0000a26c      0x7a4 contiki-z1.a(ctimer.o)
                                0xb10 (size before relaxing)
 .stab          0x0000aa10      0x474 contiki-z1.a(energest.o)
                                0x6fc (size before relaxing)
 .stab          0x0000ae84      0xa38 contiki-z1.a(etimer.o)
                                0xd08 (size before relaxing)
 .stab          0x0000b8bc      0xb7c contiki-z1.a(process.o)
                               0x1014 (size before relaxing)
 .stab          0x0000c438      0x3d8 contiki-z1.a(rtimer.o)
                                0x6c0 (size before relaxing)
 .stab          0x0000c810      0x354 contiki-z1.a(timer.o)
                                0x594 (size before relaxing)
 .stab          0x0000cb64      0x534 contiki-z1.a(serial-line.o)
                                0xa50 (size before relaxing)
 .stab          0x0000d098      0x7f8 contiki-z1.a(list.o)
                                0x804 (size before relaxing)
 .stab          0x0000d890      0x3fc contiki-z1.a(ringbuf.o)
                                0x63c (size before relaxing)
 .stab          0x0000dc8c      0x6d8 contiki-z1.a(broadcast.o)
                               0x150c (size before relaxing)
 .stab          0x0000e364      0x678 contiki-z1.a(channel.o)
                               0x129c (size before relaxing)
 .stab          0x0000e9dc      0xcd8 contiki-z1.a(rime.o)
                               0x141c (size before relaxing)
 .stab          0x0000f6b4      0x2c4 contiki-z1.a(linkaddr.o)
                                0x6c0 (size before relaxing)
 .stab          0x0000f978      0xda4 contiki-z1.a(packetbuf.o)
                               0x1bf0 (size before relaxing)
 .stab          0x0001071c      0xa5c contiki-z1.a(queuebuf.o)
                               0x1890 (size before relaxing)
 .stab          0x00011178      0xde0 contiki-z1.a(aloha.o)
                               0x1530 (size before relaxing)
 .stab          0x00011f58      0x1f8 contiki-z1.a(mac.o)
                                0x4ec (size before relaxing)
 .stab          0x00012150     0x16ec contiki-z1.a(contikimac.o)
                               0x22f8 (size before relaxing)
 .stab          0x0001383c      0x6e4 contiki-z1.a(contikimac-fram)
                                0xf24 (size before relaxing)
 .stab          0x00013f20      0x6a8 contiki-z1.a(nullsec.o)
                                0xda4 (size before relaxing)
 .stab          0x000145c8      0x894 contiki-z1.a(i2cmaster.o)
                                0xbe8 (size before relaxing)
 .stab          0x00014e5c      0x51c contiki-z1.a(compower.o)
                                0xd20 (size before relaxing)
 .stab          0x00015378      0x5c4 contiki-z1.a(memb.o)
                                0xaf8 (size before relaxing)
 .stab          0x0001593c      0x228 contiki-z1.a(random.o)
                                0x624 (size before relaxing)
 .stab          0x00015b64      0x66c contiki-z1.a(abc.o)
                               0x14a0 (size before relaxing)
 .stab          0x000161d0      0x6e4 contiki-z1.a(announcement.o)
                                0x984 (size before relaxing)
 .stab          0x000168b4      0x948 contiki-z1.a(broadcast-annou)
                               0x15c0 (size before relaxing)
 .stab          0x000171fc      0x594 contiki-z1.a(chameleon.o)
                               0x123c (size before relaxing)
 .stab          0x00017790      0xc54 contiki-z1.a(csma.o)
                               0x15b4 (size before relaxing)
 .stab          0x000183e4      0x930 contiki-z1.a(framer-802154.o)
                                0xf6c (size before relaxing)
 .stab          0x00018d14      0x318 contiki-z1.a(framer.o)
                                0xc54 (size before relaxing)
 .stab          0x0001902c      0x618 contiki-z1.a(mac-sequence.o)
                               0x1464 (size before relaxing)
 .stab          0x00019644      0xd8c contiki-z1.a(chameleon-bitop)
                               0x1a04 (size before relaxing)
 .stab          0x0001a3d0      0x924 contiki-z1.a(frame802154.o)
                               0x10f8 (size before relaxing)

.stabstr        0x00000000    0x16ca2
 *(.stabstr)
 .stabstr       0x00000000    0x16ca2 rocket_sender.co

.stab.excl
 *(.stab.excl)

.stab.exclstr
 *(.stab.exclstr)

.stab.index
 *(.stab.index)

.stab.indexstr
 *(.stab.indexstr)

.comment
 *(.comment)

.debug
 *(.debug)

.line
 *(.line)

.debug_srcinfo
 *(.debug_srcinfo)

.debug_sfnames
 *(.debug_sfnames)

.debug_aranges  0x00000000      0x17c
 *(.debug_aranges)
 .debug_aranges
                0x00000000       0x14 /usr/lib/gcc/msp430/4.6.3/mcpu-430x/mmpy-16/libgcc.a(_mulsi3.o)
 .debug_aranges
                0x00000014       0x14 /usr/lib/gcc/msp430/4.6.3/mcpu-430x/mmpy-16/libgcc.a(_udivmod16.o)
 .debug_aranges
                0x00000028       0x14 /usr/lib/gcc/msp430/4.6.3/mcpu-430x/mmpy-16/libgcc.a(_udivmod32.o)
 .debug_aranges
                0x0000003c       0x14 /usr/lib/gcc/msp430/4.6.3/../../../../msp430/lib/mcpu-430x/mmpy-16/libc.a(strncmp.o)
 .debug_aranges
                0x00000050       0x14 /usr/lib/gcc/msp430/4.6.3/../../../../msp430/lib/mcpu-430x/mmpy-16/libc.a(memcmp.o)
 .debug_aranges
                0x00000064       0x14 /usr/lib/gcc/msp430/4.6.3/../../../../msp430/lib/mcpu-430x/mmpy-16/libc.a(memcpy.o)
 .debug_aranges
                0x00000078       0x14 /usr/lib/gcc/msp430/4.6.3/../../../../msp430/lib/mcpu-430x/mmpy-16/libc.a(memset.o)
 .debug_aranges
                0x0000008c       0x14 /usr/lib/gcc/msp430/4.6.3/../../../../msp430/lib/mcpu-430x/mmpy-16/libc.a(printf.o)
 .debug_aranges
                0x000000a0       0x14 /usr/lib/gcc/msp430/4.6.3/../../../../msp430/lib/mcpu-430x/mmpy-16/libc.a(sprintf.o)
 .debug_aranges
                0x000000b4       0x14 /usr/lib/gcc/msp430/4.6.3/../../../../msp430/lib/mcpu-430x/mmpy-16/libc.a(vuprintf.o)
 .debug_aranges
                0x000000c8       0x14 /usr/lib/gcc/msp430/4.6.3/../../../../msp430/lib/mcpu-430x/mmpy-16/libc.a(puts.o)
 .debug_aranges
                0x000000dc       0x14 /usr/lib/gcc/msp430/4.6.3/../../../../msp430/lib/mcpu-430x/mmpy-16/libc.a(rand.o)
 .debug_aranges
                0x000000f0       0x14 /usr/lib/gcc/msp430/4.6.3/mcpu-430x/mmpy-16/libgcc.a(_udivmod64.o)
 .debug_aranges
                0x00000104       0x14 /usr/lib/gcc/msp430/4.6.3/mcpu-430x/mmpy-16/libcrt0.a(__watchdog_support.o)
 .debug_aranges
                0x00000118       0x14 /usr/lib/gcc/msp430/4.6.3/mcpu-430x/mmpy-16/libcrt0.a(__init_stack.o)
 .debug_aranges
                0x0000012c       0x14 /usr/lib/gcc/msp430/4.6.3/mcpu-430x/mmpy-16/libcrt0.a(_copy_data.o)
 .debug_aranges
                0x00000140       0x14 /usr/lib/gcc/msp430/4.6.3/mcpu-430x/mmpy-16/libcrt0.a(_clear_bss.o)
 .debug_aranges
                0x00000154       0x14 /usr/lib/gcc/msp430/4.6.3/mcpu-430x/mmpy-16/libcrt0.a(_endless_loop__.o)
 .debug_aranges
                0x00000168       0x14 /usr/lib/gcc/msp430/4.6.3/mcpu-430x/mmpy-16/libcrt0.a(_unexpected_.o)

.debug_pubnames
 *(.debug_pubnames)

.debug_info     0x00000000     0x163a
 *(.debug_info)
 .debug_info    0x00000000       0xe0 /usr/lib/gcc/msp430/4.6.3/mcpu-430x/mmpy-16/libgcc.a(_mulsi3.o)
 .debug_info    0x000000e0       0xe0 /usr/lib/gcc/msp430/4.6.3/mcpu-430x/mmpy-16/libgcc.a(_udivmod16.o)
 .debug_info    0x000001c0       0xe0 /usr/lib/gcc/msp430/4.6.3/mcpu-430x/mmpy-16/libgcc.a(_udivmod32.o)
 .debug_info    0x000002a0       0xbb /usr/lib/gcc/msp430/4.6.3/../../../../msp430/lib/mcpu-430x/mmpy-16/libc.a(strncmp.o)
 .debug_info    0x0000035b       0xe8 /usr/lib/gcc/msp430/4.6.3/../../../../msp430/lib/mcpu-430x/mmpy-16/libc.a(memcmp.o)
 .debug_info    0x00000443      0x113 /usr/lib/gcc/msp430/4.6.3/../../../../msp430/lib/mcpu-430x/mmpy-16/libc.a(memcpy.o)
 .debug_info    0x00000556       0xfe /usr/lib/gcc/msp430/4.6.3/../../../../msp430/lib/mcpu-430x/mmpy-16/libc.a(memset.o)
 .debug_info    0x00000654      0x105 /usr/lib/gcc/msp430/4.6.3/../../../../msp430/lib/mcpu-430x/mmpy-16/libc.a(printf.o)
 .debug_info    0x00000759      0x277 /usr/lib/gcc/msp430/4.6.3/../../../../msp430/lib/mcpu-430x/mmpy-16/libc.a(sprintf.o)
 .debug_info    0x000009d0      0x565 /usr/lib/gcc/msp430/4.6.3/../../../../msp430/lib/mcpu-430x/mmpy-16/libc.a(vuprintf.o)
 .debug_info    0x00000f35       0x96 /usr/lib/gcc/msp430/4.6.3/../../../../msp430/lib/mcpu-430x/mmpy-16/libc.a(puts.o)
 .debug_info    0x00000fcb      0x13f /usr/lib/gcc/msp430/4.6.3/../../../../msp430/lib/mcpu-430x/mmpy-16/libc.a(rand.o)
 .debug_info    0x0000110a       0xe0 /usr/lib/gcc/msp430/4.6.3/mcpu-430x/mmpy-16/libgcc.a(_udivmod64.o)
 .debug_info    0x000011ea       0xb8 /usr/lib/gcc/msp430/4.6.3/mcpu-430x/mmpy-16/libcrt0.a(__watchdog_support.o)
 .debug_info    0x000012a2       0xb8 /usr/lib/gcc/msp430/4.6.3/mcpu-430x/mmpy-16/libcrt0.a(__init_stack.o)
 .debug_info    0x0000135a       0xb8 /usr/lib/gcc/msp430/4.6.3/mcpu-430x/mmpy-16/libcrt0.a(_copy_data.o)
 .debug_info    0x00001412       0xb8 /usr/lib/gcc/msp430/4.6.3/mcpu-430x/mmpy-16/libcrt0.a(_clear_bss.o)
 .debug_info    0x000014ca       0xb8 /usr/lib/gcc/msp430/4.6.3/mcpu-430x/mmpy-16/libcrt0.a(_endless_loop__.o)
 .debug_info    0x00001582       0xb8 /usr/lib/gcc/msp430/4.6.3/mcpu-430x/mmpy-16/libcrt0.a(_unexpected_.o)
 *(.gnu.linkonce.wi.*)

.debug_abbrev   0x00000000      0x826
 *(.debug_abbrev)
 .debug_abbrev  0x00000000       0x14 /usr/lib/gcc/msp430/4.6.3/mcpu-430x/mmpy-16/libgcc.a(_mulsi3.o)
 .debug_abbrev  0x00000014       0x14 /usr/lib/gcc/msp430/4.6.3/mcpu-430x/mmpy-16/libgcc.a(_udivmod16.o)
 .debug_abbrev  0x00000028       0x14 /usr/lib/gcc/msp430/4.6.3/mcpu-430x/mmpy-16/libgcc.a(_udivmod32.o)
 .debug_abbrev  0x0000003c       0x7c /usr/lib/gcc/msp430/4.6.3/../../../../msp430/lib/mcpu-430x/mmpy-16/libc.a(strncmp.o)
 .debug_abbrev  0x000000b8       0x9b /usr/lib/gcc/msp430/4.6.3/../../../../msp430/lib/mcpu-430x/mmpy-16/libc.a(memcmp.o)
 .debug_abbrev  0x00000153       0x97 /usr/lib/gcc/msp430/4.6.3/../../../../msp430/lib/mcpu-430x/mmpy-16/libc.a(memcpy.o)
 .debug_abbrev  0x000001ea       0x9c /usr/lib/gcc/msp430/4.6.3/../../../../msp430/lib/mcpu-430x/mmpy-16/libc.a(memset.o)
 .debug_abbrev  0x00000286       0xd0 /usr/lib/gcc/msp430/4.6.3/../../../../msp430/lib/mcpu-430x/mmpy-16/libc.a(printf.o)
 .debug_abbrev  0x00000356      0x105 /usr/lib/gcc/msp430/4.6.3/../../../../msp430/lib/mcpu-430x/mmpy-16/libc.a(sprintf.o)
 .debug_abbrev  0x0000045b      0x1ef /usr/lib/gcc/msp430/4.6.3/../../../../msp430/lib/mcpu-430x/mmpy-16/libc.a(vuprintf.o)
 .debug_abbrev  0x0000064a       0x60 /usr/lib/gcc/msp430/4.6.3/../../../../msp430/lib/mcpu-430x/mmpy-16/libc.a(puts.o)
 .debug_abbrev  0x000006aa       0xf0 /usr/lib/gcc/msp430/4.6.3/../../../../msp430/lib/mcpu-430x/mmpy-16/libc.a(rand.o)
 .debug_abbrev  0x0000079a       0x14 /usr/lib/gcc/msp430/4.6.3/mcpu-430x/mmpy-16/libgcc.a(_udivmod64.o)
 .debug_abbrev  0x000007ae       0x14 /usr/lib/gcc/msp430/4.6.3/mcpu-430x/mmpy-16/libcrt0.a(__watchdog_support.o)
 .debug_abbrev  0x000007c2       0x14 /usr/lib/gcc/msp430/4.6.3/mcpu-430x/mmpy-16/libcrt0.a(__init_stack.o)
 .debug_abbrev  0x000007d6       0x14 /usr/lib/gcc/msp430/4.6.3/mcpu-430x/mmpy-16/libcrt0.a(_copy_data.o)
 .debug_abbrev  0x000007ea       0x14 /usr/lib/gcc/msp430/4.6.3/mcpu-430x/mmpy-16/libcrt0.a(_clear_bss.o)
 .debug_abbrev  0x000007fe       0x14 /usr/lib/gcc/msp430/4.6.3/mcpu-430x/mmpy-16/libcrt0.a(_endless_loop__.o)
 .debug_abbrev  0x00000812       0x14 /usr/lib/gcc/msp430/4.6.3/mcpu-430x/mmpy-16/libcrt0.a(_unexpected_.o)

.debug_line     0x00000000      0xce6
 *(.debug_line)
 .debug_line    0x00000000       0xa2 /usr/lib/gcc/msp430/4.6.3/mcpu-430x/mmpy-16/libgcc.a(_mulsi3.o)
 .debug_line    0x000000a2       0x9c /usr/lib/gcc/msp430/4.6.3/mcpu-430x/mmpy-16/libgcc.a(_udivmod16.o)
 .debug_line    0x0000013e       0xa7 /usr/lib/gcc/msp430/4.6.3/mcpu-430x/mmpy-16/libgcc.a(_udivmod32.o)
 .debug_line    0x000001e5       0x75 /usr/lib/gcc/msp430/4.6.3/../../../../msp430/lib/mcpu-430x/mmpy-16/libc.a(strncmp.o)
 .debug_line    0x0000025a       0x73 /usr/lib/gcc/msp430/4.6.3/../../../../msp430/lib/mcpu-430x/mmpy-16/libc.a(memcmp.o)
 .debug_line    0x000002cd       0xe9 /usr/lib/gcc/msp430/4.6.3/../../../../msp430/lib/mcpu-430x/mmpy-16/libc.a(memcpy.o)
 .debug_line    0x000003b6       0xc8 /usr/lib/gcc/msp430/4.6.3/../../../../msp430/lib/mcpu-430x/mmpy-16/libc.a(memset.o)
 .debug_line    0x0000047e       0x72 /usr/lib/gcc/msp430/4.6.3/../../../../msp430/lib/mcpu-430x/mmpy-16/libc.a(printf.o)
 .debug_line    0x000004f0       0x9c /usr/lib/gcc/msp430/4.6.3/../../../../msp430/lib/mcpu-430x/mmpy-16/libc.a(sprintf.o)
 .debug_line    0x0000058c      0x2ce /usr/lib/gcc/msp430/4.6.3/../../../../msp430/lib/mcpu-430x/mmpy-16/libc.a(vuprintf.o)
 .debug_line    0x0000085a       0x4d /usr/lib/gcc/msp430/4.6.3/../../../../msp430/lib/mcpu-430x/mmpy-16/libc.a(puts.o)
 .debug_line    0x000008a7       0x4f /usr/lib/gcc/msp430/4.6.3/../../../../msp430/lib/mcpu-430x/mmpy-16/libc.a(rand.o)
 .debug_line    0x000008f6       0xd5 /usr/lib/gcc/msp430/4.6.3/mcpu-430x/mmpy-16/libgcc.a(_udivmod64.o)
 .debug_line    0x000009cb       0x84 /usr/lib/gcc/msp430/4.6.3/mcpu-430x/mmpy-16/libcrt0.a(__watchdog_support.o)
 .debug_line    0x00000a4f       0x82 /usr/lib/gcc/msp430/4.6.3/mcpu-430x/mmpy-16/libcrt0.a(__init_stack.o)
 .debug_line    0x00000ad1       0x88 /usr/lib/gcc/msp430/4.6.3/mcpu-430x/mmpy-16/libcrt0.a(_copy_data.o)
 .debug_line    0x00000b59       0x88 /usr/lib/gcc/msp430/4.6.3/mcpu-430x/mmpy-16/libcrt0.a(_clear_bss.o)
 .debug_line    0x00000be1       0x83 /usr/lib/gcc/msp430/4.6.3/mcpu-430x/mmpy-16/libcrt0.a(_endless_loop__.o)
 .debug_line    0x00000c64       0x82 /usr/lib/gcc/msp430/4.6.3/mcpu-430x/mmpy-16/libcrt0.a(_unexpected_.o)

.debug_frame    0x00000000      0x210
 *(.debug_frame)
 .debug_frame   0x00000000       0x24 /usr/lib/gcc/msp430/4.6.3/../../../../msp430/lib/mcpu-430x/mmpy-16/libc.a(strncmp.o)
 .debug_frame   0x00000024       0x24 /usr/lib/gcc/msp430/4.6.3/../../../../msp430/lib/mcpu-430x/mmpy-16/libc.a(memcmp.o)
 .debug_frame   0x00000048       0x2c /usr/lib/gcc/msp430/4.6.3/../../../../msp430/lib/mcpu-430x/mmpy-16/libc.a(memcpy.o)
 .debug_frame   0x00000074       0x2a /usr/lib/gcc/msp430/4.6.3/../../../../msp430/lib/mcpu-430x/mmpy-16/libc.a(memset.o)
 .debug_frame   0x0000009e       0x2a /usr/lib/gcc/msp430/4.6.3/../../../../msp430/lib/mcpu-430x/mmpy-16/libc.a(printf.o)
 .debug_frame   0x000000c8       0x64 /usr/lib/gcc/msp430/4.6.3/../../../../msp430/lib/mcpu-430x/mmpy-16/libc.a(sprintf.o)
 .debug_frame   0x0000012c       0x84 /usr/lib/gcc/msp430/4.6.3/../../../../msp430/lib/mcpu-430x/mmpy-16/libc.a(vuprintf.o)
 .debug_frame   0x000001b0       0x24 /usr/lib/gcc/msp430/4.6.3/../../../../msp430/lib/mcpu-430x/mmpy-16/libc.a(puts.o)
 .debug_frame   0x000001d4       0x3c /usr/lib/gcc/msp430/4.6.3/../../../../msp430/lib/mcpu-430x/mmpy-16/libc.a(rand.o)

.debug_str      0x00000000      0x441
 *(.debug_str)
 .debug_str     0x00000000       0xc4 /usr/lib/gcc/msp430/4.6.3/../../../../msp430/lib/mcpu-430x/mmpy-16/libc.a(strncmp.o)
                                 0xfd (size before relaxing)
 .debug_str     0x000000c4       0x19 /usr/lib/gcc/msp430/4.6.3/../../../../msp430/lib/mcpu-430x/mmpy-16/libc.a(memcmp.o)
                                 0xfb (size before relaxing)
 .debug_str     0x000000dd       0x34 /usr/lib/gcc/msp430/4.6.3/../../../../msp430/lib/mcpu-430x/mmpy-16/libc.a(memcpy.o)
                                0x116 (size before relaxing)
 .debug_str     0x00000111       0x26 /usr/lib/gcc/msp430/4.6.3/../../../../msp430/lib/mcpu-430x/mmpy-16/libc.a(memset.o)
                                0x114 (size before relaxing)
 .debug_str     0x00000137       0x40 /usr/lib/gcc/msp430/4.6.3/../../../../msp430/lib/mcpu-430x/mmpy-16/libc.a(printf.o)
                                0x12a (size before relaxing)
 .debug_str     0x00000177       0x6e /usr/lib/gcc/msp430/4.6.3/../../../../msp430/lib/mcpu-430x/mmpy-16/libc.a(sprintf.o)
                                0x18f (size before relaxing)
 .debug_str     0x000001e5      0x218 /usr/lib/gcc/msp430/4.6.3/../../../../msp430/lib/mcpu-430x/mmpy-16/libc.a(vuprintf.o)
                                0x375 (size before relaxing)
 .debug_str     0x000003fd       0x15 /usr/lib/gcc/msp430/4.6.3/../../../../msp430/lib/mcpu-430x/mmpy-16/libc.a(puts.o)
                                 0xf0 (size before relaxing)
 .debug_str     0x00000412       0x2f /usr/lib/gcc/msp430/4.6.3/../../../../msp430/lib/mcpu-430x/mmpy-16/libc.a(rand.o)
                                0x10f (size before relaxing)

.debug_loc      0x00000000      0xb30
 *(.debug_loc)
 .debug_loc     0x00000000       0x38 /usr/lib/gcc/msp430/4.6.3/../../../../msp430/lib/mcpu-430x/mmpy-16/libc.a(strncmp.o)
 .debug_loc     0x00000038       0x5e /usr/lib/gcc/msp430/4.6.3/../../../../msp430/lib/mcpu-430x/mmpy-16/libc.a(memcmp.o)
 .debug_loc     0x00000096      0x1d0 /usr/lib/gcc/msp430/4.6.3/../../../../msp430/lib/mcpu-430x/mmpy-16/libc.a(memcpy.o)
 .debug_loc     0x00000266       0xc3 /usr/lib/gcc/msp430/4.6.3/../../../../msp430/lib/mcpu-430x/mmpy-16/libc.a(memset.o)
 .debug_loc     0x00000329       0x38 /usr/lib/gcc/msp430/4.6.3/../../../../msp430/lib/mcpu-430x/mmpy-16/libc.a(printf.o)
 .debug_loc     0x00000361       0xe3 /usr/lib/gcc/msp430/4.6.3/../../../../msp430/lib/mcpu-430x/mmpy-16/libc.a(sprintf.o)
 .debug_loc     0x00000444      0x697 /usr/lib/gcc/msp430/4.6.3/../../../../msp430/lib/mcpu-430x/mmpy-16/libc.a(vuprintf.o)
 .debug_loc     0x00000adb       0x26 /usr/lib/gcc/msp430/4.6.3/../../../../msp430/lib/mcpu-430x/mmpy-16/libc.a(puts.o)
 .debug_loc     0x00000b01       0x2f /usr/lib/gcc/msp430/4.6.3/../../../../msp430/lib/mcpu-430x/mmpy-16/libc.a(rand.o)

.debug_macinfo
 *(.debug_macinfo)

.debug_pubtypes
 *(.debug_pubtypes)

.debug_ranges   0x00000000       0x18
 *(.debug_ranges)
 .debug_ranges  0x00000000       0x18 /usr/lib/gcc/msp430/4.6.3/../../../../msp430/lib/mcpu-430x/mmpy-16/libc.a(vuprintf.o)
                0x00003100                PROVIDE (__stack, (ORIGIN (ram) + 0x2000))
                0x00008d24                PROVIDE (__data_start_rom, _etext)
                0x00008dcc                PROVIDE (__data_end_rom, (_etext + SIZEOF (.data)))
OUTPUT(rocket_sender.z1 elf32-msp430)
