Archive member included because of file (symbol)

contiki-sky.a(contiki-sky-pla)
                              obj_sky/contiki-sky-main.o (init_platform)
contiki-sky.a(button-sensor.o)
                              contiki-sky.a(contiki-sky-pla) (button_sensor)
contiki-sky.a(ds2411.o)       obj_sky/contiki-sky-main.o (ds2411_init)
contiki-sky.a(xmem.o)         obj_sky/contiki-sky-main.o (xmem_init)
contiki-sky.a(node-id.o)      obj_sky/contiki-sky-main.o (node_id_restore)
contiki-sky.a(sensors.o)      contiki-sky.a(button-sensor.o) (sensors_changed)
contiki-sky.a(cc2420.o)       obj_sky/contiki-sky-main.o (cc2420_set_pan_addr)
contiki-sky.a(cc2420-arch.o)  contiki-sky.a(cc2420.o) (cc2420_arch_init)
contiki-sky.a(uart1.o)        obj_sky/contiki-sky-main.o (uart1_active)
contiki-sky.a(uart1-putchar.o)
                              obj_sky/contiki-sky-main.o (putchar)
contiki-sky.a(msp430.o)       contiki-sky.a(uart1.o) (msp430_add_lpm_req)
contiki-sky.a(clock.o)        rocket_sender.co (clock_time)
contiki-sky.a(leds.o)         obj_sky/contiki-sky-main.o (leds_init)
contiki-sky.a(leds-arch.o)    contiki-sky.a(leds.o) (leds_arch_init)
contiki-sky.a(watchdog.o)     obj_sky/contiki-sky-main.o (watchdog_start)
contiki-sky.a(rtimer-arch.o)  obj_sky/contiki-sky-main.o (rtimer_arch_now)
contiki-sky.a(autostart.o)    obj_sky/contiki-sky-main.o (autostart_start)
contiki-sky.a(ctimer.o)       obj_sky/contiki-sky-main.o (ctimer_init)
contiki-sky.a(energest.o)     obj_sky/contiki-sky-main.o (energest_init)
contiki-sky.a(etimer.o)       contiki-sky.a(clock.o) (etimer_request_poll)
contiki-sky.a(process.o)      contiki-sky.a(ctimer.o) (process_current)
contiki-sky.a(rtimer.o)       obj_sky/contiki-sky-main.o (rtimer_init)
contiki-sky.a(timer.o)        obj_sky/contiki-sky-main.o (timer_set)
contiki-sky.a(serial-line.o)  rocket_sender.co (serial_line_event_message)
contiki-sky.a(list.o)         contiki-sky.a(ctimer.o) (list_init)
contiki-sky.a(random.o)       obj_sky/contiki-sky-main.o (random_init)
contiki-sky.a(ringbuf.o)      contiki-sky.a(serial-line.o) (ringbuf_init)
contiki-sky.a(broadcast.o)    rocket_sender.co (broadcast_open)
contiki-sky.a(channel.o)      contiki-sky.a(broadcast.o) (channel_set_attributes)
contiki-sky.a(rime.o)         obj_sky/contiki-sky-main.o (rime_driver)
contiki-sky.a(aloha.o)        obj_sky/contiki-sky-main.o (aloha_driver)
contiki-sky.a(mac.o)          contiki-sky.a(aloha.o) (mac_call_sent_callback)
contiki-sky.a(linkaddr.o)     obj_sky/contiki-sky-main.o (linkaddr_copy)
contiki-sky.a(packetbuf.o)    contiki-sky.a(rime.o) (packetbuf_compact)
contiki-sky.a(queuebuf.o)     contiki-sky.a(rime.o) (queuebuf_init)
contiki-sky.a(contikimac.o)   obj_sky/contiki-sky-main.o (contikimac_driver)
contiki-sky.a(contikimac-fram)
                              contiki-sky.a(contikimac.o) (contikimac_framer)
contiki-sky.a(nullsec.o)      obj_sky/contiki-sky-main.o (nullsec_driver)
contiki-sky.a(spi.o)          contiki-sky.a(xmem.o) (spi_init)
contiki-sky.a(compower.o)     contiki-sky.a(contikimac.o) (compower_accumulate)
contiki-sky.a(memb.o)         contiki-sky.a(aloha.o) (memb_init)
contiki-sky.a(abc.o)          contiki-sky.a(broadcast.o) (abc_open)
contiki-sky.a(announcement.o)
                              contiki-sky.a(rime.o) (announcement_init)
contiki-sky.a(broadcast-annou)
                              contiki-sky.a(rime.o) (broadcast_announcement_init)
contiki-sky.a(chameleon.o)    contiki-sky.a(rime.o) (chameleon_init)
contiki-sky.a(framer-802154.o)
                              contiki-sky.a(contikimac-fram) (framer_802154)
contiki-sky.a(framer.o)       contiki-sky.a(framer-802154.o) (framer_canonical_create_and_secure)
contiki-sky.a(mac-sequence.o)
                              contiki-sky.a(contikimac.o) (mac_sequence_is_duplicate)
contiki-sky.a(chameleon-bitop)
                              contiki-sky.a(chameleon.o) (chameleon_bitopt)
contiki-sky.a(frame802154.o)  contiki-sky.a(framer-802154.o) (frame802154_hdrlen)
/usr/lib/gcc/msp430/4.6.3/mmpy-16/libgcc.a(_mulsi3.o)
                              rocket_sender.co (__mulsi3)
/usr/lib/gcc/msp430/4.6.3/mmpy-16/libgcc.a(_udivmod16.o)
                              contiki-sky.a(aloha.o) (__umodhi3)
/usr/lib/gcc/msp430/4.6.3/mmpy-16/libgcc.a(_udivmod32.o)
                              rocket_sender.co (__udivsi3)
/usr/lib/gcc/msp430/4.6.3/../../../../msp430/lib/mmpy-16/libc.a(strncmp.o)
                              rocket_sender.co (strncmp)
/usr/lib/gcc/msp430/4.6.3/../../../../msp430/lib/mmpy-16/libc.a(memcmp.o)
                              contiki-sky.a(linkaddr.o) (memcmp)
/usr/lib/gcc/msp430/4.6.3/../../../../msp430/lib/mmpy-16/libc.a(memcpy.o)
                              contiki-sky.a(packetbuf.o) (memcpy)
/usr/lib/gcc/msp430/4.6.3/../../../../msp430/lib/mmpy-16/libc.a(memset.o)
                              obj_sky/contiki-sky-main.o (memset)
/usr/lib/gcc/msp430/4.6.3/../../../../msp430/lib/mmpy-16/libc.a(strtol.o)
[...]
Memory Configuration

Name             Origin             Length             Attributes
sfr              0x00000000         0x00000010
peripheral_8bit  0x00000010         0x000000f0
peripheral_16bit 0x00000100         0x00000100
ram_mirror       0x00000200         0x00000800         xw
infomem          0x00001000         0x00000100
infob            0x00001000         0x00000080
infoa            0x00001080         0x00000080
ram              0x00001100         0x00002800         xw
rom              0x00004000         0x0000bfe0         xr
vectors          0x0000ffe0         0x00000020
bsl              0x00000000         0x00000000
infoc            0x00000000         0x00000000
infod            0x00000000         0x00000000
ram2             0x00000000         0x00000000         xw
usbram           0x00000000         0x00000000         xw
far_rom          0x00000000         0x00000000
*default*        0x00000000         0xffffffff

Linker script and memory map

LOAD /usr/lib/gcc/msp430/4.6.3/mmpy-16/crt0ivtbl16.o
LOAD rocket_sender.co
LOAD obj_sky/contiki-sky-main.o
LOAD contiki-sky.a
LOAD /usr/lib/gcc/msp430/4.6.3/mmpy-16/libgcc.a
LOAD /usr/lib/gcc/msp430/4.6.3/../../../../msp430/lib/mmpy-16/libc.a
LOAD /usr/lib/gcc/msp430/4.6.3/mmpy-16/libgcc.a
LOAD /usr/lib/gcc/msp430/4.6.3/mmpy-16/libcrt0.a
                0x00000080                PROVIDE (__info_segment_size, 0x80)
                0x00001000                PROVIDE (__infob, 0x1000)
                0x00001080                PROVIDE (__infoa, 0x1080)
                0x00000000                __IE1 = 0x0
                0x00000002                __IFG1 = 0x2
                0x00000004                __ME1 = 0x4
                0x00000001                __IE2 = 0x1
                0x00000003                __IFG2 = 0x3
                0x00000005                __ME2 = 0x5
                0x00000120                __WDTCTL = 0x120
                0x00000130                __MPY = 0x130
                0x00000132                __MPYS = 0x132
                0x00000134                __MAC = 0x134
                0x00000136                __MACS = 0x136
                0x00000138                __OP2 = 0x138
                0x0000013a                __RESLO = 0x13a
                0x0000013c                __RESHI = 0x13c
                0x0000013e                __SUMEXT = 0x13e
                0x00000020                __P1IN = 0x20
                0x00000021                __P1OUT = 0x21
                0x00000022                __P1DIR = 0x22
                0x00000023                __P1IFG = 0x23
                0x00000024                __P1IES = 0x24
                0x00000025                __P1IE = 0x25
                0x00000026                __P1SEL = 0x26
                0x00000028                __P2IN = 0x28
                0x00000029                __P2OUT = 0x29
                0x0000002a                __P2DIR = 0x2a
                0x0000002b                __P2IFG = 0x2b
                0x0000002c                __P2IES = 0x2c
                0x0000002d                __P2IE = 0x2d
                0x0000002e                __P2SEL = 0x2e
                0x00000018                __P3IN = 0x18
                0x00000019                __P3OUT = 0x19
                0x0000001a                __P3DIR = 0x1a
                0x0000001b                __P3SEL = 0x1b
                0x0000001c                __P4IN = 0x1c
                0x0000001d                __P4OUT = 0x1d
                0x0000001e                __P4DIR = 0x1e
                0x0000001f                __P4SEL = 0x1f
                0x00000030                __P5IN = 0x30
                0x00000031                __P5OUT = 0x31
                0x00000032                __P5DIR = 0x32
                0x00000033                __P5SEL = 0x33
                0x00000034                __P6IN = 0x34
                0x00000035                __P6OUT = 0x35
                0x00000036                __P6DIR = 0x36
                0x00000037                __P6SEL = 0x37
                0x00000070                __U0CTL = 0x70
                0x00000071                __U0TCTL = 0x71
                0x00000072                __U0RCTL = 0x72
                0x00000073                __U0MCTL = 0x73
                0x00000074                __U0BR0 = 0x74
                0x00000075                __U0BR1 = 0x75
                0x00000076                __U0RXBUF = 0x76
                0x00000077                __U0TXBUF = 0x77
                0x00000078                __U1CTL = 0x78
                0x00000079                __U1TCTL = 0x79
                0x0000007a                __U1RCTL = 0x7a
                0x0000007b                __U1MCTL = 0x7b
                0x0000007c                __U1BR0 = 0x7c
                0x0000007d                __U1BR1 = 0x7d
                0x0000007e                __U1RXBUF = 0x7e
                0x0000007f                __U1TXBUF = 0x7f
                0x00000050                __I2CIE = 0x50
                0x00000051                __I2CIFG = 0x51
                0x00000052                __I2CNDAT = 0x52
                0x00000071                __I2CTCTL = 0x71
                0x00000072                __I2CDCTL = 0x72
                0x00000073                __I2CPSC = 0x73
                0x00000074                __I2CSCLH = 0x74
                0x00000075                __I2CSCLL = 0x75
                0x00000076                __I2CDRB = 0x76
                0x00000076                __I2CDRW = 0x76
                0x00000118                __I2COA = 0x118
                0x0000011a                __I2CSA = 0x11a
                0x0000011c                __I2CIV = 0x11c
                0x0000012e                __TAIV = 0x12e
                0x00000160                __TACTL = 0x160
                0x00000162                __TACCTL0 = 0x162
                0x00000164                __TACCTL1 = 0x164
                0x00000166                __TACCTL2 = 0x166
                0x00000170                __TAR = 0x170
                0x00000172                __TACCR0 = 0x172
                0x00000174                __TACCR1 = 0x174
                0x00000176                __TACCR2 = 0x176
                0x0000011e                __TBIV = 0x11e
                0x00000180                __TBCTL = 0x180
                0x00000182                __TBCCTL0 = 0x182
                0x00000184                __TBCCTL1 = 0x184
                0x00000186                __TBCCTL2 = 0x186
                0x00000188                __TBCCTL3 = 0x188
                0x0000018a                __TBCCTL4 = 0x18a
                0x0000018c                __TBCCTL5 = 0x18c
                0x0000018e                __TBCCTL6 = 0x18e
                0x00000190                __TBR = 0x190
                0x00000192                __TBCCR0 = 0x192
                0x00000194                __TBCCR1 = 0x194
                0x00000196                __TBCCR2 = 0x196
                0x00000198                __TBCCR3 = 0x198
                0x0000019a                __TBCCR4 = 0x19a
                0x0000019c                __TBCCR5 = 0x19c
                0x0000019e                __TBCCR6 = 0x19e
                0x00000056                __DCOCTL = 0x56
                0x00000057                __BCSCTL1 = 0x57
                0x00000058                __BCSCTL2 = 0x58
                0x00000055                __SVSCTL = 0x55
                0x00000128                __FCTL1 = 0x128
                0x0000012a                __FCTL2 = 0x12a
                0x0000012c                __FCTL3 = 0x12c
                0x00000059                __CACTL1 = 0x59
                0x0000005a                __CACTL2 = 0x5a
                0x0000005b                __CAPD = 0x5b
                0x000001a0                __ADC12CTL0 = 0x1a0
                0x000001a2                __ADC12CTL1 = 0x1a2
                0x000001a4                __ADC12IFG = 0x1a4
                0x000001a6                __ADC12IE = 0x1a6
                0x000001a8                __ADC12IV = 0x1a8
                0x00000140                __ADC12MEM0 = 0x140
                0x00000142                __ADC12MEM1 = 0x142
                0x00000144                __ADC12MEM2 = 0x144
                0x00000146                __ADC12MEM3 = 0x146
                0x00000148                __ADC12MEM4 = 0x148
                0x0000014a                __ADC12MEM5 = 0x14a
                0x0000014c                __ADC12MEM6 = 0x14c
                0x0000014e                __ADC12MEM7 = 0x14e
                0x00000150                __ADC12MEM8 = 0x150
                0x00000152                __ADC12MEM9 = 0x152
                0x00000154                __ADC12MEM10 = 0x154
                0x00000156                __ADC12MEM11 = 0x156
                0x00000158                __ADC12MEM12 = 0x158
                0x0000015a                __ADC12MEM13 = 0x15a
                0x0000015c                __ADC12MEM14 = 0x15c
                0x0000015e                __ADC12MEM15 = 0x15e
                0x00000080                __ADC12MCTL0 = 0x80
                0x00000081                __ADC12MCTL1 = 0x81
                0x00000082                __ADC12MCTL2 = 0x82
                0x00000083                __ADC12MCTL3 = 0x83
                0x00000084                __ADC12MCTL4 = 0x84
                0x00000085                __ADC12MCTL5 = 0x85
                0x00000086                __ADC12MCTL6 = 0x86
                0x00000087                __ADC12MCTL7 = 0x87
                0x00000088                __ADC12MCTL8 = 0x88
                0x00000089                __ADC12MCTL9 = 0x89
                0x0000008a                __ADC12MCTL10 = 0x8a
                0x0000008b                __ADC12MCTL11 = 0x8b
                0x0000008c                __ADC12MCTL12 = 0x8c
                0x0000008d                __ADC12MCTL13 = 0x8d
                0x0000008e                __ADC12MCTL14 = 0x8e
                0x0000008f                __ADC12MCTL15 = 0x8f
                0x000001c0                __DAC12_0CTL = 0x1c0
                0x000001c2                __DAC12_1CTL = 0x1c2
                0x000001c8                __DAC12_0DAT = 0x1c8
                0x000001ca                __DAC12_1DAT = 0x1ca
                0x00000122                __DMACTL0 = 0x122
                0x00000124                __DMACTL1 = 0x124
                0x000001e0                __DMA0CTL = 0x1e0
                0x000001e8                __DMA1CTL = 0x1e8
                0x000001f0                __DMA2CTL = 0x1f0
                0x000001e2                __DMA0SA = 0x1e2
                0x000001e4                __DMA0DA = 0x1e4
                0x000001e6                __DMA0SZ = 0x1e6
                0x000001ea                __DMA1SA = 0x1ea
                0x000001ec                __DMA1DA = 0x1ec
                0x000001ee                __DMA1SZ = 0x1ee
                0x000001f2                __DMA2SA = 0x1f2
                0x000001f4                __DMA2DA = 0x1f4
                0x000001f6                __DMA2SZ = 0x1f6

.hash
 *(.hash)

.dynsym
 *(.dynsym)

.dynstr
 *(.dynstr)

.gnu.version
 *(.gnu.version)

.gnu.version_d
 *(.gnu.version_d)

.gnu.version_r
 *(.gnu.version_r)

.rel.init
 *(.rel.init)

.rela.init
 *(.rela.init)

.rel.fini
 *(.rel.fini)

.rela.fini
 *(.rela.fini)

.rel.text
 *(.rel.text .rel.text.* .rel.gnu.linkonce.t.*)

.rela.text
 *(.rela.text .rela.text.* .rela.gnu.linkonce.t.*)

.rel.rodata
 *(.rel.rodata .rel.rodata.* .rel.gnu.linkonce.r.*)

.rela.rodata
 *(.rela.rodata .rela.rodata.* .rela.gnu.linkonce.r.*)

.rel.data
 *(.rel.data .rel.data.* .rel.gnu.linkonce.d.*)

.rela.data
 *(.rela.data .rela.data.* .rela.gnu.linkonce.d.*)

.rel.bss
 *(.rel.bss .rel.bss.* .rel.gnu.linkonce.b.*)

.rela.bss
 *(.rela.bss .rela.bss.* .rela.gnu.linkonce.b.*)

.rel.ctors
 *(.rel.ctors)

.rela.ctors
 *(.rela.ctors)

.rel.dtors
 *(.rel.dtors)

.rela.dtors
 *(.rela.dtors)

.rel.got
 *(.rel.got)

.rela.got
 *(.rela.got)

.rel.plt
 *(.rel.plt)

.rela.plt
 *(.rela.plt)

.text           0x00004000     0x5462
                0x00004000                . = ALIGN (0x2)
 *(.init .init.*)
 *(.init0)
 .init0         0x00004000        0x0 /usr/lib/gcc/msp430/4.6.3/mmpy-16/libcrt0.a(_reset_vector__.o)
                0x00004000                _reset_vector__
 *(.init1)
 .init1         0x00004000        0xc /usr/lib/gcc/msp430/4.6.3/mmpy-16/libcrt0.a(__watchdog_support.o)
                0x00004000                __watchdog_support
 *(.init2)
 .init2         0x0000400c        0x4 /usr/lib/gcc/msp430/4.6.3/mmpy-16/libcrt0.a(__init_stack.o)
                0x0000400c                __init_stack
 *(.init3)
 .init3         0x00004010        0x0 /usr/lib/gcc/msp430/4.6.3/mmpy-16/libcrt0.a(__low_level_init.o)
                0x00004010                __low_level_init
 *(.init4)
 .init4         0x00004010       0x18 /usr/lib/gcc/msp430/4.6.3/mmpy-16/libcrt0.a(_copy_data.o)
                0x00004010                __do_copy_data
 .init4         0x00004028       0x16 /usr/lib/gcc/msp430/4.6.3/mmpy-16/libcrt0.a(_clear_bss.o)
                0x00004028                __do_clear_bss
 *(.init5)
 *(.init6)
 *(.init7)
 *(.init8)
 *(.init9)
 .init9         0x0000403e      0x2d0 obj_sky/contiki-sky-main.o
                0x0000403e                main
 *(.fini9)
 .fini9         0x0000430e        0x0 /usr/lib/gcc/msp430/4.6.3/mmpy-16/libcrt0.a(__stop_progExec__.o)
                0x0000430e                __stop_progExec__
 *(.fini8)
 *(.fini7)
 *(.fini6)
 *(.fini5)
 *(.fini4)
 *(.fini3)
 *(.fini2)
 *(.fini1)
 *(.fini0)
 .fini0         0x0000430e        0x6 /usr/lib/gcc/msp430/4.6.3/mmpy-16/libcrt0.a(_endless_loop__.o)
                0x0000430e                _endless_loop__
 *(.fini .fini.*)
                0x00004314                . = ALIGN (0x2)
                0x00004314                __ctors_start = .
 *(.ctors)
                0x00004314                __ctors_end = .
                0x00004314                __dtors_start = .
 *(.dtors)
                0x00004314                __dtors_end = .
                0x00004314                . = ALIGN (0x2)
 *(.text .text.* .gnu.linkonce.t.*)
 .text          0x00004314        0x4 /usr/lib/gcc/msp430/4.6.3/mmpy-16/crt0ivtbl16.o
                0x00004314                __isr_14
                0x00004314                __isr_11
                0x00004314                __isr_2
                0x00004314                __isr_7
                0x00004314                __isr_0
                0x00004314                __isr_8
                0x00004314                __isr_3
                0x00004314                __isr_12
                0x00004314                __isr_13
                0x00004314                __isr_9
 .text.broadcast_recv
                0x00004318        0x2 rocket_sender.co
 .text.process_thread_rocket_sender_process
                0x0000431a      0x446 rocket_sender.co
 .text.start_network_layer
                0x00004760       0x3c obj_sky/contiki-sky-main.o
 .text.init_platform
                0x0000479c        0xc contiki-sky.a(contiki-sky-pla)
                0x0000479c                init_platform
 .text.status   0x000047a8       0x16 contiki-sky.a(button-sensor.o)
 .text.configure
                0x000047be       0x52 contiki-sky.a(button-sensor.o)
 .text.value    0x00004810       0x22 contiki-sky.a(button-sensor.o)
 .text.irq_p2   0x00004832       0x8a contiki-sky.a(button-sensor.o)
                0x00004832                irq_p2
                0x00004832                __isr_1
 .text.owreadb  0x000048bc       0x52 contiki-sky.a(ds2411.o)
 .text.ds2411_init
                0x0000490e      0x122 contiki-sky.a(ds2411.o)
                0x0000490e                ds2411_init
 .text.wait_ready
                0x00004a30       0x50 contiki-sky.a(xmem.o)
 .text.xmem_init
                0x00004a80       0x3e contiki-sky.a(xmem.o)
                0x00004a80                xmem_init
 .text.xmem_pread
                0x00004abe       0xea contiki-sky.a(xmem.o)
                0x00004abe                xmem_pread
 .text.node_id_restore
                0x00004ba8       0x38 contiki-sky.a(node-id.o)
                0x00004ba8                node_id_restore
 .text.process_thread_sensors_process
                0x00004be0       0xbe contiki-sky.a(sensors.o)
 .text.sensors_changed
                0x00004c9e       0x2a contiki-sky.a(sensors.o)
                0x00004c9e                sensors_changed
 .text.get_object
                0x00004cc8        0x4 contiki-sky.a(cc2420.o)
 .text.set_object
                0x00004ccc        0x4 contiki-sky.a(cc2420.o)
 .text.strobe   0x00004cd0       0x20 contiki-sky.a(cc2420.o)
 .text.getreg   0x00004cf0       0x54 contiki-sky.a(cc2420.o)
 .text.setreg   0x00004d44       0x52 contiki-sky.a(cc2420.o)
 .text.write_ram
                0x00004d96       0x80 contiki-sky.a(cc2420.o)
 .text.write_fifo_buf
                0x00004e16       0x40 contiki-sky.a(cc2420.o)
 .text.get_status
                0x00004e56       0x24 contiki-sky.a(cc2420.o)
 .text.set_txpower
                0x00004e7a       0x26 contiki-sky.a(cc2420.o)
 .text.cc2420_receiving_packet
                0x00004ea0        0xe contiki-sky.a(cc2420.o)
 .text.pending_packet
                0x00004eae        0x8 contiki-sky.a(cc2420.o)
 .text.on       0x00004eb6       0x1e contiki-sky.a(cc2420.o)
 .text.wait_for_transmission
                0x00004ed4       0x22 contiki-sky.a(cc2420.o)
 .text.wait_for_status
                0x00004ef6       0x2a contiki-sky.a(cc2420.o)
 .text.getrxdata
                0x00004f20       0x56 contiki-sky.a(cc2420.o)
 .text.flushrx  0x00004f76       0x1a contiki-sky.a(cc2420.o)
 .text.off      0x00004f90       0x5a contiki-sky.a(cc2420.o)
 .text.RELEASE_LOCK
                0x00004fea       0x28 contiki-sky.a(cc2420.o)
 .text.set_key  0x00005012       0x18 contiki-sky.a(cc2420.o)
 .text.cc2420_prepare
                0x0000502a       0x3c contiki-sky.a(cc2420.o)
 .text.cc2420_on
                0x00005066       0x22 contiki-sky.a(cc2420.o)
                0x00005066                cc2420_on
 .text.cc2420_off
                0x00005088       0x30 contiki-sky.a(cc2420.o)
                0x00005088                cc2420_off
 .text.cc2420_cca
                0x000050b8       0x5e contiki-sky.a(cc2420.o)
 .text.cc2420_read
                0x00005116       0xb0 contiki-sky.a(cc2420.o)
 .text.process_thread_cc2420_process
                0x000051c6       0x50 contiki-sky.a(cc2420.o)
 .text.encrypt  0x00005216       0x8e contiki-sky.a(cc2420.o)
 .text.cc2420_set_channel
                0x000052a4       0x3c contiki-sky.a(cc2420.o)
                0x000052a4                cc2420_set_channel
 .text.cc2420_set_pan_addr
                0x000052e0       0x4c contiki-sky.a(cc2420.o)
                0x000052e0                cc2420_set_pan_addr
 .text.cc2420_interrupt
                0x0000532c       0x18 contiki-sky.a(cc2420.o)
                0x0000532c                cc2420_interrupt
 .text.cc2420_set_txpower
                0x00005344        0xe contiki-sky.a(cc2420.o)
                0x00005344                cc2420_set_txpower
 .text.cc2420_get_txpower
                0x00005352       0x1e contiki-sky.a(cc2420.o)
                0x00005352                cc2420_get_txpower
 .text.cc2420_transmit
                0x00005370      0x12a contiki-sky.a(cc2420.o)
 .text.cc2420_send
                0x0000549a       0x12 contiki-sky.a(cc2420.o)
 .text.cc2420_rssi
                0x000054ac       0x4c contiki-sky.a(cc2420.o)
                0x000054ac                cc2420_rssi
 .text.get_value
                0x000054f8       0xac contiki-sky.a(cc2420.o)
 .text.cc2420_set_cca_threshold
                0x000055a4       0x16 contiki-sky.a(cc2420.o)
                0x000055a4                cc2420_set_cca_threshold
 .text.set_value
                0x000055ba       0x8a contiki-sky.a(cc2420.o)
 .text.cc2420_init
                0x00005644       0xde contiki-sky.a(cc2420.o)
                0x00005644                cc2420_init
 .text.cc2420_port1_interrupt
                0x00005722       0x62 contiki-sky.a(cc2420-arch.o)
                0x00005722                __isr_4
                0x00005722                cc2420_port1_interrupt
 .text.cc2420_arch_init
                0x00005784       0x1a contiki-sky.a(cc2420-arch.o)
                0x00005784                cc2420_arch_init
 .text.handle_rxdma_timer
                0x0000579e       0x3a contiki-sky.a(uart1.o)
 .text.uart1_active
                0x000057d8       0x1a contiki-sky.a(uart1.o)
                0x000057d8                uart1_active
 .text.uart1_set_input
                0x000057f2       0x20 contiki-sky.a(uart1.o)
                0x000057f2                uart1_set_input
 .text.uart1_writeb
                0x00005812       0x1a contiki-sky.a(uart1.o)
                0x00005812                uart1_writeb
 .text.uart1_init
                0x0000582c       0xf6 contiki-sky.a(uart1.o)
                0x0000582c                uart1_init
 .text.putchar  0x00005922       0x10 contiki-sky.a(uart1-putchar.o)
                0x00005922                putchar
 .text.msp430_init_dco
                0x00005932       0x84 contiki-sky.a(msp430.o)
                0x00005932                msp430_init_dco
 .text.msp430_add_lpm_req
                0x000059b6        0xc contiki-sky.a(msp430.o)
                0x000059b6                msp430_add_lpm_req
 .text.msp430_cpu_init
                0x000059c2       0x2a contiki-sky.a(msp430.o)
                0x000059c2                msp430_cpu_init
 .text.splhigh_
                0x000059ec        0x8 contiki-sky.a(msp430.o)
                0x000059ec                splhigh_
 .text.msp430_sync_dco
                0x000059f4       0x68 contiki-sky.a(msp430.o)
                0x000059f4                msp430_sync_dco
 .text.timera1  0x00005a5c      0x11e contiki-sky.a(clock.o)
                0x00005a5c                __isr_5
                0x00005a5c                timera1
 .text.clock_time
                0x00005b7a       0x1a contiki-sky.a(clock.o)
                0x00005b7a                clock_time
 .text.clock_init
                0x00005b94       0x28 contiki-sky.a(clock.o)
                0x00005b94                clock_init
 .text.clock_delay
                0x00005bbc        0xc contiki-sky.a(clock.o)
                0x00005bbc                clock_delay
 .text.clock_seconds
                0x00005bc8       0x1a contiki-sky.a(clock.o)
                0x00005bc8                clock_seconds
 .text.show_leds
                0x00005be2       0xf6 contiki-sky.a(leds.o)
 .text.leds_init
                0x00005cd8        0xa contiki-sky.a(leds.o)
                0x00005cd8                leds_init
 .text.leds_on  0x00005ce2        0xa contiki-sky.a(leds.o)
                0x00005ce2                leds_on
 .text.leds_off
                0x00005cec        0xe contiki-sky.a(leds.o)
                0x00005cec                leds_off
 .text.leds_toggle
                0x00005cfa        0xa contiki-sky.a(leds.o)
                0x00005cfa                leds_toggle
 .text.leds_arch_init
                0x00005d04        0xe contiki-sky.a(leds-arch.o)
                0x00005d04                leds_arch_init
 .text.leds_arch_set
                0x00005d12       0x3a contiki-sky.a(leds-arch.o)
                0x00005d12                leds_arch_set
 .text.watchdog_interrupt
                0x00005d4c        0x6 contiki-sky.a(watchdog.o)
                0x00005d4c                __isr_10
                0x00005d4c                watchdog_interrupt
 .text.watchdog_start
                0x00005d52       0x14 contiki-sky.a(watchdog.o)
                0x00005d52                watchdog_start
 .text.watchdog_periodic
                0x00005d66       0x12 contiki-sky.a(watchdog.o)
                0x00005d66                watchdog_periodic
 .text.watchdog_stop
                0x00005d78       0x16 contiki-sky.a(watchdog.o)
                0x00005d78                watchdog_stop
 .text.watchdog_init
                0x00005d8e       0x14 contiki-sky.a(watchdog.o)
                0x00005d8e                watchdog_init
 .text.rtimer_arch_init
                0x00005da2        0xe contiki-sky.a(rtimer-arch.o)
                0x00005da2                rtimer_arch_init
 .text.rtimer_arch_now
                0x00005db0        0xe contiki-sky.a(rtimer-arch.o)
                0x00005db0                rtimer_arch_now
 .text.timera0  0x00005dbe       0x70 contiki-sky.a(rtimer-arch.o)
                0x00005dbe                __isr_6
                0x00005dbe                timera0
 .text.rtimer_arch_schedule
                0x00005e2e        0x6 contiki-sky.a(rtimer-arch.o)
                0x00005e2e                rtimer_arch_schedule
 .text.autostart_start
                0x00005e34       0x16 contiki-sky.a(autostart.o)
                0x00005e34                autostart_start
 .text.process_thread_ctimer_process
                0x00005e4a       0xa4 contiki-sky.a(ctimer.o)
 .text.ctimer_init
                0x00005eee       0x18 contiki-sky.a(ctimer.o)
                0x00005eee                ctimer_init
 .text.ctimer_set
                0x00005f06       0x50 contiki-sky.a(ctimer.o)
                0x00005f06                ctimer_set
 .text.ctimer_reset
                0x00005f56       0x30 contiki-sky.a(ctimer.o)
                0x00005f56                ctimer_reset
 .text.ctimer_stop
                0x00005f86       0x28 contiki-sky.a(ctimer.o)
                0x00005f86                ctimer_stop
 .text.energest_init
                0x00005fae       0x28 contiki-sky.a(energest.o)
                0x00005fae                energest_init
 .text.energest_type_time
                0x00005fd6       0x46 contiki-sky.a(energest.o)
                0x00005fd6                energest_type_time
 .text.energest_type_set
                0x0000601c        0xe contiki-sky.a(energest.o)
                0x0000601c                energest_type_set
 .text.energest_flush
                0x0000602a       0x48 contiki-sky.a(energest.o)
                0x0000602a                energest_flush
 .text.update_time
                0x00006072       0x78 contiki-sky.a(etimer.o)
 .text.etimer_request_poll
                0x000060ea        0xa contiki-sky.a(etimer.o)
                0x000060ea                etimer_request_poll
 .text.process_thread_etimer_process
                0x000060f4       0xc8 contiki-sky.a(etimer.o)
 .text.add_timer
                0x000061bc       0x40 contiki-sky.a(etimer.o)
 .text.etimer_set
                0x000061fc       0x12 contiki-sky.a(etimer.o)
                0x000061fc                etimer_set
 .text.etimer_reset
                0x0000620e       0x12 contiki-sky.a(etimer.o)
                0x0000620e                etimer_reset
 .text.etimer_pending
                0x00006220        0xc contiki-sky.a(etimer.o)
                0x00006220                etimer_pending
 .text.etimer_next_expiration_time
                0x0000622c       0x16 contiki-sky.a(etimer.o)
                0x0000622c                etimer_next_expiration_time
 .text.etimer_stop
                0x00006242       0x3c contiki-sky.a(etimer.o)
                0x00006242                etimer_stop
 .text.call_process
                0x0000627e       0x4a contiki-sky.a(process.o)
 .text.exit_process
                0x000062c8       0x96 contiki-sky.a(process.o)
 .text.do_poll  0x0000635e       0x30 contiki-sky.a(process.o)
 .text.process_alloc_event
                0x0000638e        0xe contiki-sky.a(process.o)
                0x0000638e                process_alloc_event
 .text.process_init
                0x0000639c       0x1c contiki-sky.a(process.o)
                0x0000639c                process_init
 .text.process_run
                0x000063b8       0xa2 contiki-sky.a(process.o)
                0x000063b8                process_run
 .text.process_nevents
                0x0000645a        0xe contiki-sky.a(process.o)
                0x0000645a                process_nevents
 .text.process_post
                0x00006468       0x54 contiki-sky.a(process.o)
                0x00006468                process_post
 .text.process_post_synch
                0x000064bc       0x12 contiki-sky.a(process.o)
                0x000064bc                process_post_synch
 .text.process_start
                0x000064ce       0x32 contiki-sky.a(process.o)
                0x000064ce                process_start
 .text.process_poll
                0x00006500       0x18 contiki-sky.a(process.o)
                0x00006500                process_poll
 .text.rtimer_init
                0x00006518        0x6 contiki-sky.a(rtimer.o)
                0x00006518                rtimer_init
 .text.rtimer_set
                0x0000651e       0x24 contiki-sky.a(rtimer.o)
                0x0000651e                rtimer_set
 .text.rtimer_run_next
                0x00006542       0x26 contiki-sky.a(rtimer.o)
                0x00006542                rtimer_run_next
 .text.timer_set
                0x00006568       0x1c contiki-sky.a(timer.o)
                0x00006568                timer_set
 .text.timer_reset
                0x00006584        0xe contiki-sky.a(timer.o)
                0x00006584                timer_reset
 .text.timer_expired
                0x00006592       0x2a contiki-sky.a(timer.o)
                0x00006592                timer_expired
 .text.process_thread_serial_line_process
                0x000065bc       0x9c contiki-sky.a(serial-line.o)
 .text.serial_line_input_byte
                0x00006658       0x4a contiki-sky.a(serial-line.o)
                0x00006658                serial_line_input_byte
 .text.serial_line_init
                0x000066a2       0x1c contiki-sky.a(serial-line.o)
                0x000066a2                serial_line_init
 .text.list_init
                0x000066be        0x6 contiki-sky.a(list.o)
                0x000066be                list_init
 .text.list_head
                0x000066c4        0x4 contiki-sky.a(list.o)
                0x000066c4                list_head
 .text.list_tail
                0x000066c8       0x12 contiki-sky.a(list.o)
                0x000066c8                list_tail
 .text.list_remove
                0x000066da       0x34 contiki-sky.a(list.o)
                0x000066da                list_remove
 .text.list_push
                0x0000670e       0x1a contiki-sky.a(list.o)
                0x0000670e                list_push
 .text.list_add
                0x00006728       0x2a contiki-sky.a(list.o)
                0x00006728                list_add
 .text.list_length
                0x00006752       0x10 contiki-sky.a(list.o)
                0x00006752                list_length
 .text.list_item_next
                0x00006762        0xc contiki-sky.a(list.o)
                0x00006762                list_item_next
 .text.random_init
                0x0000676e        0x6 contiki-sky.a(random.o)
                0x0000676e                random_init
 .text.random_rand
                0x00006774        0x6 contiki-sky.a(random.o)
                0x00006774                random_rand
 .text.ringbuf_init
                0x0000677a       0x14 contiki-sky.a(ringbuf.o)
                0x0000677a                ringbuf_init
 .text.ringbuf_put
                0x0000678e       0x38 contiki-sky.a(ringbuf.o)
                0x0000678e                ringbuf_put
 .text.ringbuf_get
                0x000067c6       0x32 contiki-sky.a(ringbuf.o)
                0x000067c6                ringbuf_get
 .text.sent_by_abc
                0x000067f8       0x10 contiki-sky.a(broadcast.o)
 .text.recv_from_abc
                0x00006808       0x26 contiki-sky.a(broadcast.o)
 .text.broadcast_open
                0x0000682e       0x2a contiki-sky.a(broadcast.o)
                0x0000682e                broadcast_open
 .text.broadcast_close
                0x00006858        0x6 contiki-sky.a(broadcast.o)
                0x00006858                broadcast_close
 .text.broadcast_send
                0x0000685e       0x1a contiki-sky.a(broadcast.o)
                0x0000685e                broadcast_send
 .text.channel_init
                0x00006878        0xa contiki-sky.a(channel.o)
                0x00006878                channel_init
 .text.channel_open
                0x00006882       0x10 contiki-sky.a(channel.o)
                0x00006882                channel_open
 .text.channel_close
                0x00006892        0xc contiki-sky.a(channel.o)
                0x00006892                channel_close
 .text.channel_lookup
                0x0000689e       0x20 contiki-sky.a(channel.o)
                0x0000689e                channel_lookup
 .text.channel_set_attributes
                0x000068be       0x24 contiki-sky.a(channel.o)
                0x000068be                channel_set_attributes
 .text.input    0x000068e2       0x3a contiki-sky.a(rime.o)
 .text.init     0x0000691c       0x2e contiki-sky.a(rime.o)
 .text.packet_sent
                0x0000694a       0x44 contiki-sky.a(rime.o)
 .text.rime_output
                0x0000698e       0x24 contiki-sky.a(rime.o)
                0x0000698e                rime_output
 .text.input_packet
                0x000069b2        0x6 contiki-sky.a(aloha.o)
 .text.on       0x000069b8        0x6 contiki-sky.a(aloha.o)
 .text.off      0x000069be        0x6 contiki-sky.a(aloha.o)
 .text.channel_check_interval
                0x000069c4       0x10 contiki-sky.a(aloha.o)
 .text.transmit_packet_list
                0x000069d4       0x24 contiki-sky.a(aloha.o)
 .text.send_packet
                0x000069f8      0x16e contiki-sky.a(aloha.o)
 .text.schedule_transmission
                0x00006b66       0x2a contiki-sky.a(aloha.o)
 .text.init     0x00006b90       0x2c contiki-sky.a(aloha.o)
 .text.tx_done  0x00006bbc       0x94 contiki-sky.a(aloha.o)
 .text.packet_sent
                0x00006c50       0xa6 contiki-sky.a(aloha.o)
 .text.mac_call_sent_callback
                0x00006cf6       0x14 contiki-sky.a(mac.o)
                0x00006cf6                mac_call_sent_callback
 .text.linkaddr_copy
                0x00006d0a        0xc contiki-sky.a(linkaddr.o)
                0x00006d0a                linkaddr_copy
 .text.linkaddr_cmp
                0x00006d16       0x12 contiki-sky.a(linkaddr.o)
                0x00006d16                linkaddr_cmp
 .text.linkaddr_set_node_addr
                0x00006d28        0xc contiki-sky.a(linkaddr.o)
                0x00006d28                linkaddr_set_node_addr
 .text.packetbuf_compact
                0x00006d34       0x2e contiki-sky.a(packetbuf.o)
                0x00006d34                packetbuf_compact
 .text.packetbuf_copyto
                0x00006d62       0x52 contiki-sky.a(packetbuf.o)
                0x00006d62                packetbuf_copyto
 .text.packetbuf_hdrreduce
                0x00006db4       0x1a contiki-sky.a(packetbuf.o)
                0x00006db4                packetbuf_hdrreduce
 .text.packetbuf_set_datalen
                0x00006dce        0x6 contiki-sky.a(packetbuf.o)
                0x00006dce                packetbuf_set_datalen
 .text.packetbuf_dataptr
                0x00006dd4        0xe contiki-sky.a(packetbuf.o)
                0x00006dd4                packetbuf_dataptr
 .text.packetbuf_hdrptr
                0x00006de2        0xa contiki-sky.a(packetbuf.o)
                0x00006de2                packetbuf_hdrptr
 .text.packetbuf_datalen
                0x00006dec        0x6 contiki-sky.a(packetbuf.o)
                0x00006dec                packetbuf_datalen
 .text.packetbuf_hdrlen
                0x00006df2       0x10 contiki-sky.a(packetbuf.o)
                0x00006df2                packetbuf_hdrlen
 .text.packetbuf_totlen
                0x00006e02        0xc contiki-sky.a(packetbuf.o)
                0x00006e02                packetbuf_totlen
 .text.packetbuf_hdralloc
                0x00006e0e       0x2e contiki-sky.a(packetbuf.o)
                0x00006e0e                packetbuf_hdralloc
 .text.packetbuf_attr_clear
                0x00006e3c       0x2c contiki-sky.a(packetbuf.o)
                0x00006e3c                packetbuf_attr_clear
 .text.packetbuf_clear
                0x00006e68       0x1a contiki-sky.a(packetbuf.o)
                0x00006e68                packetbuf_clear
 .text.packetbuf_copyfrom
                0x00006e82       0x2e contiki-sky.a(packetbuf.o)
                0x00006e82                packetbuf_copyfrom
 .text.packetbuf_attr_copyto
                0x00006eb0       0x20 contiki-sky.a(packetbuf.o)
                0x00006eb0                packetbuf_attr_copyto
 .text.packetbuf_attr_copyfrom
                0x00006ed0       0x22 contiki-sky.a(packetbuf.o)
                0x00006ed0                packetbuf_attr_copyfrom
 .text.packetbuf_holds_broadcast
                0x00006ef2        0xe contiki-sky.a(packetbuf.o)
                0x00006ef2                packetbuf_holds_broadcast
 .text.queuebuf_init
                0x00006f00       0x12 contiki-sky.a(queuebuf.o)
                0x00006f00                queuebuf_init
 .text.queuebuf_new_from_packetbuf
                0x00006f12       0x52 contiki-sky.a(queuebuf.o)
                0x00006f12                queuebuf_new_from_packetbuf
 .text.queuebuf_update_attr_from_packetbuf
                0x00006f64       0x12 contiki-sky.a(queuebuf.o)
                0x00006f64                queuebuf_update_attr_from_packetbuf
 .text.queuebuf_update_from_packetbuf
                0x00006f76       0x22 contiki-sky.a(queuebuf.o)
                0x00006f76                queuebuf_update_from_packetbuf
 .text.queuebuf_free
                0x00006f98       0x2a contiki-sky.a(queuebuf.o)
                0x00006f98                queuebuf_free
 .text.queuebuf_to_packetbuf
                0x00006fc2       0x32 contiki-sky.a(queuebuf.o)
                0x00006fc2                queuebuf_to_packetbuf
 .text.queuebuf_attr
                0x00006ff4        0xe contiki-sky.a(queuebuf.o)
                0x00006ff4                queuebuf_attr
 .text.duty_cycle
                0x00007002        0x6 contiki-sky.a(contikimac.o)
 .text.init     0x00007008       0x2a contiki-sky.a(contikimac.o)
 .text.on       0x00007032       0x1a contiki-sky.a(contikimac.o)
 .text.off      0x0000704c       0x22 contiki-sky.a(contikimac.o)
 .text.recv_burst_off
                0x0000706e        0xa contiki-sky.a(contikimac.o)
 .text.turn_off
                0x00007078       0x20 contiki-sky.a(contikimac.o)
 .text.turn_on  0x00007098       0x30 contiki-sky.a(contikimac.o)
 .text.schedule_powercycle_fixed.part.4
                0x000070c8       0x36 contiki-sky.a(contikimac.o)
 .text.powercycle_turn_radio_off
                0x000070fe       0x30 contiki-sky.a(contikimac.o)
 .text.powercycle
                0x0000712e      0x1d2 contiki-sky.a(contikimac.o)
 .text.input_packet
                0x00007300       0xb2 contiki-sky.a(contikimac.o)
 .text.send_packet.isra.7
                0x000073b2      0x1ec contiki-sky.a(contikimac.o)
 .text.qsend_list
                0x0000759e       0xc4 contiki-sky.a(contikimac.o)
 .text.qsend_packet
                0x00007662       0x28 contiki-sky.a(contikimac.o)
 .text.hdr_length
                0x0000768a        0x8 contiki-sky.a(contikimac-fram)
 .text.parse    0x00007692       0x3e contiki-sky.a(contikimac-fram)
 .text.create   0x000076d0       0x2a contiki-sky.a(contikimac-fram)
 .text.create_and_secure
                0x000076fa       0x6a contiki-sky.a(contikimac-fram)
 .text.bootstrap
                0x00007764        0x4 contiki-sky.a(nullsec.o)
 .text.send     0x00007768        0xa contiki-sky.a(nullsec.o)
 .text.on_frame_created
                0x00007772        0x4 contiki-sky.a(nullsec.o)
 .text.input    0x00007776        0x6 contiki-sky.a(nullsec.o)
 .text.get_overhead
                0x0000777c        0x4 contiki-sky.a(nullsec.o)
 .text.spi_init
                0x00007780       0x32 contiki-sky.a(spi.o)
                0x00007780                spi_init
 .text.compower_accumulate
                0x000077b2       0x72 contiki-sky.a(compower.o)
                0x000077b2                compower_accumulate
 .text.compower_clear
                0x00007824       0x12 contiki-sky.a(compower.o)
                0x00007824                compower_clear
 .text.compower_attrconv
                0x00007836       0x10 contiki-sky.a(compower.o)
                0x00007836                compower_attrconv
 .text.memb_init
                0x00007846       0x36 contiki-sky.a(memb.o)
                0x00007846                memb_init
 .text.memb_alloc
                0x0000787c       0x3e contiki-sky.a(memb.o)
                0x0000787c                memb_alloc
 .text.memb_free
                0x000078ba       0x3a contiki-sky.a(memb.o)
                0x000078ba                memb_free
 .text.memb_inmemb
                0x000078f4       0x2e contiki-sky.a(memb.o)
                0x000078f4                memb_inmemb
 .text.abc_open
                0x00007922       0x26 contiki-sky.a(abc.o)
                0x00007922                abc_open
 .text.abc_close
                0x00007948        0x6 contiki-sky.a(abc.o)
                0x00007948                abc_close
 .text.abc_send
                0x0000794e        0x6 contiki-sky.a(abc.o)
                0x0000794e                abc_send
 .text.abc_input
                0x00007954        0xe contiki-sky.a(abc.o)
                0x00007954                abc_input
 .text.abc_sent
                0x00007962       0x10 contiki-sky.a(abc.o)
                0x00007962                abc_sent
 .text.announcement_init
                0x00007972        0xa contiki-sky.a(announcement.o)
                0x00007972                announcement_init
 .text.announcement_register_observer_callback
                0x0000797c        0x6 contiki-sky.a(announcement.o)
                0x0000797c                announcement_register_observer_callback
 .text.announcement_list
                0x00007982        0xa contiki-sky.a(announcement.o)
                0x00007982                announcement_list
 .text.announcement_heard
                0x0000798c       0x42 contiki-sky.a(announcement.o)
                0x0000798c                announcement_heard
 .text.adv_packet_sent
                0x000079ce        0x2 contiki-sky.a(broadcast-annou)
 .text.adv_packet_received
                0x000079d0       0x66 contiki-sky.a(broadcast-annou)
 .text.set_timers
                0x00007a36       0x4a contiki-sky.a(broadcast-annou)
 .text.send_timer
                0x00007a80       0x36 contiki-sky.a(broadcast-annou)
 .text.new_announcement
                0x00007ab6       0x18 contiki-sky.a(broadcast-annou)
 .text.send_adv
                0x00007ace       0x66 contiki-sky.a(broadcast-annou)
 .text.broadcast_announcement_init
                0x00007b34       0x48 contiki-sky.a(broadcast-annou)
                0x00007b34                broadcast_announcement_init
 .text.chameleon_init
                0x00007b7c        0x6 contiki-sky.a(chameleon.o)
                0x00007b7c                chameleon_init
 .text.chameleon_parse
                0x00007b82       0x10 contiki-sky.a(chameleon.o)
                0x00007b82                chameleon_parse
 .text.chameleon_create
                0x00007b92       0x1c contiki-sky.a(chameleon.o)
                0x00007b92                chameleon_create
 .text.chameleon_hdrsize
                0x00007bae        0x6 contiki-sky.a(chameleon.o)
                0x00007bae                chameleon_hdrsize
 .text.parse    0x00007bb4       0x9e contiki-sky.a(framer-802154.o)
 .text.create_frame.isra.0
                0x00007c52      0x104 contiki-sky.a(framer-802154.o)
 .text.create   0x00007d56        0x8 contiki-sky.a(framer-802154.o)
 .text.hdr_length
                0x00007d5e        0x8 contiki-sky.a(framer-802154.o)
 .text.framer_canonical_create_and_secure
                0x00007d66       0x20 contiki-sky.a(framer.o)
                0x00007d66                framer_canonical_create_and_secure
 .text.mac_sequence_is_duplicate
                0x00007d86       0x3c contiki-sky.a(mac-sequence.o)
                0x00007d86                mac_sequence_is_duplicate
 .text.mac_sequence_register_seqno
                0x00007dc2       0x64 contiki-sky.a(mac-sequence.o)
                0x00007dc2                mac_sequence_register_seqno
 .text.header_size
                0x00007e26       0x16 contiki-sky.a(chameleon-bitop)
 .text.get_bits_in_byte
                0x00007e3c       0x3a contiki-sky.a(chameleon-bitop)
                0x00007e3c                get_bits_in_byte
 .text.get_bits
                0x00007e76       0xa4 contiki-sky.a(chameleon-bitop)
                0x00007e76                get_bits
 .text.unpack_header
                0x00007f1a       0xd6 contiki-sky.a(chameleon-bitop)
 .text.set_bits_in_byte
                0x00007ff0       0x2c contiki-sky.a(chameleon-bitop)
                0x00007ff0                set_bits_in_byte
 .text.set_bits
                0x0000801c       0xd2 contiki-sky.a(chameleon-bitop)
                0x0000801c                set_bits
 .text.pack_header
                0x000080ee       0xbc contiki-sky.a(chameleon-bitop)
 .text.field_len
                0x000081aa       0x98 contiki-sky.a(frame802154.o)
 .text.frame802154_hdrlen
                0x00008242       0x2e contiki-sky.a(frame802154.o)
                0x00008242                frame802154_hdrlen
 .text.frame802154_create
                0x00008270      0x146 contiki-sky.a(frame802154.o)
                0x00008270                frame802154_create
 .text.frame802154_parse
                0x000083b6      0x1da contiki-sky.a(frame802154.o)
                0x000083b6                frame802154_parse
 .text.libgcc   0x00008590       0x2c /usr/lib/gcc/msp430/4.6.3/mmpy-16/libgcc.a(_mulsi3.o)
                0x00008590                __mulsi3
 .text.libgcc   0x000085bc       0x22 /usr/lib/gcc/msp430/4.6.3/mmpy-16/libgcc.a(_udivmod16.o)
                0x000085bc                __udivhi3
                0x000085bc                __ext_udivmod16
                0x000085d6                __umodhi3
 .text.libgcc   0x000085de       0x40 /usr/lib/gcc/msp430/4.6.3/mmpy-16/libgcc.a(_udivmod32.o)
                0x000085de                __udivsi3
                0x000085de                __ext_udivmod32
                0x00008614                __umodsi3
 .text          0x0000861e       0x28 /usr/lib/gcc/msp430/4.6.3/../../../../msp430/lib/mmpy-16/libc.a(strncmp.o)
                0x0000861e                strncmp
 .text          0x00008646       0x20 /usr/lib/gcc/msp430/4.6.3/../../../../msp430/lib/mmpy-16/libc.a(memcmp.o)
                0x00008646                memcmp
 .text          0x00008666       0xfa /usr/lib/gcc/msp430/4.6.3/../../../../msp430/lib/mmpy-16/libc.a(memcpy.o)
                0x00008666                memcpy
 .text          0x00008760       0x6a /usr/lib/gcc/msp430/4.6.3/../../../../msp430/lib/mmpy-16/libc.a(memset.o)
                0x00008760                memset
 .text          0x000087ca      0x1b8 /usr/lib/gcc/msp430/4.6.3/../../../../msp430/lib/mmpy-16/libc.a(strtol.o)
                0x000087ca                strtol
 .text          0x00008982       0x1e /usr/lib/gcc/msp430/4.6.3/../../../../msp430/lib/mmpy-16/libc.a(printf.o)
                0x00008982                printf
                0x00008992                vprintf
 .text          0x000089a0       0xbc /usr/lib/gcc/msp430/4.6.3/../../../../msp430/lib/mmpy-16/libc.a(sprintf.o)
                0x000089fe                sprintf
                0x00008a1a                snprintf
                0x00008a34                vsprintf
                0x00008a4a                vsnprintf
 .text          0x00008a5c      0x836 /usr/lib/gcc/msp430/4.6.3/../../../../msp430/lib/mmpy-16/libc.a(vuprintf.o)
                0x00008bf4                vuprintf
 .text          0x00009292       0x2c /usr/lib/gcc/msp430/4.6.3/../../../../msp430/lib/mmpy-16/libc.a(puts.o)
                0x00009292                puts
 .text          0x000092be       0x54 /usr/lib/gcc/msp430/4.6.3/../../../../msp430/lib/mmpy-16/libc.a(rand.o)
                0x000092be                rand_r
                0x000092e2                rand
                0x00009308                srand
 .text.ldiv     0x00009312       0x12 /usr/lib/gcc/msp430/4.6.3/../../../../msp430/lib/mmpy-16/libc.a(ldiv.o)
                0x00009312                ldiv
 .text.libgcc   0x00009324       0x4c /usr/lib/gcc/msp430/4.6.3/mmpy-16/libgcc.a(_divmod32.o)
                0x00009324                __ext_divmod32
                0x00009324                __divsi3
                0x00009366                __modsi3
 .text.libgcc   0x00009370       0xf0 /usr/lib/gcc/msp430/4.6.3/mmpy-16/libgcc.a(_udivmod64.o)
                0x00009370                __xabi_udivmod64
                0x000093ce                __udivdi3
                0x000093f4                __umoddi3
                0x00009422                __udivmoddi4
 .text.crt0     0x00009460        0x2 /usr/lib/gcc/msp430/4.6.3/mmpy-16/libcrt0.a(_unexpected_.o)
                0x00009460                _unexpected_
                0x00009462                . = ALIGN (0x2)

.rodata         0x00009462      0x33e
                0x00009462                . = ALIGN (0x2)
 *(.rodata .rodata.* .gnu.linkonce.r.*)
 .rodata        0x00009462      0x126 rocket_sender.co
                0x00009546                autostart_processes
 .rodata        0x00009588       0xd7 obj_sky/contiki-sky-main.o
 *fill*         0x0000965f        0x1 00
 .rodata        0x00009660       0x10 contiki-sky.a(button-sensor.o)
                0x00009668                button_sensor
 .rodata        0x00009670        0x8 contiki-sky.a(sensors.o)
 .rodata        0x00009678       0x5a contiki-sky.a(cc2420.o)
                0x00009694                cc2420_aes_128_driver
                0x00009698                cc2420_driver
 .rodata        0x000096d2        0xf contiki-sky.a(ctimer.o)
 .rodata        0x000096e1        0xc contiki-sky.a(etimer.o)
 .rodata        0x000096ed        0xe contiki-sky.a(serial-line.o)
 *fill*         0x000096fb        0x1 00
 .rodata        0x000096fc        0x8 contiki-sky.a(broadcast.o)
 .rodata        0x00009704        0xc contiki-sky.a(rime.o)
                0x0000970a                rime_driver
 .rodata        0x00009710       0x2e contiki-sky.a(aloha.o)
                0x00009730                aloha_driver
 .rodata        0x0000973e        0x2 contiki-sky.a(linkaddr.o)
                0x0000973e                linkaddr_null
 .rodata        0x00009740       0x1c contiki-sky.a(contikimac.o)
                0x0000974c                contikimac_driver
 .rodata        0x0000975c        0x8 contiki-sky.a(contikimac-fram)
                0x0000975c                contikimac_framer
 .rodata        0x00009764       0x14 contiki-sky.a(nullsec.o)
                0x0000976c                nullsec_driver
 .rodata        0x00009778        0x2 contiki-sky.a(abc.o)
 .rodata        0x0000977a        0x4 contiki-sky.a(broadcast-annou)
 .rodata        0x0000977e        0x8 contiki-sky.a(framer-802154.o)
                0x0000977e                framer_802154
 .rodata        0x00009786       0x10 contiki-sky.a(chameleon-bitop)
                0x00009786                chameleon_bitopt
 .rodata        0x00009796        0x2 contiki-sky.a(frame802154.o)
 .rodata        0x00009798        0x7 /usr/lib/gcc/msp430/4.6.3/../../../../msp430/lib/mmpy-16/libc.a(vuprintf.o)
                0x000097a0                . = ALIGN (0x2)
 *fill*         0x0000979f        0x1 00
                0x000097a0                _etext = .

.data           0x00001100       0x70 load address 0x000097a0
                0x00001100                . = ALIGN (0x2)
                0x00001100                PROVIDE (__data_start, .)
 *(.data .data.* .gnu.linkonce.d.*)
 .data          0x00001100        0xc rocket_sender.co
                0x00001100                rocket_sender_process
 .data          0x0000110c        0x4 contiki-sky.a(contiki-sky-pla)
                0x0000110c                sensors
 .data          0x00001110        0xa contiki-sky.a(sensors.o)
                0x00001110                sensors_process
 .data          0x0000111a        0xa contiki-sky.a(cc2420.o)
                0x0000111a                cc2420_process
 .data          0x00001124        0x2 contiki-sky.a(msp430.o)
 .data          0x00001126        0xa contiki-sky.a(ctimer.o)
                0x00001126                ctimer_process
 .data          0x00001130        0xa contiki-sky.a(etimer.o)
                0x00001130                etimer_process
 .data          0x0000113a        0xa contiki-sky.a(serial-line.o)
                0x0000113a                serial_line_process
 .data          0x00001144       0x18 contiki-sky.a(aloha.o)
 .data          0x0000115c       0x10 contiki-sky.a(queuebuf.o)
 .data          0x0000116c        0x4 /usr/lib/gcc/msp430/4.6.3/../../../../msp430/lib/mmpy-16/libc.a(rand.o)
                0x00001170                . = ALIGN (0x2)
                0x00001170                _edata = .
                0x000097a0                PROVIDE (__data_load_start, LOADADDR (.data))
                0x00000070                PROVIDE (__data_size, SIZEOF (.data))

.bss            0x00001170     0x1232 load address 0x00009810
                0x00001170                PROVIDE (__bss_start, .)
 *(.bss .bss.*)
 .bss           0x00001170       0x5c rocket_sender.co
 .bss           0x000011cc        0xc obj_sky/contiki-sky-main.o
 .bss           0x000011d8        0x8 contiki-sky.a(button-sensor.o)
 .bss           0x000011e0        0x2 contiki-sky.a(node-id.o)
                0x000011e0                node_id
 .bss           0x000011e2        0x6 contiki-sky.a(sensors.o)
 .bss           0x000011e8        0x8 contiki-sky.a(cc2420.o)
 .bss           0x000011f0       0x9a contiki-sky.a(uart1.o)
 .bss           0x0000128a        0xa contiki-sky.a(clock.o)
 .bss           0x00001294        0x1 contiki-sky.a(leds.o)
 *fill*         0x00001295        0x1 00
 .bss           0x00001296        0x2 contiki-sky.a(watchdog.o)
 .bss           0x00001298        0x4 contiki-sky.a(ctimer.o)
 .bss           0x0000129c        0x6 contiki-sky.a(etimer.o)
 .bss           0x000012a2       0x42 contiki-sky.a(process.o)
                0x000012a2                process_current
                0x000012a4                process_list
 .bss           0x000012e4        0x2 contiki-sky.a(rtimer.o)
 .bss           0x000012e6      0x10a contiki-sky.a(serial-line.o)
 .bss           0x000013f0        0x2 contiki-sky.a(channel.o)
 .bss           0x000013f2        0x2 contiki-sky.a(rime.o)
 .bss           0x000013f4      0x14c contiki-sky.a(aloha.o)
 .bss           0x00001540       0xb8 contiki-sky.a(packetbuf.o)
 .bss           0x000015f8      0xc20 contiki-sky.a(queuebuf.o)
 .bss           0x00002218       0x32 contiki-sky.a(contikimac.o)
 .bss           0x0000224a        0x8 contiki-sky.a(compower.o)
 .bss           0x00002252        0x6 contiki-sky.a(announcement.o)
 .bss           0x00002258       0x46 contiki-sky.a(broadcast-annou)
 .bss           0x0000229e        0x2 contiki-sky.a(framer-802154.o)
 .bss           0x000022a0       0x40 contiki-sky.a(mac-sequence.o)
 .bss           0x000022e0        0x4 /usr/lib/gcc/msp430/4.6.3/../../../../msp430/lib/mmpy-16/libc.a(sprintf.o)
 *(COMMON)
 COMMON         0x000022e4        0x2 contiki-sky.a(contiki-sky-pla)
                0x000022e4                sensors_flags
 COMMON         0x000022e6        0x8 contiki-sky.a(ds2411.o)
                0x000022e6                ds2411_id
 COMMON         0x000022ee        0x1 contiki-sky.a(sensors.o)
                0x000022ee                sensors_event
 *fill*         0x000022ef        0x1 00
 COMMON         0x000022f0       0x10 contiki-sky.a(cc2420.o)
                0x000022f0                cc2420_last_rssi
                0x000022f2                cc2420_sfd_start_time
                0x000022f4                cc2420_time_of_departure
                0x000022f6                cc2420_time_of_arrival
                0x000022f8                cc2420_last_correlation
                0x000022fa                cc2420_authority_level_of_sender
                0x000022fc                cc2420_sfd_counter
                0x000022fe                cc2420_sfd_end_time
 COMMON         0x00002300        0x2 contiki-sky.a(msp430.o)
                0x00002300                msp430_dco_required
 COMMON         0x00002302       0x56 contiki-sky.a(energest.o)
                0x00002302                energest_total_time
                0x00002332                energest_total_count
                0x00002334                energest_current_mode
                0x00002340                energest_current_time
 COMMON         0x00002358        0x1 contiki-sky.a(process.o)
                0x00002358                process_maxevents
 COMMON         0x00002359        0x1 contiki-sky.a(serial-line.o)
                0x00002359                serial_line_event_message
 COMMON         0x0000235a        0x2 contiki-sky.a(linkaddr.o)
                0x0000235a                linkaddr_node_addr
 COMMON         0x0000235c       0x3c contiki-sky.a(packetbuf.o)
                0x0000235c                packetbuf_addrs
                0x00002364                packetbuf_attrs
 COMMON         0x00002398        0x8 contiki-sky.a(compower.o)
                0x00002398                compower_idle_activity
 COMMON         0x000023a0        0x2 /usr/lib/gcc/msp430/4.6.3/../../../../msp430/lib/mmpy-16/libc.a(errno.o)
                0x000023a0                errno
                0x000023a2                . = ALIGN (0x2)
                0x000023a2                PROVIDE (__bss_end, .)
                0x00001232                PROVIDE (__bss_size, SIZEOF (.bss))

.noinit         0x000023a2        0x2 load address 0x00009810
                0x000023a2                PROVIDE (__noinit_start, .)
 *(.noinit .noinit.*)
 .noinit.crt0   0x000023a2        0x2 /usr/lib/gcc/msp430/4.6.3/mmpy-16/libcrt0.a(__watchdog_support.o)
                0x000023a2                __wdt_clear_value
                0x000023a4                . = ALIGN (0x2)
                0x000023a4                PROVIDE (__noinit_end, .)
                0x000023a4                . = ALIGN (0x2)
                0x000023a4                _end = .

.infomem        0x00001000        0x0
 *(.infomem)
                0x00001000                . = ALIGN (0x2)
 *(.infomem.*)

.infomemnobits  0x00001000        0x0
 *(.infomemnobits)
                0x00001000                . = ALIGN (0x2)
 *(.infomemnobits.*)

.infoa
 *(.infoa .infoa.*)

.infob
 *(.infob .infob.*)

.infoc
 *(.infoc .infoc.*)

.infod
 *(.infod .infod.*)

.vectors        0x0000ffe0       0x20
                0x0000ffe0                PROVIDE (__vectors_start, .)
 *(.vectors*)
 .vectors       0x0000ffe0       0x20 /usr/lib/gcc/msp430/4.6.3/mmpy-16/crt0ivtbl16.o
                0x0000ffe0                __ivtbl_16
                0x00010000                _vectors_end = .

.fartext        0x00000000        0x0
                0x00000000                . = ALIGN (0x2)
 *(.fartext)
                0x00000000                . = ALIGN (0x2)
 *(.fartext.*)
                0x00000000                _efartext = .

.profiler
 *(.profiler)

.stab           0x00000000    0x198cc
 *(.stab)
 .stab          0x00000000     0x168c rocket_sender.co
 .stab          0x0000168c     0x1074 obj_sky/contiki-sky-main.o
                               0x17ac (size before relaxing)
 .stab          0x00002700      0x264 contiki-sky.a(contiki-sky-pla)
                                0x5b8 (size before relaxing)
 .stab          0x00002964      0x468 contiki-sky.a(button-sensor.o)
                                0x7d4 (size before relaxing)
 .stab          0x00002dcc      0x624 contiki-sky.a(ds2411.o)
                                0xb40 (size before relaxing)
 .stab          0x000033f0      0xa38 contiki-sky.a(xmem.o)
                                0xf60 (size before relaxing)
 .stab          0x00003e28      0x2b8 contiki-sky.a(node-id.o)
                                0x4e0 (size before relaxing)
 .stab          0x000040e0      0x654 contiki-sky.a(sensors.o)
                                0xb70 (size before relaxing)
 .stab          0x00004734     0x234c contiki-sky.a(cc2420.o)
                               0x2cc4 (size before relaxing)
 .stab          0x00006a80      0x9d8 contiki-sky.a(cc2420-arch.o)
                               0x1404 (size before relaxing)
 .stab          0x00007458      0x60c contiki-sky.a(uart1.o)
                                0x960 (size before relaxing)
 .stab          0x00007a64      0x27c contiki-sky.a(uart1-putchar.o)
                                0x7bc (size before relaxing)
 .stab          0x00007ce0      0x744 contiki-sky.a(msp430.o)
                                0xa98 (size before relaxing)
 .stab          0x00008424      0x948 contiki-sky.a(clock.o)
                                0xc9c (size before relaxing)
 .stab          0x00008d6c      0x5dc contiki-sky.a(leds.o)
                                0x828 (size before relaxing)
 .stab          0x00009348      0x3a8 contiki-sky.a(leds-arch.o)
                                0x6fc (size before relaxing)
 .stab          0x000096f0      0x3fc contiki-sky.a(watchdog.o)
                                0x750 (size before relaxing)
 .stab          0x00009aec      0x3cc contiki-sky.a(rtimer-arch.o)
                                0x720 (size before relaxing)
 .stab          0x00009eb8      0x294 contiki-sky.a(autostart.o)
                                0x534 (size before relaxing)
 .stab          0x0000a14c      0x7a4 contiki-sky.a(ctimer.o)
                                0xb10 (size before relaxing)
 .stab          0x0000a8f0      0x474 contiki-sky.a(energest.o)
                                0x6fc (size before relaxing)
 .stab          0x0000ad64      0xa38 contiki-sky.a(etimer.o)
                                0xd08 (size before relaxing)
 .stab          0x0000b79c      0xb7c contiki-sky.a(process.o)
                               0x1014 (size before relaxing)
 .stab          0x0000c318      0x3d8 contiki-sky.a(rtimer.o)
                                0x6c0 (size before relaxing)
 .stab          0x0000c6f0      0x354 contiki-sky.a(timer.o)
                                0x594 (size before relaxing)
 .stab          0x0000ca44      0x534 contiki-sky.a(serial-line.o)
                                0xa50 (size before relaxing)
 .stab          0x0000cf78      0x7f8 contiki-sky.a(list.o)
                                0x804 (size before relaxing)
 .stab          0x0000d770      0x228 contiki-sky.a(random.o)
                                0x624 (size before relaxing)
 .stab          0x0000d998      0x3fc contiki-sky.a(ringbuf.o)
                                0x63c (size before relaxing)
 .stab          0x0000dd94      0x6d8 contiki-sky.a(broadcast.o)
                               0x150c (size before relaxing)
 .stab          0x0000e46c      0x678 contiki-sky.a(channel.o)
                               0x129c (size before relaxing)
 .stab          0x0000eae4      0xcd8 contiki-sky.a(rime.o)
                               0x141c (size before relaxing)
 .stab          0x0000f7bc      0xde0 contiki-sky.a(aloha.o)
                               0x1530 (size before relaxing)
 .stab          0x0001059c      0x1f8 contiki-sky.a(mac.o)
                                0x4ec (size before relaxing)
 .stab          0x00010794      0x2c4 contiki-sky.a(linkaddr.o)
                                0x6c0 (size before relaxing)
 .stab          0x00010a58      0xda4 contiki-sky.a(packetbuf.o)
                               0x1bf0 (size before relaxing)
 .stab          0x000117fc      0xa5c contiki-sky.a(queuebuf.o)
                               0x1890 (size before relaxing)
 .stab          0x00012258     0x16ec contiki-sky.a(contikimac.o)
                               0x22f8 (size before relaxing)
 .stab          0x00013944      0x6e4 contiki-sky.a(contikimac-fram)
                                0xf24 (size before relaxing)
 .stab          0x00014028      0x6a8 contiki-sky.a(nullsec.o)
                                0xda4 (size before relaxing)
 .stab          0x000146d0      0x204 contiki-sky.a(spi.o)
                                0x42c (size before relaxing)
 .stab          0x000148d4      0x51c contiki-sky.a(compower.o)
                                0xd20 (size before relaxing)
 .stab          0x00014df0      0x5c4 contiki-sky.a(memb.o)
                                0xaf8 (size before relaxing)
 .stab          0x000153b4      0x66c contiki-sky.a(abc.o)
                               0x14a0 (size before relaxing)
 .stab          0x00015a20      0x6e4 contiki-sky.a(announcement.o)
                                0x984 (size before relaxing)
 .stab          0x00016104      0x948 contiki-sky.a(broadcast-annou)
                               0x15c0 (size before relaxing)
 .stab          0x00016a4c      0x594 contiki-sky.a(chameleon.o)
                               0x123c (size before relaxing)
 .stab          0x00016fe0      0x930 contiki-sky.a(framer-802154.o)
                                0xf6c (size before relaxing)
 .stab          0x00017910      0x318 contiki-sky.a(framer.o)
                                0xc54 (size before relaxing)
 .stab          0x00017c28      0x600 contiki-sky.a(mac-sequence.o)
                               0x144c (size before relaxing)
 .stab          0x00018228      0xd80 contiki-sky.a(chameleon-bitop)
                               0x19f8 (size before relaxing)
 .stab          0x00018fa8      0x924 contiki-sky.a(frame802154.o)
                               0x10f8 (size before relaxing)

.stabstr        0x00000000    0x1634d
 *(.stabstr)
 .stabstr       0x00000000    0x1634d rocket_sender.co

.stab.excl
 *(.stab.excl)

.stab.exclstr
 *(.stab.exclstr)

.stab.index
 *(.stab.index)

.stab.indexstr
 *(.stab.indexstr)

.comment
 *(.comment)

.debug
 *(.debug)

.line
 *(.line)

.debug_srcinfo
 *(.debug_srcinfo)

.debug_sfnames
 *(.debug_sfnames)

.debug_aranges  0x00000000      0x1a4
 *(.debug_aranges)
 .debug_aranges
                0x00000000       0x14 /usr/lib/gcc/msp430/4.6.3/mmpy-16/libgcc.a(_mulsi3.o)
 .debug_aranges
                0x00000014       0x14 /usr/lib/gcc/msp430/4.6.3/mmpy-16/libgcc.a(_udivmod16.o)
 .debug_aranges
                0x00000028       0x14 /usr/lib/gcc/msp430/4.6.3/mmpy-16/libgcc.a(_udivmod32.o)
 .debug_aranges
                0x0000003c       0x14 /usr/lib/gcc/msp430/4.6.3/../../../../msp430/lib/mmpy-16/libc.a(strncmp.o)
 .debug_aranges
                0x00000050       0x14 /usr/lib/gcc/msp430/4.6.3/../../../../msp430/lib/mmpy-16/libc.a(memcmp.o)
 .debug_aranges
                0x00000064       0x14 /usr/lib/gcc/msp430/4.6.3/../../../../msp430/lib/mmpy-16/libc.a(memcpy.o)
 .debug_aranges
                0x00000078       0x14 /usr/lib/gcc/msp430/4.6.3/../../../../msp430/lib/mmpy-16/libc.a(memset.o)
 .debug_aranges
                0x0000008c       0x14 /usr/lib/gcc/msp430/4.6.3/../../../../msp430/lib/mmpy-16/libc.a(strtol.o)
 .debug_aranges
                0x000000a0       0x14 /usr/lib/gcc/msp430/4.6.3/../../../../msp430/lib/mmpy-16/libc.a(printf.o)
 .debug_aranges
                0x000000b4       0x14 /usr/lib/gcc/msp430/4.6.3/../../../../msp430/lib/mmpy-16/libc.a(sprintf.o)
 .debug_aranges
                0x000000c8       0x14 /usr/lib/gcc/msp430/4.6.3/../../../../msp430/lib/mmpy-16/libc.a(vuprintf.o)
 .debug_aranges
                0x000000dc       0x14 /usr/lib/gcc/msp430/4.6.3/../../../../msp430/lib/mmpy-16/libc.a(puts.o)
 .debug_aranges
                0x000000f0       0x14 /usr/lib/gcc/msp430/4.6.3/../../../../msp430/lib/mmpy-16/libc.a(rand.o)
 .debug_aranges
                0x00000104       0x14 /usr/lib/gcc/msp430/4.6.3/mmpy-16/libgcc.a(_divmod32.o)
 .debug_aranges
                0x00000118       0x14 /usr/lib/gcc/msp430/4.6.3/mmpy-16/libgcc.a(_udivmod64.o)
 .debug_aranges
                0x0000012c       0x14 /usr/lib/gcc/msp430/4.6.3/mmpy-16/libcrt0.a(__watchdog_support.o)
 .debug_aranges
                0x00000140       0x14 /usr/lib/gcc/msp430/4.6.3/mmpy-16/libcrt0.a(__init_stack.o)
 .debug_aranges
                0x00000154       0x14 /usr/lib/gcc/msp430/4.6.3/mmpy-16/libcrt0.a(_copy_data.o)
 .debug_aranges
                0x00000168       0x14 /usr/lib/gcc/msp430/4.6.3/mmpy-16/libcrt0.a(_clear_bss.o)
 .debug_aranges
                0x0000017c       0x14 /usr/lib/gcc/msp430/4.6.3/mmpy-16/libcrt0.a(_endless_loop__.o)
 .debug_aranges
                0x00000190       0x14 /usr/lib/gcc/msp430/4.6.3/mmpy-16/libcrt0.a(_unexpected_.o)

.debug_pubnames
 *(.debug_pubnames)

.debug_info     0x00000000     0x18f8
 *(.debug_info)
 .debug_info    0x00000000       0xd6 /usr/lib/gcc/msp430/4.6.3/mmpy-16/libgcc.a(_mulsi3.o)
 .debug_info    0x000000d6       0xd6 /usr/lib/gcc/msp430/4.6.3/mmpy-16/libgcc.a(_udivmod16.o)
 .debug_info    0x000001ac       0xd6 /usr/lib/gcc/msp430/4.6.3/mmpy-16/libgcc.a(_udivmod32.o)
 .debug_info    0x00000282       0xbb /usr/lib/gcc/msp430/4.6.3/../../../../msp430/lib/mmpy-16/libc.a(strncmp.o)
 .debug_info    0x0000033d       0xe8 /usr/lib/gcc/msp430/4.6.3/../../../../msp430/lib/mmpy-16/libc.a(memcmp.o)
 .debug_info    0x00000425      0x113 /usr/lib/gcc/msp430/4.6.3/../../../../msp430/lib/mmpy-16/libc.a(memcpy.o)
 .debug_info    0x00000538       0xfe /usr/lib/gcc/msp430/4.6.3/../../../../msp430/lib/mmpy-16/libc.a(memset.o)
 .debug_info    0x00000636      0x1d7 /usr/lib/gcc/msp430/4.6.3/../../../../msp430/lib/mmpy-16/libc.a(strtol.o)
 .debug_info    0x0000080d      0x105 /usr/lib/gcc/msp430/4.6.3/../../../../msp430/lib/mmpy-16/libc.a(printf.o)
 .debug_info    0x00000912      0x277 /usr/lib/gcc/msp430/4.6.3/../../../../msp430/lib/mmpy-16/libc.a(sprintf.o)
 .debug_info    0x00000b89      0x565 /usr/lib/gcc/msp430/4.6.3/../../../../msp430/lib/mmpy-16/libc.a(vuprintf.o)
 .debug_info    0x000010ee       0x96 /usr/lib/gcc/msp430/4.6.3/../../../../msp430/lib/mmpy-16/libc.a(puts.o)
 .debug_info    0x00001184      0x13f /usr/lib/gcc/msp430/4.6.3/../../../../msp430/lib/mmpy-16/libc.a(rand.o)
 .debug_info    0x000012c3       0x39 /usr/lib/gcc/msp430/4.6.3/../../../../msp430/lib/mmpy-16/libc.a(errno.o)
 .debug_info    0x000012fc       0xd6 /usr/lib/gcc/msp430/4.6.3/mmpy-16/libgcc.a(_divmod32.o)
 .debug_info    0x000013d2       0xd6 /usr/lib/gcc/msp430/4.6.3/mmpy-16/libgcc.a(_udivmod64.o)
 .debug_info    0x000014a8       0xb8 /usr/lib/gcc/msp430/4.6.3/mmpy-16/libcrt0.a(__watchdog_support.o)
 .debug_info    0x00001560       0xb8 /usr/lib/gcc/msp430/4.6.3/mmpy-16/libcrt0.a(__init_stack.o)
 .debug_info    0x00001618       0xb8 /usr/lib/gcc/msp430/4.6.3/mmpy-16/libcrt0.a(_copy_data.o)
 .debug_info    0x000016d0       0xb8 /usr/lib/gcc/msp430/4.6.3/mmpy-16/libcrt0.a(_clear_bss.o)
 .debug_info    0x00001788       0xb8 /usr/lib/gcc/msp430/4.6.3/mmpy-16/libcrt0.a(_endless_loop__.o)
 .debug_info    0x00001840       0xb8 /usr/lib/gcc/msp430/4.6.3/mmpy-16/libcrt0.a(_unexpected_.o)
 *(.gnu.linkonce.wi.*)

.debug_abbrev   0x00000000      0x97c
 *(.debug_abbrev)
 .debug_abbrev  0x00000000       0x14 /usr/lib/gcc/msp430/4.6.3/mmpy-16/libgcc.a(_mulsi3.o)
 .debug_abbrev  0x00000014       0x14 /usr/lib/gcc/msp430/4.6.3/mmpy-16/libgcc.a(_udivmod16.o)
 .debug_abbrev  0x00000028       0x14 /usr/lib/gcc/msp430/4.6.3/mmpy-16/libgcc.a(_udivmod32.o)
 .debug_abbrev  0x0000003c       0x7c /usr/lib/gcc/msp430/4.6.3/../../../../msp430/lib/mmpy-16/libc.a(strncmp.o)
 .debug_abbrev  0x000000b8       0x9b /usr/lib/gcc/msp430/4.6.3/../../../../msp430/lib/mmpy-16/libc.a(memcmp.o)
 .debug_abbrev  0x00000153       0x97 /usr/lib/gcc/msp430/4.6.3/../../../../msp430/lib/mmpy-16/libc.a(memcpy.o)
 .debug_abbrev  0x000001ea       0x9c /usr/lib/gcc/msp430/4.6.3/../../../../msp430/lib/mmpy-16/libc.a(memset.o)
 .debug_abbrev  0x00000286      0x112 /usr/lib/gcc/msp430/4.6.3/../../../../msp430/lib/mmpy-16/libc.a(strtol.o)
 .debug_abbrev  0x00000398       0xd0 /usr/lib/gcc/msp430/4.6.3/../../../../msp430/lib/mmpy-16/libc.a(printf.o)
 .debug_abbrev  0x00000468      0x105 /usr/lib/gcc/msp430/4.6.3/../../../../msp430/lib/mmpy-16/libc.a(sprintf.o)
 .debug_abbrev  0x0000056d      0x1ef /usr/lib/gcc/msp430/4.6.3/../../../../msp430/lib/mmpy-16/libc.a(vuprintf.o)
 .debug_abbrev  0x0000075c       0x60 /usr/lib/gcc/msp430/4.6.3/../../../../msp430/lib/mmpy-16/libc.a(puts.o)
 .debug_abbrev  0x000007bc       0xf0 /usr/lib/gcc/msp430/4.6.3/../../../../msp430/lib/mmpy-16/libc.a(rand.o)
 .debug_abbrev  0x000008ac       0x30 /usr/lib/gcc/msp430/4.6.3/../../../../msp430/lib/mmpy-16/libc.a(errno.o)
 .debug_abbrev  0x000008dc       0x14 /usr/lib/gcc/msp430/4.6.3/mmpy-16/libgcc.a(_divmod32.o)
 .debug_abbrev  0x000008f0       0x14 /usr/lib/gcc/msp430/4.6.3/mmpy-16/libgcc.a(_udivmod64.o)
 .debug_abbrev  0x00000904       0x14 /usr/lib/gcc/msp430/4.6.3/mmpy-16/libcrt0.a(__watchdog_support.o)
 .debug_abbrev  0x00000918       0x14 /usr/lib/gcc/msp430/4.6.3/mmpy-16/libcrt0.a(__init_stack.o)
 .debug_abbrev  0x0000092c       0x14 /usr/lib/gcc/msp430/4.6.3/mmpy-16/libcrt0.a(_copy_data.o)
 .debug_abbrev  0x00000940       0x14 /usr/lib/gcc/msp430/4.6.3/mmpy-16/libcrt0.a(_clear_bss.o)
 .debug_abbrev  0x00000954       0x14 /usr/lib/gcc/msp430/4.6.3/mmpy-16/libcrt0.a(_endless_loop__.o)
 .debug_abbrev  0x00000968       0x14 /usr/lib/gcc/msp430/4.6.3/mmpy-16/libcrt0.a(_unexpected_.o)

.debug_line     0x00000000      0xef7
 *(.debug_line)
 .debug_line    0x00000000       0xa3 /usr/lib/gcc/msp430/4.6.3/mmpy-16/libgcc.a(_mulsi3.o)
 .debug_line    0x000000a3       0x9c /usr/lib/gcc/msp430/4.6.3/mmpy-16/libgcc.a(_udivmod16.o)
 .debug_line    0x0000013f       0xab /usr/lib/gcc/msp430/4.6.3/mmpy-16/libgcc.a(_udivmod32.o)
 .debug_line    0x000001ea       0x75 /usr/lib/gcc/msp430/4.6.3/../../../../msp430/lib/mmpy-16/libc.a(strncmp.o)
 .debug_line    0x0000025f       0x73 /usr/lib/gcc/msp430/4.6.3/../../../../msp430/lib/mmpy-16/libc.a(memcmp.o)
 .debug_line    0x000002d2       0xe9 /usr/lib/gcc/msp430/4.6.3/../../../../msp430/lib/mmpy-16/libc.a(memcpy.o)
 .debug_line    0x000003bb       0xc8 /usr/lib/gcc/msp430/4.6.3/../../../../msp430/lib/mmpy-16/libc.a(memset.o)
 .debug_line    0x00000483      0x10b /usr/lib/gcc/msp430/4.6.3/../../../../msp430/lib/mmpy-16/libc.a(strtol.o)
 .debug_line    0x0000058e       0x72 /usr/lib/gcc/msp430/4.6.3/../../../../msp430/lib/mmpy-16/libc.a(printf.o)
 .debug_line    0x00000600       0x9c /usr/lib/gcc/msp430/4.6.3/../../../../msp430/lib/mmpy-16/libc.a(sprintf.o)
 .debug_line    0x0000069c      0x2d2 /usr/lib/gcc/msp430/4.6.3/../../../../msp430/lib/mmpy-16/libc.a(vuprintf.o)
 .debug_line    0x0000096e       0x4d /usr/lib/gcc/msp430/4.6.3/../../../../msp430/lib/mmpy-16/libc.a(puts.o)
 .debug_line    0x000009bb       0x4f /usr/lib/gcc/msp430/4.6.3/../../../../msp430/lib/mmpy-16/libc.a(rand.o)
 .debug_line    0x00000a0a       0x31 /usr/lib/gcc/msp430/4.6.3/../../../../msp430/lib/mmpy-16/libc.a(errno.o)
 .debug_line    0x00000a3b       0xb0 /usr/lib/gcc/msp430/4.6.3/mmpy-16/libgcc.a(_divmod32.o)
 .debug_line    0x00000aeb       0xf1 /usr/lib/gcc/msp430/4.6.3/mmpy-16/libgcc.a(_udivmod64.o)
 .debug_line    0x00000bdc       0x84 /usr/lib/gcc/msp430/4.6.3/mmpy-16/libcrt0.a(__watchdog_support.o)
 .debug_line    0x00000c60       0x82 /usr/lib/gcc/msp430/4.6.3/mmpy-16/libcrt0.a(__init_stack.o)
 .debug_line    0x00000ce2       0x88 /usr/lib/gcc/msp430/4.6.3/mmpy-16/libcrt0.a(_copy_data.o)
 .debug_line    0x00000d6a       0x88 /usr/lib/gcc/msp430/4.6.3/mmpy-16/libcrt0.a(_clear_bss.o)
 .debug_line    0x00000df2       0x83 /usr/lib/gcc/msp430/4.6.3/mmpy-16/libcrt0.a(_endless_loop__.o)
 .debug_line    0x00000e75       0x82 /usr/lib/gcc/msp430/4.6.3/mmpy-16/libcrt0.a(_unexpected_.o)

.debug_frame    0x00000000      0x29e
 *(.debug_frame)
 .debug_frame   0x00000000       0x24 /usr/lib/gcc/msp430/4.6.3/../../../../msp430/lib/mmpy-16/libc.a(strncmp.o)
 .debug_frame   0x00000024       0x24 /usr/lib/gcc/msp430/4.6.3/../../../../msp430/lib/mmpy-16/libc.a(memcmp.o)
 .debug_frame   0x00000048       0x38 /usr/lib/gcc/msp430/4.6.3/../../../../msp430/lib/mmpy-16/libc.a(memcpy.o)
 .debug_frame   0x00000080       0x32 /usr/lib/gcc/msp430/4.6.3/../../../../msp430/lib/mmpy-16/libc.a(memset.o)
 .debug_frame   0x000000b2       0x4a /usr/lib/gcc/msp430/4.6.3/../../../../msp430/lib/mmpy-16/libc.a(strtol.o)
 .debug_frame   0x000000fc       0x2a /usr/lib/gcc/msp430/4.6.3/../../../../msp430/lib/mmpy-16/libc.a(printf.o)
 .debug_frame   0x00000126       0x68 /usr/lib/gcc/msp430/4.6.3/../../../../msp430/lib/mmpy-16/libc.a(sprintf.o)
 .debug_frame   0x0000018e       0xb0 /usr/lib/gcc/msp430/4.6.3/../../../../msp430/lib/mmpy-16/libc.a(vuprintf.o)
 .debug_frame   0x0000023e       0x24 /usr/lib/gcc/msp430/4.6.3/../../../../msp430/lib/mmpy-16/libc.a(puts.o)
 .debug_frame   0x00000262       0x3c /usr/lib/gcc/msp430/4.6.3/../../../../msp430/lib/mmpy-16/libc.a(rand.o)

.debug_str      0x00000000      0x4a6
 *(.debug_str)
 .debug_str     0x00000000       0xc4 /usr/lib/gcc/msp430/4.6.3/../../../../msp430/lib/mmpy-16/libc.a(strncmp.o)
                                 0xfd (size before relaxing)
 .debug_str     0x000000c4       0x19 /usr/lib/gcc/msp430/4.6.3/../../../../msp430/lib/mmpy-16/libc.a(memcmp.o)
                                 0xfb (size before relaxing)
 .debug_str     0x000000dd       0x34 /usr/lib/gcc/msp430/4.6.3/../../../../msp430/lib/mmpy-16/libc.a(memcpy.o)
                                0x116 (size before relaxing)
 .debug_str     0x00000111       0x26 /usr/lib/gcc/msp430/4.6.3/../../../../msp430/lib/mmpy-16/libc.a(memset.o)
                                0x114 (size before relaxing)
 .debug_str     0x00000137       0x54 /usr/lib/gcc/msp430/4.6.3/../../../../msp430/lib/mmpy-16/libc.a(strtol.o)
                                0x12f (size before relaxing)
 .debug_str     0x0000018b       0x40 /usr/lib/gcc/msp430/4.6.3/../../../../msp430/lib/mmpy-16/libc.a(printf.o)
                                0x12a (size before relaxing)
 .debug_str     0x000001cb       0x6e /usr/lib/gcc/msp430/4.6.3/../../../../msp430/lib/mmpy-16/libc.a(sprintf.o)
                                0x18f (size before relaxing)
 .debug_str     0x00000239      0x218 /usr/lib/gcc/msp430/4.6.3/../../../../msp430/lib/mmpy-16/libc.a(vuprintf.o)
                                0x375 (size before relaxing)
 .debug_str     0x00000451       0x15 /usr/lib/gcc/msp430/4.6.3/../../../../msp430/lib/mmpy-16/libc.a(puts.o)
                                 0xf0 (size before relaxing)
 .debug_str     0x00000466       0x2f /usr/lib/gcc/msp430/4.6.3/../../../../msp430/lib/mmpy-16/libc.a(rand.o)
                                0x10f (size before relaxing)
 .debug_str     0x00000495       0x11 /usr/lib/gcc/msp430/4.6.3/../../../../msp430/lib/mmpy-16/libc.a(errno.o)
                                 0x73 (size before relaxing)

.debug_loc      0x00000000      0xdd4
 *(.debug_loc)
 .debug_loc     0x00000000       0x38 /usr/lib/gcc/msp430/4.6.3/../../../../msp430/lib/mmpy-16/libc.a(strncmp.o)
 .debug_loc     0x00000038       0x5e /usr/lib/gcc/msp430/4.6.3/../../../../msp430/lib/mmpy-16/libc.a(memcmp.o)
 .debug_loc     0x00000096      0x1e9 /usr/lib/gcc/msp430/4.6.3/../../../../msp430/lib/mmpy-16/libc.a(memcpy.o)
 .debug_loc     0x0000027f       0xdb /usr/lib/gcc/msp430/4.6.3/../../../../msp430/lib/mmpy-16/libc.a(memset.o)
 .debug_loc     0x0000035a      0x1f6 /usr/lib/gcc/msp430/4.6.3/../../../../msp430/lib/mmpy-16/libc.a(strtol.o)
 .debug_loc     0x00000550       0x38 /usr/lib/gcc/msp430/4.6.3/../../../../msp430/lib/mmpy-16/libc.a(printf.o)
 .debug_loc     0x00000588       0xeb /usr/lib/gcc/msp430/4.6.3/../../../../msp430/lib/mmpy-16/libc.a(sprintf.o)
 .debug_loc     0x00000673      0x70c /usr/lib/gcc/msp430/4.6.3/../../../../msp430/lib/mmpy-16/libc.a(vuprintf.o)
 .debug_loc     0x00000d7f       0x26 /usr/lib/gcc/msp430/4.6.3/../../../../msp430/lib/mmpy-16/libc.a(puts.o)
 .debug_loc     0x00000da5       0x2f /usr/lib/gcc/msp430/4.6.3/../../../../msp430/lib/mmpy-16/libc.a(rand.o)

.debug_macinfo
 *(.debug_macinfo)

.debug_pubtypes
 *(.debug_pubtypes)

.debug_ranges   0x00000000       0x18
 *(.debug_ranges)
 .debug_ranges  0x00000000       0x18 /usr/lib/gcc/msp430/4.6.3/../../../../msp430/lib/mmpy-16/libc.a(vuprintf.o)
                0x00003900                PROVIDE (__stack, (ORIGIN (ram) + 0x2800))
                0x000097a0                PROVIDE (__data_start_rom, _etext)
                0x00009810                PROVIDE (__data_end_rom, (_etext + SIZEOF (.data)))
OUTPUT(rocket_sender.sky elf32-msp430)
